Archive member included to satisfy reference by file (symbol)

../slprj/ert/PTHS/PTHS_rtwlib.lib(PTHS.o)
                              Assignment2_4.o (PTHS_Init)
../slprj/ert/PTHS/PTHS_rtwlib.lib(MW_PWM.o)
                              ../slprj/ert/PTHS/PTHS_rtwlib.lib(PTHS.o) (MW_PWM_Open)
../slprj/ert/PTHS/PTHS_rtwlib.lib(MW_digitalIO.o)
                              ../slprj/ert/PTHS/PTHS_rtwlib.lib(PTHS.o) (MW_digitalIO_open)
C:/Users/iceca/Documents/Pacemaker/Assignment1/Simulink/slprj/ert/_sharedutils/rtwshared.lib(rt_nonfinite.o)
                              Assignment2_4.o (rt_InitInfAndNaN)
C:/Users/iceca/Documents/Pacemaker/Assignment1/Simulink/slprj/ert/_sharedutils/rtwshared.lib(rtGetInf.o)
                              C:/Users/iceca/Documents/Pacemaker/Assignment1/Simulink/slprj/ert/_sharedutils/rtwshared.lib(rt_nonfinite.o) (rtGetInf)
C:/Users/iceca/Documents/Pacemaker/Assignment1/Simulink/slprj/ert/_sharedutils/rtwshared.lib(rtGetNaN.o)
                              C:/Users/iceca/Documents/Pacemaker/Assignment1/Simulink/slprj/ert/_sharedutils/rtwshared.lib(rt_nonfinite.o) (rtGetNaN)
C:/ProgramData/MATLAB/SupportPackages/R2020a/3P.instrset/cmsis.instrset/CMSIS/RTOS/RTX/LIB/GCC/libRTX_CM4.a(rt_cmsis.o)
                              RTX_Conf_CM.o (osKernelInitialize)
C:/ProgramData/MATLAB/SupportPackages/R2020a/3P.instrset/cmsis.instrset/CMSIS/RTOS/RTX/LIB/GCC/libRTX_CM4.a(hal_cm.o)
                              C:/ProgramData/MATLAB/SupportPackages/R2020a/3P.instrset/cmsis.instrset/CMSIS/RTOS/RTX/LIB/GCC/libRTX_CM4.a(rt_cmsis.o) (rt_ret_val)
C:/ProgramData/MATLAB/SupportPackages/R2020a/3P.instrset/cmsis.instrset/CMSIS/RTOS/RTX/LIB/GCC/libRTX_CM4.a(rt_memory.o)
                              C:/ProgramData/MATLAB/SupportPackages/R2020a/3P.instrset/cmsis.instrset/CMSIS/RTOS/RTX/LIB/GCC/libRTX_CM4.a(rt_cmsis.o) (rt_init_mem)
C:/ProgramData/MATLAB/SupportPackages/R2020a/3P.instrset/cmsis.instrset/CMSIS/RTOS/RTX/LIB/GCC/libRTX_CM4.a(rt_membox.o)
                              C:/ProgramData/MATLAB/SupportPackages/R2020a/3P.instrset/cmsis.instrset/CMSIS/RTOS/RTX/LIB/GCC/libRTX_CM4.a(rt_cmsis.o) (_init_box)
C:/ProgramData/MATLAB/SupportPackages/R2020a/3P.instrset/cmsis.instrset/CMSIS/RTOS/RTX/LIB/GCC/libRTX_CM4.a(rt_mutex.o)
                              C:/ProgramData/MATLAB/SupportPackages/R2020a/3P.instrset/cmsis.instrset/CMSIS/RTOS/RTX/LIB/GCC/libRTX_CM4.a(rt_cmsis.o) (rt_mut_init)
C:/ProgramData/MATLAB/SupportPackages/R2020a/3P.instrset/cmsis.instrset/CMSIS/RTOS/RTX/LIB/GCC/libRTX_CM4.a(rt_time.o)
                              C:/ProgramData/MATLAB/SupportPackages/R2020a/3P.instrset/cmsis.instrset/CMSIS/RTOS/RTX/LIB/GCC/libRTX_CM4.a(rt_cmsis.o) (os_time)
C:/ProgramData/MATLAB/SupportPackages/R2020a/3P.instrset/cmsis.instrset/CMSIS/RTOS/RTX/LIB/GCC/libRTX_CM4.a(rt_semaphore.o)
                              C:/ProgramData/MATLAB/SupportPackages/R2020a/3P.instrset/cmsis.instrset/CMSIS/RTOS/RTX/LIB/GCC/libRTX_CM4.a(rt_cmsis.o) (rt_sem_init)
C:/ProgramData/MATLAB/SupportPackages/R2020a/3P.instrset/cmsis.instrset/CMSIS/RTOS/RTX/LIB/GCC/libRTX_CM4.a(rt_mailbox.o)
                              C:/ProgramData/MATLAB/SupportPackages/R2020a/3P.instrset/cmsis.instrset/CMSIS/RTOS/RTX/LIB/GCC/libRTX_CM4.a(rt_cmsis.o) (rt_mbx_init)
C:/ProgramData/MATLAB/SupportPackages/R2020a/3P.instrset/cmsis.instrset/CMSIS/RTOS/RTX/LIB/GCC/libRTX_CM4.a(rt_list.o)
                              C:/ProgramData/MATLAB/SupportPackages/R2020a/3P.instrset/cmsis.instrset/CMSIS/RTOS/RTX/LIB/GCC/libRTX_CM4.a(rt_cmsis.o) (rt_put_prio)
C:/ProgramData/MATLAB/SupportPackages/R2020a/3P.instrset/cmsis.instrset/CMSIS/RTOS/RTX/LIB/GCC/libRTX_CM4.a(rt_event.o)
                              C:/ProgramData/MATLAB/SupportPackages/R2020a/3P.instrset/cmsis.instrset/CMSIS/RTOS/RTX/LIB/GCC/libRTX_CM4.a(rt_cmsis.o) (rt_evt_wait)
C:/ProgramData/MATLAB/SupportPackages/R2020a/3P.instrset/cmsis.instrset/CMSIS/RTOS/RTX/LIB/GCC/libRTX_CM4.a(rt_system.o)
                              C:/ProgramData/MATLAB/SupportPackages/R2020a/3P.instrset/cmsis.instrset/CMSIS/RTOS/RTX/LIB/GCC/libRTX_CM4.a(rt_cmsis.o) (rt_suspend)
C:/ProgramData/MATLAB/SupportPackages/R2020a/3P.instrset/cmsis.instrset/CMSIS/RTOS/RTX/LIB/GCC/libRTX_CM4.a(rt_task.o)
                              C:/ProgramData/MATLAB/SupportPackages/R2020a/3P.instrset/cmsis.instrset/CMSIS/RTOS/RTX/LIB/GCC/libRTX_CM4.a(rt_system.o) (rt_switch_req)
C:/ProgramData/MATLAB/SupportPackages/R2020a/3P.instrset/cmsis.instrset/CMSIS/RTOS/RTX/LIB/GCC/libRTX_CM4.a(hal_cm4.o)
                              C:/ProgramData/MATLAB/SupportPackages/R2020a/3P.instrset/cmsis.instrset/CMSIS/RTOS/RTX/LIB/GCC/libRTX_CM4.a(rt_task.o) (rt_get_PSP)
C:/ProgramData/MATLAB/SupportPackages/R2020a/3P.instrset/cmsis.instrset/CMSIS/RTOS/RTX/LIB/GCC/libRTX_CM4.a(svc_table.o)
                              C:/ProgramData/MATLAB/SupportPackages/R2020a/3P.instrset/cmsis.instrset/CMSIS/RTOS/RTX/LIB/GCC/libRTX_CM4.a(hal_cm4.o) (SVC_Table)
[...]
Memory Configuration

Name             Origin             Length             Attributes
m_interrupts     0x00000000         0x00000400         xr
m_flash_config   0x00000400         0x00000010         xr
m_text           0x00000410         0x000ffbf0         xr
m_data_2         0x1fff0000         0x00010000         rw
m_data           0x20000000         0x00030000         rw
*default*        0x00000000         0xffffffff

Linker script and memory map

LOAD c:/progra~3/matlab/suppor~1/r2020a/3p778c~1.ins/gnuarm~1.ins/win/bin/../lib/gcc/arm-none-eabi/7.2.1/thumb/v7e-m/fpv4-sp/hard/crti.o
LOAD c:/progra~3/matlab/suppor~1/r2020a/3p778c~1.ins/gnuarm~1.ins/win/bin/../lib/gcc/arm-none-eabi/7.2.1/thumb/v7e-m/fpv4-sp/hard/crtbegin.o
LOAD c:/progra~3/matlab/suppor~1/r2020a/3p778c~1.ins/gnuarm~1.ins/win/bin/../lib/gcc/arm-none-eabi/7.2.1/../../../../arm-none-eabi/lib/thumb/v7e-m/fpv4-sp/hard/crt0.o
LOAD Assignment2_4.o
LOAD Assignment2_4_data.o
LOAD MW_AnalogInput.o
LOAD MW_I2C.o
LOAD MW_SCI.o
LOAD RTX_Conf_CM.o
LOAD board.o
LOAD cmsis_rtos_init.o
LOAD ert_main.o
LOAD fsl_edma_irq.o
LOAD fsl_misc_utilities.o
LOAD fsl_uart_irq.o
LOAD hardware_init.o
LOAD i2c_api.o
LOAD irq_stub.o
LOAD mw_sdk_interface.o
LOAD mw_semaphore.o
LOAD mw_signal.o
LOAD mw_thread.o
LOAD mw_timer.o
LOAD pin_mux.o
LOAD sbrk.o
LOAD startup.o
LOAD startup_MK64F12.o
LOAD system_MK64F12.o
LOAD ../slprj/ert/PTHS/PTHS_rtwlib.lib
LOAD C:/Users/iceca/Documents/Pacemaker/Assignment1/Simulink/slprj/ert/_sharedutils/rtwshared.lib
LOAD C:/ProgramData/MATLAB/SupportPackages/R2020a/3P.instrset/cmsis.instrset/CMSIS/Lib/GCC/libarm_cortexM4lf_math.a
LOAD C:/ProgramData/MATLAB/SupportPackages/R2020a/3P.instrset/cmsis.instrset/CMSIS/RTOS/RTX/LIB/GCC/libRTX_CM4.a
LOAD C:/ProgramData/MATLAB/SupportPackages/R2020a/toolbox/target/supportpackages/freedomk64f/src/ksdk_armgcc_lib/bm/libksdk_platform.a
LOAD c:/progra~3/matlab/suppor~1/r2020a/3p778c~1.ins/gnuarm~1.ins/win/bin/../lib/gcc/arm-none-eabi/7.2.1/../../../../arm-none-eabi/lib/thumb/v7e-m/fpv4-sp/hard\libstdc++.a
LOAD c:/progra~3/matlab/suppor~1/r2020a/3p778c~1.ins/gnuarm~1.ins/win/bin/../lib/gcc/arm-none-eabi/7.2.1/../../../../arm-none-eabi/lib/thumb/v7e-m/fpv4-sp/hard\libm.a
START GROUP
LOAD c:/progra~3/matlab/suppor~1/r2020a/3p778c~1.ins/gnuarm~1.ins/win/bin/../lib/gcc/arm-none-eabi/7.2.1/thumb/v7e-m/fpv4-sp/hard\libgcc.a
LOAD c:/progra~3/matlab/suppor~1/r2020a/3p778c~1.ins/gnuarm~1.ins/win/bin/../lib/gcc/arm-none-eabi/7.2.1/../../../../arm-none-eabi/lib/thumb/v7e-m/fpv4-sp/hard\libg.a
LOAD c:/progra~3/matlab/suppor~1/r2020a/3p778c~1.ins/gnuarm~1.ins/win/bin/../lib/gcc/arm-none-eabi/7.2.1/../../../../arm-none-eabi/lib/thumb/v7e-m/fpv4-sp/hard\libc.a
END GROUP
START GROUP
LOAD c:/progra~3/matlab/suppor~1/r2020a/3p778c~1.ins/gnuarm~1.ins/win/bin/../lib/gcc/arm-none-eabi/7.2.1/thumb/v7e-m/fpv4-sp/hard\libgcc.a
LOAD c:/progra~3/matlab/suppor~1/r2020a/3p778c~1.ins/gnuarm~1.ins/win/bin/../lib/gcc/arm-none-eabi/7.2.1/../../../../arm-none-eabi/lib/thumb/v7e-m/fpv4-sp/hard\libc.a
LOAD c:/progra~3/matlab/suppor~1/r2020a/3p778c~1.ins/gnuarm~1.ins/win/bin/../lib/gcc/arm-none-eabi/7.2.1/../../../../arm-none-eabi/lib/thumb/v7e-m/fpv4-sp/hard\libnosys.a
END GROUP
LOAD c:/progra~3/matlab/suppor~1/r2020a/3p778c~1.ins/gnuarm~1.ins/win/bin/../lib/gcc/arm-none-eabi/7.2.1/thumb/v7e-m/fpv4-sp/hard/crtend.o
LOAD c:/progra~3/matlab/suppor~1/r2020a/3p778c~1.ins/gnuarm~1.ins/win/bin/../lib/gcc/arm-none-eabi/7.2.1/thumb/v7e-m/fpv4-sp/hard/crtn.o
                0x00000400                HEAP_SIZE = DEFINED (__heap_size__)?__heap_size__:0x400
                0x00000400                STACK_SIZE = DEFINED (__stack_size__)?__stack_size__:0x400
                0x00000000                M_VECTOR_RAM_SIZE = DEFINED (__ram_vector_table__)?0x400:0x0

.interrupts     0x00000000      0x400
                0x00000000                __VECTOR_TABLE = .
                0x00000000                . = ALIGN (0x4)
 *(.isr_vector)
 .isr_vector    0x00000000      0x400 startup_MK64F12.o
                0x00000000                __isr_vector
                0x00000400                . = ALIGN (0x4)

.flash_config   0x00000400       0x10
                0x00000400                . = ALIGN (0x4)
 *(.FlashConfig)
 .FlashConfig   0x00000400       0x10 startup_MK64F12.o
                0x00000410                . = ALIGN (0x4)

.text           0x00000440    0x10810
                0x00000440                . = ALIGN (0x4)
 *(.text)
 .text          0x00000440       0x40 c:/progra~3/matlab/suppor~1/r2020a/3p778c~1.ins/gnuarm~1.ins/win/bin/../lib/gcc/arm-none-eabi/7.2.1/thumb/v7e-m/fpv4-sp/hard/crtbegin.o
 .text          0x00000480       0x74 c:/progra~3/matlab/suppor~1/r2020a/3p778c~1.ins/gnuarm~1.ins/win/bin/../lib/gcc/arm-none-eabi/7.2.1/../../../../arm-none-eabi/lib/thumb/v7e-m/fpv4-sp/hard/crt0.o
                0x00000480                _start
                0x00000480                _mainCRTStartup
 .text          0x000004f4       0x14 startup_MK64F12.o
                0x000004f4                Reset_Handler
                0x00000504                ENET_Receive_IRQHandler
                0x00000504                ENET_1588_Timer_IRQHandler
                0x00000504                DefaultISR
                0x00000504                PIT2_IRQHandler
                0x00000504                PIT0_IRQHandler
                0x00000504                ENET_Error_IRQHandler
                0x00000504                PIT3_IRQHandler
                0x00000504                SDHC_IRQHandler
                0x00000504                ENET_Transmit_IRQHandler
                0x00000504                PIT1_IRQHandler
 .text          0x00000508      0x198 C:/ProgramData/MATLAB/SupportPackages/R2020a/3P.instrset/cmsis.instrset/CMSIS/RTOS/RTX/LIB/GCC/libRTX_CM4.a(hal_cm4.o)
                0x00000508                rt_set_PSP
                0x0000050e                rt_get_PSP
                0x00000514                os_set_env
                0x0000052c                _alloc_box
                0x00000548                _free_box
                0x00000564                SVC_Handler
                0x0000060a                PendSV_Handler
                0x00000610                Sys_Switch
                0x0000066a                SysTick_Handler
                0x00000674                OS_Tick_Handler
 .text          0x000006a0      0x378 c:/progra~3/matlab/suppor~1/r2020a/3p778c~1.ins/gnuarm~1.ins/win/bin/../lib/gcc/arm-none-eabi/7.2.1/thumb/v7e-m/fpv4-sp/hard\libgcc.a(_arm_addsubdf3.o)
                0x000006a0                __aeabi_drsub
                0x000006a8                __aeabi_dsub
                0x000006a8                __subdf3
                0x000006ac                __aeabi_dadd
                0x000006ac                __adddf3
                0x00000924                __floatunsidf
                0x00000924                __aeabi_ui2d
                0x00000944                __floatsidf
                0x00000944                __aeabi_i2d
                0x00000968                __aeabi_f2d
                0x00000968                __extendsfdf2
                0x000009ac                __floatundidf
                0x000009ac                __aeabi_ul2d
                0x000009bc                __floatdidf
                0x000009bc                __aeabi_l2d
 .text          0x00000a18      0x424 c:/progra~3/matlab/suppor~1/r2020a/3p778c~1.ins/gnuarm~1.ins/win/bin/../lib/gcc/arm-none-eabi/7.2.1/thumb/v7e-m/fpv4-sp/hard\libgcc.a(_arm_muldivdf3.o)
                0x00000a18                __aeabi_dmul
                0x00000a18                __muldf3
                0x00000c6c                __divdf3
                0x00000c6c                __aeabi_ddiv
 .text          0x00000e3c      0x110 c:/progra~3/matlab/suppor~1/r2020a/3p778c~1.ins/gnuarm~1.ins/win/bin/../lib/gcc/arm-none-eabi/7.2.1/thumb/v7e-m/fpv4-sp/hard\libgcc.a(_arm_cmpdf2.o)
                0x00000e3c                __gtdf2
                0x00000e3c                __gedf2
                0x00000e44                __ltdf2
                0x00000e44                __ledf2
                0x00000e4c                __nedf2
                0x00000e4c                __eqdf2
                0x00000e4c                __cmpdf2
                0x00000ec8                __aeabi_cdrcmple
                0x00000ed8                __aeabi_cdcmpeq
                0x00000ed8                __aeabi_cdcmple
                0x00000ee8                __aeabi_dcmpeq
                0x00000efc                __aeabi_dcmplt
                0x00000f10                __aeabi_dcmple
                0x00000f24                __aeabi_dcmpge
                0x00000f38                __aeabi_dcmpgt
 .text          0x00000f4c       0x2c c:/progra~3/matlab/suppor~1/r2020a/3p778c~1.ins/gnuarm~1.ins/win/bin/../lib/gcc/arm-none-eabi/7.2.1/thumb/v7e-m/fpv4-sp/hard\libgcc.a(_arm_unorddf2.o)
                0x00000f4c                __unorddf2
                0x00000f4c                __aeabi_dcmpun
 .text          0x00000f78       0x50 c:/progra~3/matlab/suppor~1/r2020a/3p778c~1.ins/gnuarm~1.ins/win/bin/../lib/gcc/arm-none-eabi/7.2.1/thumb/v7e-m/fpv4-sp/hard\libgcc.a(_arm_fixdfsi.o)
                0x00000f78                __aeabi_d2iz
                0x00000f78                __fixdfsi
 .text          0x00000fc8       0x40 c:/progra~3/matlab/suppor~1/r2020a/3p778c~1.ins/gnuarm~1.ins/win/bin/../lib/gcc/arm-none-eabi/7.2.1/thumb/v7e-m/fpv4-sp/hard\libgcc.a(_arm_fixunsdfsi.o)
                0x00000fc8                __aeabi_d2uiz
                0x00000fc8                __fixunsdfsi
 .text          0x00001008       0xa0 c:/progra~3/matlab/suppor~1/r2020a/3p778c~1.ins/gnuarm~1.ins/win/bin/../lib/gcc/arm-none-eabi/7.2.1/thumb/v7e-m/fpv4-sp/hard\libgcc.a(_arm_truncdfsf2.o)
                0x00001008                __truncdfsf2
                0x00001008                __aeabi_d2f
 .text          0x000010a8       0x30 c:/progra~3/matlab/suppor~1/r2020a/3p778c~1.ins/gnuarm~1.ins/win/bin/../lib/gcc/arm-none-eabi/7.2.1/thumb/v7e-m/fpv4-sp/hard\libgcc.a(_aeabi_uldivmod.o)
                0x000010a8                __aeabi_uldivmod
 .text          0x000010d8      0x2cc c:/progra~3/matlab/suppor~1/r2020a/3p778c~1.ins/gnuarm~1.ins/win/bin/../lib/gcc/arm-none-eabi/7.2.1/thumb/v7e-m/fpv4-sp/hard\libgcc.a(_udivmoddi4.o)
                0x000010d8                __udivmoddi4
 .text          0x000013a4      0x9ec c:/progra~3/matlab/suppor~1/r2020a/3p778c~1.ins/gnuarm~1.ins/win/bin/../lib/gcc/arm-none-eabi/7.2.1/thumb/v7e-m/fpv4-sp/hard\libgcc.a(unwind-arm.o)
                0x00001658                _Unwind_GetCFA
                0x0000165c                __gnu_Unwind_RaiseException
                0x000016bc                __gnu_Unwind_ForcedUnwind
                0x000016d0                __gnu_Unwind_Resume
                0x00001714                __gnu_Unwind_Resume_or_Rethrow
                0x00001724                _Unwind_Complete
                0x00001728                _Unwind_DeleteException
                0x00001734                _Unwind_VRS_Get
                0x00001778                _Unwind_VRS_Set
                0x000017c0                __gnu_Unwind_Backtrace
                0x00001b04                __aeabi_unwind_cpp_pr0
                0x00001b08                __aeabi_unwind_cpp_pr1
                0x00001b0c                __aeabi_unwind_cpp_pr2
                0x00001b10                _Unwind_VRS_Pop
 .text          0x00001d90      0x1ac c:/progra~3/matlab/suppor~1/r2020a/3p778c~1.ins/gnuarm~1.ins/win/bin/../lib/gcc/arm-none-eabi/7.2.1/thumb/v7e-m/fpv4-sp/hard\libgcc.a(libunwind.o)
                0x00001d90                __restore_core_regs
                0x00001d90                restore_core_regs
                0x00001da8                __gnu_Unwind_Restore_VFP
                0x00001db0                __gnu_Unwind_Save_VFP
                0x00001db8                __gnu_Unwind_Restore_VFP_D
                0x00001dc0                __gnu_Unwind_Save_VFP_D
                0x00001dc8                __gnu_Unwind_Restore_VFP_D_16_to_31
                0x00001dd0                __gnu_Unwind_Save_VFP_D_16_to_31
                0x00001dd8                __gnu_Unwind_Restore_WMMXD
                0x00001e1c                __gnu_Unwind_Save_WMMXD
                0x00001e60                __gnu_Unwind_Restore_WMMXC
                0x00001e74                __gnu_Unwind_Save_WMMXC
                0x00001e88                ___Unwind_RaiseException
                0x00001e88                _Unwind_RaiseException
                0x00001eac                _Unwind_Resume
                0x00001eac                ___Unwind_Resume
                0x00001ed0                _Unwind_Resume_or_Rethrow
                0x00001ed0                ___Unwind_Resume_or_Rethrow
                0x00001ef4                _Unwind_ForcedUnwind
                0x00001ef4                ___Unwind_ForcedUnwind
                0x00001f18                ___Unwind_Backtrace
                0x00001f18                _Unwind_Backtrace
 .text          0x00001f3c      0x374 c:/progra~3/matlab/suppor~1/r2020a/3p778c~1.ins/gnuarm~1.ins/win/bin/../lib/gcc/arm-none-eabi/7.2.1/thumb/v7e-m/fpv4-sp/hard\libgcc.a(pr-support.o)
                0x00001f94                __gnu_unwind_execute
                0x00002258                __gnu_unwind_frame
                0x00002280                _Unwind_GetRegionStart
                0x0000228c                _Unwind_GetLanguageSpecificData
                0x000022a0                _Unwind_GetDataRelBase
                0x000022a8                _Unwind_GetTextRelBase
 .text          0x000022b0        0x4 c:/progra~3/matlab/suppor~1/r2020a/3p778c~1.ins/gnuarm~1.ins/win/bin/../lib/gcc/arm-none-eabi/7.2.1/thumb/v7e-m/fpv4-sp/hard\libgcc.a(_dvmd_tls.o)
                0x000022b0                __aeabi_idiv0
                0x000022b0                __aeabi_ldiv0
 .text          0x000022b4      0x134 c:/progra~3/matlab/suppor~1/r2020a/3p778c~1.ins/gnuarm~1.ins/win/bin/../lib/gcc/arm-none-eabi/7.2.1/../../../../arm-none-eabi/lib/thumb/v7e-m/fpv4-sp/hard\libg.a(lib_a-memcpy.o)
                0x000022b4                memcpy
 *fill*         0x000023e8        0x8 
 .text          0x000023f0       0xa0 c:/progra~3/matlab/suppor~1/r2020a/3p778c~1.ins/gnuarm~1.ins/win/bin/../lib/gcc/arm-none-eabi/7.2.1/../../../../arm-none-eabi/lib/thumb/v7e-m/fpv4-sp/hard\libg.a(lib_a-memchr.o)
                0x000023f0                memchr
 *fill*         0x00002490       0x30 
 .text          0x000024c0       0xdc c:/progra~3/matlab/suppor~1/r2020a/3p778c~1.ins/gnuarm~1.ins/win/bin/../lib/gcc/arm-none-eabi/7.2.1/../../../../arm-none-eabi/lib/thumb/v7e-m/fpv4-sp/hard\libg.a(lib_a-strlen.o)
                0x000024c0                strlen
 *(.text*)
 .text.Assignment2__SystemCore_release
                0x0000259c       0x2a Assignment2_4.o
 .text.Assignment2_4_SystemCore_delete
                0x000025c6       0x16 Assignment2_4.o
 .text.matlabCodegenHandle_matlabCodeg
                0x000025dc       0x24 Assignment2_4.o
 .text.Assignmen_SystemCore_release_dl
                0x00002600       0x34 Assignment2_4.o
 .text.Assignment_SystemCore_delete_dl
                0x00002634       0x16 Assignment2_4.o
 .text.matlabCodegenHandle_matlabCo_dl
                0x0000264a       0x24 Assignment2_4.o
 .text.Assignment_SystemCore_release_d
                0x0000266e       0x2a Assignment2_4.o
 .text.Assignment2_SystemCore_delete_d
                0x00002698       0x16 Assignment2_4.o
 .text.matlabCodegenHandle_matlabCod_d
                0x000026ae       0x24 Assignment2_4.o
 .text.Assign_SystemCore_release_dlbal
                0x000026d2       0x2a Assignment2_4.o
 .text.Assignm_SystemCore_delete_dlbal
                0x000026fc       0x16 Assignment2_4.o
 .text.matlabCodegenHandle_matla_dlbal
                0x00002712       0x24 Assignment2_4.o
 .text.Assig_SystemCore_release_dlbala
                0x00002736       0x22 Assignment2_4.o
 .text.Assign_SystemCore_delete_dlbala
                0x00002758       0x16 Assignment2_4.o
 .text.matlabCodegenHandle_matl_dlbala
                0x0000276e       0x24 Assignment2_4.o
 .text.Assignm_SystemCore_release_dlba
                0x00002792       0x40 Assignment2_4.o
 .text.Assignme_SystemCore_delete_dlba
                0x000027d2       0x16 Assignment2_4.o
 .text.matlabCodegenHandle_matlab_dlba
                0x000027e8       0x24 Assignment2_4.o
 .text.Assignment_SystemCore_setup_dlb
                0x0000280c      0x164 Assignment2_4.o
 .text.Assignment2_SystemCore_setup_dl
                0x00002970       0x40 Assignment2_4.o
 .text.Assignment2_4_SystemCore_setup
                0x000029b0       0x78 Assignment2_4.o
 .text.Assignment2__SystemCore_setup_d
                0x00002a28       0x78 Assignment2_4.o
 .text.Assignment2_4_step
                0x00002aa0     0x161c Assignment2_4.o
                0x00002aa0                Assignment2_4_step
 .text.Assignment2_4_initialize
                0x000040bc      0x404 Assignment2_4.o
                0x000040bc                Assignment2_4_initialize
 .text.Assignment2_4_terminate
                0x000044c0       0x58 Assignment2_4.o
                0x000044c0                Assignment2_4_terminate
 .text.MW_AnalogInSingle_Open
                0x00004518       0xa8 MW_AnalogInput.o
                0x00004518                MW_AnalogInSingle_Open
 .text.MW_AnalogIn_SetTriggerSource
                0x000045c0       0x1a MW_AnalogInput.o
                0x000045c0                MW_AnalogIn_SetTriggerSource
 *fill*         0x000045da        0x6 
 .text.MW_AnalogInSingle_ReadResult
                0x000045e0       0xb8 MW_AnalogInput.o
                0x000045e0                MW_AnalogInSingle_ReadResult
 .text.MW_AnalogIn_Start
                0x00004698       0x14 MW_AnalogInput.o
                0x00004698                MW_AnalogIn_Start
 .text.MW_AnalogIn_Stop
                0x000046ac       0x14 MW_AnalogInput.o
                0x000046ac                MW_AnalogIn_Stop
 .text.MW_AnalogIn_Close
                0x000046c0       0x14 MW_AnalogInput.o
                0x000046c0                MW_AnalogIn_Close
 .text.MW_I2C_Open
                0x000046d4       0x48 MW_I2C.o
                0x000046d4                MW_I2C_Open
 .text.MW_I2C_SetBusSpeed
                0x0000471c       0x2e MW_I2C.o
                0x0000471c                MW_I2C_SetBusSpeed
 .text.MW_I2C_MasterRead
                0x0000474a       0x68 MW_I2C.o
                0x0000474a                MW_I2C_MasterRead
 .text.MW_I2C_MasterWrite
                0x000047b2       0x68 MW_I2C.o
                0x000047b2                MW_I2C_MasterWrite
 .text.MW_I2C_Close
                0x0000481a       0x14 MW_I2C.o
                0x0000481a                MW_I2C_Close
 *fill*         0x0000482e        0x2 
 .text.EDMA_HAL_HTCDSetDestAddr
                0x00004830       0x48 MW_SCI.o
 .text.EDMA_HAL_HTCDSetIntCmd
                0x00004878       0x54 MW_SCI.o
 .text.MW_SCI_Open
                0x000048cc      0x5ac MW_SCI.o
                0x000048cc                MW_SCI_Open
 .text.MW_SCI_SetBaudrate
                0x00004e78       0x18 MW_SCI.o
                0x00004e78                MW_SCI_SetBaudrate
 .text.MW_SCI_SetFrameFormat
                0x00004e90       0x28 MW_SCI.o
                0x00004e90                MW_SCI_SetFrameFormat
 .text.MW_SCI_Receive
                0x00004eb8       0xa4 MW_SCI.o
                0x00004eb8                MW_SCI_Receive
 .text.MW_SCI_Transmit
                0x00004f5c       0x80 MW_SCI.o
                0x00004f5c                MW_SCI_Transmit
 .text.MW_SCI_Close
                0x00004fdc       0x14 MW_SCI.o
                0x00004fdc                MW_SCI_Close
 .text.MW_UART_DRV_EdmaStartReceiveData
                0x00004ff0       0xac MW_SCI.o
 .text.MW_UART_DRV_EdmaRxCallback
                0x0000509c       0x1c MW_SCI.o
 .text.MW_UART_DRV_EdmaCompleteReceiveData
                0x000050b8      0x124 MW_SCI.o
 .text.os_idle_demon
                0x000051dc        0x6 RTX_Conf_CM.o
                0x000051dc                os_idle_demon
 *fill*         0x000051e2        0x2 
 .text.os_error
                0x000051e4       0x2c RTX_Conf_CM.o
                0x000051e4                os_error
 .text.rt_init_robin
                0x00005210        0x2 RTX_Conf_CM.o
                0x00005210                rt_init_robin
 .text.rt_chk_robin
                0x00005212        0x2 RTX_Conf_CM.o
                0x00005212                rt_chk_robin
 .text.software_init_hook
                0x00005214       0x34 RTX_Conf_CM.o
                0x00005214                software_init_hook
 .text.PORT_HAL_SetMuxMode
                0x00005248       0x58 board.o
 .text.SMC_HAL_SetProtection
                0x000052a0       0x1e board.o
 *fill*         0x000052be        0x2 
 .text.BOARD_InitOsc0
                0x000052c0       0x30 board.o
                0x000052c0                BOARD_InitOsc0
 .text.BOARD_InitRtcOsc
                0x000052f0       0x28 board.o
                0x000052f0                BOARD_InitRtcOsc
 .text.BOARD_ClockInit
                0x00005318       0x34 board.o
                0x00005318                BOARD_ClockInit
 .text.schedulerTask
                0x0000534c       0x1c cmsis_rtos_init.o
                0x0000534c                schedulerTask
 .text.mw_initSignalEvents
                0x00005368       0x40 cmsis_rtos_init.o
                0x00005368                mw_initSignalEvents
 .text.mw_RTOSInit
                0x000053a8       0x8c cmsis_rtos_init.o
                0x000053a8                mw_RTOSInit
 .text.baseRateTask
                0x00005434       0x7c ert_main.o
                0x00005434                baseRateTask
 .text.terminateTask
                0x000054b0       0x34 ert_main.o
                0x000054b0                terminateTask
 .text.main     0x000054e4       0x48 ert_main.o
                0x000054e4                main
 .text.DMA0_IRQHandler
                0x0000552c        0xe fsl_edma_irq.o
                0x0000552c                DMA0_IRQHandler
 .text.DMA1_IRQHandler
                0x0000553a        0xe fsl_edma_irq.o
                0x0000553a                DMA1_IRQHandler
 .text.DMA2_IRQHandler
                0x00005548        0xe fsl_edma_irq.o
                0x00005548                DMA2_IRQHandler
 .text.DMA3_IRQHandler
                0x00005556        0xe fsl_edma_irq.o
                0x00005556                DMA3_IRQHandler
 .text.DMA4_IRQHandler
                0x00005564        0xe fsl_edma_irq.o
                0x00005564                DMA4_IRQHandler
 .text.DMA5_IRQHandler
                0x00005572        0xe fsl_edma_irq.o
                0x00005572                DMA5_IRQHandler
 .text.DMA6_IRQHandler
                0x00005580        0xe fsl_edma_irq.o
                0x00005580                DMA6_IRQHandler
 .text.DMA7_IRQHandler
                0x0000558e        0xe fsl_edma_irq.o
                0x0000558e                DMA7_IRQHandler
 .text.DMA8_IRQHandler
                0x0000559c        0xe fsl_edma_irq.o
                0x0000559c                DMA8_IRQHandler
 .text.DMA9_IRQHandler
                0x000055aa        0xe fsl_edma_irq.o
                0x000055aa                DMA9_IRQHandler
 .text.DMA10_IRQHandler
                0x000055b8        0xe fsl_edma_irq.o
                0x000055b8                DMA10_IRQHandler
 .text.DMA11_IRQHandler
                0x000055c6        0xe fsl_edma_irq.o
                0x000055c6                DMA11_IRQHandler
 .text.DMA12_IRQHandler
                0x000055d4        0xe fsl_edma_irq.o
                0x000055d4                DMA12_IRQHandler
 .text.DMA13_IRQHandler
                0x000055e2        0xe fsl_edma_irq.o
                0x000055e2                DMA13_IRQHandler
 .text.DMA14_IRQHandler
                0x000055f0        0xe fsl_edma_irq.o
                0x000055f0                DMA14_IRQHandler
 .text.DMA15_IRQHandler
                0x000055fe        0xe fsl_edma_irq.o
                0x000055fe                DMA15_IRQHandler
 .text.DMA_Error_IRQHandler
                0x0000560c        0xe fsl_edma_irq.o
                0x0000560c                DMA_Error_IRQHandler
 .text.UART0_RX_TX_IRQHandler
                0x0000561a        0xe fsl_uart_irq.o
                0x0000561a                UART0_RX_TX_IRQHandler
 .text.UART1_RX_TX_IRQHandler
                0x00005628        0xe fsl_uart_irq.o
                0x00005628                UART1_RX_TX_IRQHandler
 .text.UART2_RX_TX_IRQHandler
                0x00005636        0xe fsl_uart_irq.o
                0x00005636                UART2_RX_TX_IRQHandler
 .text.UART3_RX_TX_IRQHandler
                0x00005644        0xe fsl_uart_irq.o
                0x00005644                UART3_RX_TX_IRQHandler
 .text.UART4_RX_TX_IRQHandler
                0x00005652        0xe fsl_uart_irq.o
                0x00005652                UART4_RX_TX_IRQHandler
 .text.UART5_RX_TX_IRQHandler
                0x00005660        0xe fsl_uart_irq.o
                0x00005660                UART5_RX_TX_IRQHandler
 .text.hardware_init
                0x0000566e       0x30 hardware_init.o
                0x0000566e                hardware_init
 .text.CLOCK_SYS_GetI2cFreq
                0x0000569e       0x16 i2c_api.o
 .text.I2C_HAL_Enable
                0x000056b4       0x24 i2c_api.o
 .text.I2C_HAL_SendAck
                0x000056d8       0x24 i2c_api.o
 .text.I2C_HAL_SendNak
                0x000056fc       0x24 i2c_api.o
 .text.I2C_HAL_SetDirMode
                0x00005720       0x2a i2c_api.o
 .text.I2C_HAL_ReadByte
                0x0000574a       0x1a i2c_api.o
 .text.I2C_HAL_WriteByte
                0x00005764       0x1e i2c_api.o
 .text.I2C_HAL_GetStatusFlag
                0x00005782       0x34 i2c_api.o
 .text.I2C_HAL_IsMaster
                0x000057b6       0x2e i2c_api.o
 .text.I2C_HAL_SetIntCmd
                0x000057e4       0x28 i2c_api.o
 .text.I2C_HAL_ClearInt
                0x0000580c       0x1a i2c_api.o
 *fill*         0x00005826        0x2 
 .text.PORT_HAL_SetOpenDrainCmd
                0x00005828       0x4c i2c_api.o
 .text.PORT_HAL_SetMuxMode
                0x00005874       0x58 i2c_api.o
 .text.i2c_init
                0x000058cc       0x54 i2c_api.o
                0x000058cc                i2c_init
 .text.i2c_start
                0x00005920       0x28 i2c_api.o
                0x00005920                i2c_start
 .text.i2c_stop
                0x00005948       0x4c i2c_api.o
                0x00005948                i2c_stop
 .text.timeout_status_poll
                0x00005994       0x58 i2c_api.o
 .text.i2c_wait_end_tx_transfer
                0x000059ec       0x54 i2c_api.o
 .text.i2c_wait_end_rx_transfer
                0x00005a40       0x3c i2c_api.o
 .text.i2c_do_write
                0x00005a7c       0x38 i2c_api.o
 .text.i2c_do_read
                0x00005ab4       0x50 i2c_api.o
 .text.i2c_frequency
                0x00005b04       0x50 i2c_api.o
                0x00005b04                i2c_frequency
 .text.i2c_read
                0x00005b54       0xe0 i2c_api.o
                0x00005b54                i2c_read
 .text.i2c_write
                0x00005c34       0x90 i2c_api.o
                0x00005c34                i2c_write
 .text.configure_i2c_pins
                0x00005cc4       0x78 i2c_api.o
                0x00005cc4                configure_i2c_pins
 .text.NMI_Handler
                0x00005d3c        0x6 irq_stub.o
                0x00005d3c                NMI_Handler
 .text.HardFault_Handler
                0x00005d42        0x6 irq_stub.o
                0x00005d42                HardFault_Handler
 .text.MemManage_Handler
                0x00005d48        0x6 irq_stub.o
                0x00005d48                MemManage_Handler
 .text.BusFault_Handler
                0x00005d4e        0x6 irq_stub.o
                0x00005d4e                BusFault_Handler
 .text.UsageFault_Handler
                0x00005d54        0x6 irq_stub.o
                0x00005d54                UsageFault_Handler
 .text.DebugMon_Handler
                0x00005d5a        0x6 irq_stub.o
                0x00005d5a                DebugMon_Handler
 .text.MCM_IRQHandler
                0x00005d60        0x6 irq_stub.o
                0x00005d60                MCM_IRQHandler
 .text.FTFE_IRQHandler
                0x00005d66        0x6 irq_stub.o
                0x00005d66                FTFE_IRQHandler
 .text.Read_Collision_IRQHandler
                0x00005d6c        0x6 irq_stub.o
                0x00005d6c                Read_Collision_IRQHandler
 .text.LVD_LVW_IRQHandler
                0x00005d72        0x6 irq_stub.o
                0x00005d72                LVD_LVW_IRQHandler
 .text.LLWU_IRQHandler
                0x00005d78        0x6 irq_stub.o
                0x00005d78                LLWU_IRQHandler
 .text.WDOG_EWM_IRQHandler
                0x00005d7e        0x6 irq_stub.o
                0x00005d7e                WDOG_EWM_IRQHandler
 .text.RNG_IRQHandler
                0x00005d84        0x6 irq_stub.o
                0x00005d84                RNG_IRQHandler
 .text.I2C0_IRQHandler
                0x00005d8a        0x6 irq_stub.o
                0x00005d8a                I2C0_IRQHandler
 .text.I2C1_IRQHandler
                0x00005d90        0x6 irq_stub.o
                0x00005d90                I2C1_IRQHandler
 .text.SPI0_IRQHandler
                0x00005d96        0x6 irq_stub.o
                0x00005d96                SPI0_IRQHandler
 .text.SPI1_IRQHandler
                0x00005d9c        0x6 irq_stub.o
                0x00005d9c                SPI1_IRQHandler
 .text.I2S0_Tx_IRQHandler
                0x00005da2        0x6 irq_stub.o
                0x00005da2                I2S0_Tx_IRQHandler
 .text.I2S0_Rx_IRQHandler
                0x00005da8        0x6 irq_stub.o
                0x00005da8                I2S0_Rx_IRQHandler
 .text.UART0_LON_IRQHandler
                0x00005dae        0x6 irq_stub.o
                0x00005dae                UART0_LON_IRQHandler
 .text.UART0_ERR_IRQHandler
                0x00005db4        0x6 irq_stub.o
                0x00005db4                UART0_ERR_IRQHandler
 .text.UART1_ERR_IRQHandler
                0x00005dba        0x6 irq_stub.o
                0x00005dba                UART1_ERR_IRQHandler
 .text.UART2_ERR_IRQHandler
                0x00005dc0        0x6 irq_stub.o
                0x00005dc0                UART2_ERR_IRQHandler
 .text.UART3_ERR_IRQHandler
                0x00005dc6        0x6 irq_stub.o
                0x00005dc6                UART3_ERR_IRQHandler
 .text.ADC0_IRQHandler
                0x00005dcc        0x6 irq_stub.o
                0x00005dcc                ADC0_IRQHandler
 .text.CMP0_IRQHandler
                0x00005dd2        0x6 irq_stub.o
                0x00005dd2                CMP0_IRQHandler
 .text.CMP1_IRQHandler
                0x00005dd8        0x6 irq_stub.o
                0x00005dd8                CMP1_IRQHandler
 .text.FTM0_IRQHandler
                0x00005dde        0x6 irq_stub.o
                0x00005dde                FTM0_IRQHandler
 .text.FTM1_IRQHandler
                0x00005de4        0x6 irq_stub.o
                0x00005de4                FTM1_IRQHandler
 .text.FTM2_IRQHandler
                0x00005dea        0x6 irq_stub.o
                0x00005dea                FTM2_IRQHandler
 .text.CMT_IRQHandler
                0x00005df0        0x6 irq_stub.o
                0x00005df0                CMT_IRQHandler
 .text.RTC_IRQHandler
                0x00005df6        0x6 irq_stub.o
                0x00005df6                RTC_IRQHandler
 .text.RTC_Seconds_IRQHandler
                0x00005dfc        0x6 irq_stub.o
                0x00005dfc                RTC_Seconds_IRQHandler
 .text.PDB0_IRQHandler
                0x00005e02        0x6 irq_stub.o
                0x00005e02                PDB0_IRQHandler
 .text.USB0_IRQHandler
                0x00005e08        0x6 irq_stub.o
                0x00005e08                USB0_IRQHandler
 .text.USBDCD_IRQHandler
                0x00005e0e        0x6 irq_stub.o
                0x00005e0e                USBDCD_IRQHandler
 .text.Reserved71_IRQHandler
                0x00005e14        0x6 irq_stub.o
                0x00005e14                Reserved71_IRQHandler
 .text.DAC0_IRQHandler
                0x00005e1a        0x6 irq_stub.o
                0x00005e1a                DAC0_IRQHandler
 .text.MCG_IRQHandler
                0x00005e20        0x6 irq_stub.o
                0x00005e20                MCG_IRQHandler
 .text.LPTMR0_IRQHandler
                0x00005e26        0x6 irq_stub.o
                0x00005e26                LPTMR0_IRQHandler
 .text.PORTA_IRQHandler
                0x00005e2c        0x6 irq_stub.o
                0x00005e2c                PORTA_IRQHandler
 .text.PORTB_IRQHandler
                0x00005e32        0x6 irq_stub.o
                0x00005e32                PORTB_IRQHandler
 .text.PORTC_IRQHandler
                0x00005e38        0x6 irq_stub.o
                0x00005e38                PORTC_IRQHandler
 .text.PORTD_IRQHandler
                0x00005e3e        0x6 irq_stub.o
                0x00005e3e                PORTD_IRQHandler
 .text.PORTE_IRQHandler
                0x00005e44        0x6 irq_stub.o
                0x00005e44                PORTE_IRQHandler
 .text.SWI_IRQHandler
                0x00005e4a        0x6 irq_stub.o
                0x00005e4a                SWI_IRQHandler
 .text.SPI2_IRQHandler
                0x00005e50        0x6 irq_stub.o
                0x00005e50                SPI2_IRQHandler
 .text.UART4_ERR_IRQHandler
                0x00005e56        0x6 irq_stub.o
                0x00005e56                UART4_ERR_IRQHandler
 .text.UART5_ERR_IRQHandler
                0x00005e5c        0x6 irq_stub.o
                0x00005e5c                UART5_ERR_IRQHandler
 .text.CMP2_IRQHandler
                0x00005e62        0x6 irq_stub.o
                0x00005e62                CMP2_IRQHandler
 .text.FTM3_IRQHandler
                0x00005e68        0x6 irq_stub.o
                0x00005e68                FTM3_IRQHandler
 .text.DAC1_IRQHandler
                0x00005e6e        0x6 irq_stub.o
                0x00005e6e                DAC1_IRQHandler
 .text.ADC1_IRQHandler
                0x00005e74        0x6 irq_stub.o
                0x00005e74                ADC1_IRQHandler
 .text.I2C2_IRQHandler
                0x00005e7a        0x6 irq_stub.o
                0x00005e7a                I2C2_IRQHandler
 .text.CAN0_ORed_Message_buffer_IRQHandler
                0x00005e80        0x6 irq_stub.o
                0x00005e80                CAN0_ORed_Message_buffer_IRQHandler
 .text.CAN0_Bus_Off_IRQHandler
                0x00005e86        0x6 irq_stub.o
                0x00005e86                CAN0_Bus_Off_IRQHandler
 .text.CAN0_Error_IRQHandler
                0x00005e8c        0x6 irq_stub.o
                0x00005e8c                CAN0_Error_IRQHandler
 .text.CAN0_Tx_Warning_IRQHandler
                0x00005e92        0x6 irq_stub.o
                0x00005e92                CAN0_Tx_Warning_IRQHandler
 .text.CAN0_Rx_Warning_IRQHandler
                0x00005e98        0x6 irq_stub.o
                0x00005e98                CAN0_Rx_Warning_IRQHandler
 .text.CAN0_Wake_Up_IRQHandler
                0x00005e9e        0x6 irq_stub.o
                0x00005e9e                CAN0_Wake_Up_IRQHandler
 .text.mw_osSignalSet
                0x00005ea4       0x2e mw_signal.o
                0x00005ea4                mw_osSignalSet
 .text.mw_osSignalClear
                0x00005ed2       0x26 mw_signal.o
                0x00005ed2                mw_osSignalClear
 .text.mw_osSignalWaitEver
                0x00005ef8       0x20 mw_signal.o
                0x00005ef8                mw_osSignalWaitEver
 .text.mw_osSignalEventCreate
                0x00005f18       0x20 mw_signal.o
                0x00005f18                mw_osSignalEventCreate
 .text.mw_osSignalEventRelease
                0x00005f38       0x26 mw_signal.o
                0x00005f38                mw_osSignalEventRelease
 .text.mw_osSignalEventWaitEver
                0x00005f5e       0x34 mw_signal.o
                0x00005f5e                mw_osSignalEventWaitEver
 .text.mw_osThreadCreate
                0x00005f92       0x52 mw_thread.o
                0x00005f92                mw_osThreadCreate
 .text.mw_osThreadGetId
                0x00005fe4        0xe mw_thread.o
                0x00005fe4                mw_osThreadGetId
 .text.mw_osThreadExit
                0x00005ff2       0x22 mw_thread.o
                0x00005ff2                mw_osThreadExit
 .text.mw_osTimerCreate
                0x00006014       0x4e mw_timer.o
                0x00006014                mw_osTimerCreate
 .text.mw_osTimerStart
                0x00006062       0x24 mw_timer.o
                0x00006062                mw_osTimerStart
 *fill*         0x00006086        0x2 
 .text.PORT_HAL_SetMuxMode
                0x00006088       0x58 pin_mux.o
 .text.SIM_HAL_EnableClock
                0x000060e0       0x40 pin_mux.o
 .text.configure_uart_pins
                0x00006120      0x194 pin_mux.o
                0x00006120                configure_uart_pins
 .text._sbrk    0x000062b4       0x5c sbrk.o
                0x000062b4                _sbrk
 .text.init_data_bss
                0x00006310       0xcc startup.o
                0x00006310                init_data_bss
 .text.SystemInit
                0x000063dc      0x1dc system_MK64F12.o
                0x000063dc                SystemInit
 .text.SystemCoreClockUpdate
                0x000065b8      0x278 system_MK64F12.o
                0x000065b8                SystemCoreClockUpdate
 .text.PTHS_NON_DUAL_MODES
                0x00006830      0x554 ../slprj/ert/PTHS/PTHS_rtwlib.lib(PTHS.o)
 .text.SystemCore_release_mt2c4ipiyh1i
                0x00006d84       0x2a ../slprj/ert/PTHS/PTHS_rtwlib.lib(PTHS.o)
 .text.SystemCore_delete_asmvpfiv4fd5
                0x00006dae       0x16 ../slprj/ert/PTHS/PTHS_rtwlib.lib(PTHS.o)
 .text.matlabCodegenHandl_goquh1bjkbkt
                0x00006dc4       0x24 ../slprj/ert/PTHS/PTHS_rtwlib.lib(PTHS.o)
 .text.PTHS_SystemCore_release_mt
                0x00006de8       0x2a ../slprj/ert/PTHS/PTHS_rtwlib.lib(PTHS.o)
 .text.PTHS_SystemCore_delete_as
                0x00006e12       0x16 ../slprj/ert/PTHS/PTHS_rtwlib.lib(PTHS.o)
 .text.matlabCodegenHandle_matlabCo_go
                0x00006e28       0x24 ../slprj/ert/PTHS/PTHS_rtwlib.lib(PTHS.o)
 .text.PTHS_SystemCore_release
                0x00006e4c       0x34 ../slprj/ert/PTHS/PTHS_rtwlib.lib(PTHS.o)
 .text.PTHS_SystemCore_delete
                0x00006e80       0x16 ../slprj/ert/PTHS/PTHS_rtwlib.lib(PTHS.o)
 .text.matlabCodegenHandle_matlabCodeg
                0x00006e96       0x24 ../slprj/ert/PTHS/PTHS_rtwlib.lib(PTHS.o)
 *fill*         0x00006eba        0x6 
 .text.PTHS_Init
                0x00006ec0      0x4c0 ../slprj/ert/PTHS/PTHS_rtwlib.lib(PTHS.o)
                0x00006ec0                PTHS_Init
 .text.PTHS     0x00007380      0xb88 ../slprj/ert/PTHS/PTHS_rtwlib.lib(PTHS.o)
                0x00007380                PTHS
 .text.PTHS_Term
                0x00007f08       0x9e ../slprj/ert/PTHS/PTHS_rtwlib.lib(PTHS.o)
                0x00007f08                PTHS_Term
 .text.PTHS_initialize
                0x00007fa6       0x1e ../slprj/ert/PTHS/PTHS_rtwlib.lib(PTHS.o)
                0x00007fa6                PTHS_initialize
 .text.PORT_HAL_SetMuxMode
                0x00007fc4       0x58 ../slprj/ert/PTHS/PTHS_rtwlib.lib(MW_PWM.o)
 .text.FTM_HAL_SetClockSource
                0x0000801c       0x2e ../slprj/ert/PTHS/PTHS_rtwlib.lib(MW_PWM.o)
 *fill*         0x0000804a        0x2 
 .text.MW_PWM_Open
                0x0000804c      0x164 ../slprj/ert/PTHS/PTHS_rtwlib.lib(MW_PWM.o)
                0x0000804c                MW_PWM_Open
 .text.MW_PWM_Start
                0x000081b0       0x14 ../slprj/ert/PTHS/PTHS_rtwlib.lib(MW_PWM.o)
                0x000081b0                MW_PWM_Start
 .text.MW_PWM_SetDutyCycle
                0x000081c4       0x7c ../slprj/ert/PTHS/PTHS_rtwlib.lib(MW_PWM.o)
                0x000081c4                MW_PWM_SetDutyCycle
 .text.MW_PWM_Stop
                0x00008240       0x2c ../slprj/ert/PTHS/PTHS_rtwlib.lib(MW_PWM.o)
                0x00008240                MW_PWM_Stop
 .text.MW_PWM_Close
                0x0000826c       0x14 ../slprj/ert/PTHS/PTHS_rtwlib.lib(MW_PWM.o)
                0x0000826c                MW_PWM_Close
 .text.MW_digitalIO_open
                0x00008280       0xe0 ../slprj/ert/PTHS/PTHS_rtwlib.lib(MW_digitalIO.o)
                0x00008280                MW_digitalIO_open
 .text.MW_digitalIO_read
                0x00008360       0x70 ../slprj/ert/PTHS/PTHS_rtwlib.lib(MW_digitalIO.o)
                0x00008360                MW_digitalIO_read
 .text.MW_digitalIO_write
                0x000083d0       0x7e ../slprj/ert/PTHS/PTHS_rtwlib.lib(MW_digitalIO.o)
                0x000083d0                MW_digitalIO_write
 .text.MW_digitalIO_close
                0x0000844e       0x3c ../slprj/ert/PTHS/PTHS_rtwlib.lib(MW_digitalIO.o)
                0x0000844e                MW_digitalIO_close
 *fill*         0x0000848a        0x2 
 .text.rt_InitInfAndNaN
                0x0000848c       0x88 C:/Users/iceca/Documents/Pacemaker/Assignment1/Simulink/slprj/ert/_sharedutils/rtwshared.lib(rt_nonfinite.o)
                0x0000848c                rt_InitInfAndNaN
 .text.rtIsInf  0x00008514       0x50 C:/Users/iceca/Documents/Pacemaker/Assignment1/Simulink/slprj/ert/_sharedutils/rtwshared.lib(rt_nonfinite.o)
                0x00008514                rtIsInf
 .text.rtIsNaN  0x00008564       0x6c C:/Users/iceca/Documents/Pacemaker/Assignment1/Simulink/slprj/ert/_sharedutils/rtwshared.lib(rt_nonfinite.o)
                0x00008564                rtIsNaN
 .text.rtIsNaNF
                0x000085d0       0x38 C:/Users/iceca/Documents/Pacemaker/Assignment1/Simulink/slprj/ert/_sharedutils/rtwshared.lib(rt_nonfinite.o)
                0x000085d0                rtIsNaNF
 .text.rtGetInf
                0x00008608       0x60 C:/Users/iceca/Documents/Pacemaker/Assignment1/Simulink/slprj/ert/_sharedutils/rtwshared.lib(rtGetInf.o)
                0x00008608                rtGetInf
 .text.rtGetInfF
                0x00008668       0x20 C:/Users/iceca/Documents/Pacemaker/Assignment1/Simulink/slprj/ert/_sharedutils/rtwshared.lib(rtGetInf.o)
                0x00008668                rtGetInfF
 .text.rtGetMinusInf
                0x00008688       0x60 C:/Users/iceca/Documents/Pacemaker/Assignment1/Simulink/slprj/ert/_sharedutils/rtwshared.lib(rtGetInf.o)
                0x00008688                rtGetMinusInf
 .text.rtGetMinusInfF
                0x000086e8       0x24 C:/Users/iceca/Documents/Pacemaker/Assignment1/Simulink/slprj/ert/_sharedutils/rtwshared.lib(rtGetInf.o)
                0x000086e8                rtGetMinusInfF
 .text.rtGetNaN
                0x0000870c       0x60 C:/Users/iceca/Documents/Pacemaker/Assignment1/Simulink/slprj/ert/_sharedutils/rtwshared.lib(rtGetNaN.o)
                0x0000870c                rtGetNaN
 .text.rtGetNaNF
                0x0000876c       0x28 C:/Users/iceca/Documents/Pacemaker/Assignment1/Simulink/slprj/ert/_sharedutils/rtwshared.lib(rtGetNaN.o)
                0x0000876c                rtGetNaNF
 .text.osThreadExit
                0x00008794       0x18 C:/ProgramData/MATLAB/SupportPackages/R2020a/3P.instrset/cmsis.instrset/CMSIS/RTOS/RTX/LIB/GCC/libRTX_CM4.a(rt_cmsis.o)
                0x00008794                osThreadExit
 .text.svcKernelInitialize
                0x000087ac      0x100 C:/ProgramData/MATLAB/SupportPackages/R2020a/3P.instrset/cmsis.instrset/CMSIS/RTOS/RTX/LIB/GCC/libRTX_CM4.a(rt_cmsis.o)
                0x000087ac                svcKernelInitialize
 .text.svcKernelStart
                0x000088ac       0x4c C:/ProgramData/MATLAB/SupportPackages/R2020a/3P.instrset/cmsis.instrset/CMSIS/RTOS/RTX/LIB/GCC/libRTX_CM4.a(rt_cmsis.o)
                0x000088ac                svcKernelStart
 .text.osKernelInitialize
                0x000088f8      0x120 C:/ProgramData/MATLAB/SupportPackages/R2020a/3P.instrset/cmsis.instrset/CMSIS/RTOS/RTX/LIB/GCC/libRTX_CM4.a(rt_cmsis.o)
                0x000088f8                osKernelInitialize
 .text.osKernelStart
                0x00008a18       0x70 C:/ProgramData/MATLAB/SupportPackages/R2020a/3P.instrset/cmsis.instrset/CMSIS/RTOS/RTX/LIB/GCC/libRTX_CM4.a(rt_cmsis.o)
                0x00008a18                osKernelStart
 .text.svcThreadCreate
                0x00008a88       0x7c C:/ProgramData/MATLAB/SupportPackages/R2020a/3P.instrset/cmsis.instrset/CMSIS/RTOS/RTX/LIB/GCC/libRTX_CM4.a(rt_cmsis.o)
                0x00008a88                svcThreadCreate
 .text.svcThreadGetId
                0x00008b04       0x18 C:/ProgramData/MATLAB/SupportPackages/R2020a/3P.instrset/cmsis.instrset/CMSIS/RTOS/RTX/LIB/GCC/libRTX_CM4.a(rt_cmsis.o)
                0x00008b04                svcThreadGetId
 .text.svcThreadTerminate
                0x00008b1c       0x44 C:/ProgramData/MATLAB/SupportPackages/R2020a/3P.instrset/cmsis.instrset/CMSIS/RTOS/RTX/LIB/GCC/libRTX_CM4.a(rt_cmsis.o)
                0x00008b1c                svcThreadTerminate
 .text.osThreadCreate
                0x00008b60       0x9c C:/ProgramData/MATLAB/SupportPackages/R2020a/3P.instrset/cmsis.instrset/CMSIS/RTOS/RTX/LIB/GCC/libRTX_CM4.a(rt_cmsis.o)
                0x00008b60                osThreadCreate
 .text.osThreadGetId
                0x00008bfc       0x18 C:/ProgramData/MATLAB/SupportPackages/R2020a/3P.instrset/cmsis.instrset/CMSIS/RTOS/RTX/LIB/GCC/libRTX_CM4.a(rt_cmsis.o)
                0x00008bfc                osThreadGetId
 .text.osThreadTerminate
                0x00008c14       0x18 C:/ProgramData/MATLAB/SupportPackages/R2020a/3P.instrset/cmsis.instrset/CMSIS/RTOS/RTX/LIB/GCC/libRTX_CM4.a(rt_cmsis.o)
                0x00008c14                osThreadTerminate
 .text.svcTimerCreate
                0x00008c2c       0x3c C:/ProgramData/MATLAB/SupportPackages/R2020a/3P.instrset/cmsis.instrset/CMSIS/RTOS/RTX/LIB/GCC/libRTX_CM4.a(rt_cmsis.o)
                0x00008c2c                svcTimerCreate
 .text.svcTimerStart
                0x00008c68       0xc8 C:/ProgramData/MATLAB/SupportPackages/R2020a/3P.instrset/cmsis.instrset/CMSIS/RTOS/RTX/LIB/GCC/libRTX_CM4.a(rt_cmsis.o)
                0x00008c68                svcTimerStart
 .text.svcTimerCall
                0x00008d30       0x18 C:/ProgramData/MATLAB/SupportPackages/R2020a/3P.instrset/cmsis.instrset/CMSIS/RTOS/RTX/LIB/GCC/libRTX_CM4.a(rt_cmsis.o)
                0x00008d30                svcTimerCall
 .text.sysTimerTick
                0x00008d48       0xb4 C:/ProgramData/MATLAB/SupportPackages/R2020a/3P.instrset/cmsis.instrset/CMSIS/RTOS/RTX/LIB/GCC/libRTX_CM4.a(rt_cmsis.o)
                0x00008d48                sysTimerTick
 .text.osTimerCreate
                0x00008dfc       0x64 C:/ProgramData/MATLAB/SupportPackages/R2020a/3P.instrset/cmsis.instrset/CMSIS/RTOS/RTX/LIB/GCC/libRTX_CM4.a(rt_cmsis.o)
                0x00008dfc                osTimerCreate
 .text.osTimerStart
                0x00008e60       0x18 C:/ProgramData/MATLAB/SupportPackages/R2020a/3P.instrset/cmsis.instrset/CMSIS/RTOS/RTX/LIB/GCC/libRTX_CM4.a(rt_cmsis.o)
                0x00008e60                osTimerStart
 .text.osTimerThread
                0x00008e78       0x40 C:/ProgramData/MATLAB/SupportPackages/R2020a/3P.instrset/cmsis.instrset/CMSIS/RTOS/RTX/LIB/GCC/libRTX_CM4.a(rt_cmsis.o)
                0x00008e78                osTimerThread
 .text.svcSignalSet
                0x00008eb8       0x28 C:/ProgramData/MATLAB/SupportPackages/R2020a/3P.instrset/cmsis.instrset/CMSIS/RTOS/RTX/LIB/GCC/libRTX_CM4.a(rt_cmsis.o)
                0x00008eb8                svcSignalSet
 .text.svcSignalClear
                0x00008ee0       0x28 C:/ProgramData/MATLAB/SupportPackages/R2020a/3P.instrset/cmsis.instrset/CMSIS/RTOS/RTX/LIB/GCC/libRTX_CM4.a(rt_cmsis.o)
                0x00008ee0                svcSignalClear
 .text.svcSignalWait
                0x00008f08       0xfc C:/ProgramData/MATLAB/SupportPackages/R2020a/3P.instrset/cmsis.instrset/CMSIS/RTOS/RTX/LIB/GCC/libRTX_CM4.a(rt_cmsis.o)
                0x00008f08                svcSignalWait
 .text.osSignalSet
                0x00009004       0x40 C:/ProgramData/MATLAB/SupportPackages/R2020a/3P.instrset/cmsis.instrset/CMSIS/RTOS/RTX/LIB/GCC/libRTX_CM4.a(rt_cmsis.o)
                0x00009004                osSignalSet
 .text.osSignalClear
                0x00009044       0x1c C:/ProgramData/MATLAB/SupportPackages/R2020a/3P.instrset/cmsis.instrset/CMSIS/RTOS/RTX/LIB/GCC/libRTX_CM4.a(rt_cmsis.o)
                0x00009044                osSignalClear
 .text.osSignalWait
                0x00009060       0x28 C:/ProgramData/MATLAB/SupportPackages/R2020a/3P.instrset/cmsis.instrset/CMSIS/RTOS/RTX/LIB/GCC/libRTX_CM4.a(rt_cmsis.o)
                0x00009060                osSignalWait
 .text.svcMessageGet
                0x00009088       0xa8 C:/ProgramData/MATLAB/SupportPackages/R2020a/3P.instrset/cmsis.instrset/CMSIS/RTOS/RTX/LIB/GCC/libRTX_CM4.a(rt_cmsis.o)
                0x00009088                svcMessageGet
 .text.rt_init_stack
                0x00009130       0xa4 C:/ProgramData/MATLAB/SupportPackages/R2020a/3P.instrset/cmsis.instrset/CMSIS/RTOS/RTX/LIB/GCC/libRTX_CM4.a(hal_cm.o)
                0x00009130                rt_init_stack
 .text.rt_ret_val
                0x000091d4       0x14 C:/ProgramData/MATLAB/SupportPackages/R2020a/3P.instrset/cmsis.instrset/CMSIS/RTOS/RTX/LIB/GCC/libRTX_CM4.a(hal_cm.o)
                0x000091d4                rt_ret_val
 .text.rt_ret_val2
                0x000091e8       0x24 C:/ProgramData/MATLAB/SupportPackages/R2020a/3P.instrset/cmsis.instrset/CMSIS/RTOS/RTX/LIB/GCC/libRTX_CM4.a(hal_cm.o)
                0x000091e8                rt_ret_val2
 .text.dbg_init
                0x0000920c       0x34 C:/ProgramData/MATLAB/SupportPackages/R2020a/3P.instrset/cmsis.instrset/CMSIS/RTOS/RTX/LIB/GCC/libRTX_CM4.a(hal_cm.o)
                0x0000920c                dbg_init
 .text.dbg_task_notify
                0x00009240       0x2c C:/ProgramData/MATLAB/SupportPackages/R2020a/3P.instrset/cmsis.instrset/CMSIS/RTOS/RTX/LIB/GCC/libRTX_CM4.a(hal_cm.o)
                0x00009240                dbg_task_notify
 .text.dbg_task_switch
                0x0000926c       0x14 C:/ProgramData/MATLAB/SupportPackages/R2020a/3P.instrset/cmsis.instrset/CMSIS/RTOS/RTX/LIB/GCC/libRTX_CM4.a(hal_cm.o)
                0x0000926c                dbg_task_switch
 .text.rt_init_mem
                0x00009280       0x1c C:/ProgramData/MATLAB/SupportPackages/R2020a/3P.instrset/cmsis.instrset/CMSIS/RTOS/RTX/LIB/GCC/libRTX_CM4.a(rt_memory.o)
                0x00009280                rt_init_mem
 .text.rt_alloc_mem
                0x0000929c       0x50 C:/ProgramData/MATLAB/SupportPackages/R2020a/3P.instrset/cmsis.instrset/CMSIS/RTOS/RTX/LIB/GCC/libRTX_CM4.a(rt_memory.o)
                0x0000929c                rt_alloc_mem
 .text.rt_free_mem
                0x000092ec       0x44 C:/ProgramData/MATLAB/SupportPackages/R2020a/3P.instrset/cmsis.instrset/CMSIS/RTOS/RTX/LIB/GCC/libRTX_CM4.a(rt_memory.o)
                0x000092ec                rt_free_mem
 .text._init_box
                0x00009330       0x58 C:/ProgramData/MATLAB/SupportPackages/R2020a/3P.instrset/cmsis.instrset/CMSIS/RTOS/RTX/LIB/GCC/libRTX_CM4.a(rt_membox.o)
                0x00009330                _init_box
 .text.rt_alloc_box
                0x00009388       0x1c C:/ProgramData/MATLAB/SupportPackages/R2020a/3P.instrset/cmsis.instrset/CMSIS/RTOS/RTX/LIB/GCC/libRTX_CM4.a(rt_membox.o)
                0x00009388                rt_alloc_box
 .text.rt_free_box
                0x000093a4       0x28 C:/ProgramData/MATLAB/SupportPackages/R2020a/3P.instrset/cmsis.instrset/CMSIS/RTOS/RTX/LIB/GCC/libRTX_CM4.a(rt_membox.o)
                0x000093a4                rt_free_box
 .text.rt_sem_psh
                0x000093cc       0x34 C:/ProgramData/MATLAB/SupportPackages/R2020a/3P.instrset/cmsis.instrset/CMSIS/RTOS/RTX/LIB/GCC/libRTX_CM4.a(rt_semaphore.o)
                0x000093cc                rt_sem_psh
 .text.rt_mbx_init
                0x00009400       0x1c C:/ProgramData/MATLAB/SupportPackages/R2020a/3P.instrset/cmsis.instrset/CMSIS/RTOS/RTX/LIB/GCC/libRTX_CM4.a(rt_mailbox.o)
                0x00009400                rt_mbx_init
 .text.rt_mbx_wait
                0x0000941c       0xa8 C:/ProgramData/MATLAB/SupportPackages/R2020a/3P.instrset/cmsis.instrset/CMSIS/RTOS/RTX/LIB/GCC/libRTX_CM4.a(rt_mailbox.o)
                0x0000941c                rt_mbx_wait
 .text.rt_mbx_check
                0x000094c4        0x8 C:/ProgramData/MATLAB/SupportPackages/R2020a/3P.instrset/cmsis.instrset/CMSIS/RTOS/RTX/LIB/GCC/libRTX_CM4.a(rt_mailbox.o)
                0x000094c4                rt_mbx_check
 .text.isr_mbx_send
                0x000094cc       0x10 C:/ProgramData/MATLAB/SupportPackages/R2020a/3P.instrset/cmsis.instrset/CMSIS/RTOS/RTX/LIB/GCC/libRTX_CM4.a(rt_mailbox.o)
                0x000094cc                isr_mbx_send
 .text.rt_mbx_psh
                0x000094dc       0xe4 C:/ProgramData/MATLAB/SupportPackages/R2020a/3P.instrset/cmsis.instrset/CMSIS/RTOS/RTX/LIB/GCC/libRTX_CM4.a(rt_mailbox.o)
                0x000094dc                rt_mbx_psh
 .text.rt_put_prio
                0x000095c0       0x50 C:/ProgramData/MATLAB/SupportPackages/R2020a/3P.instrset/cmsis.instrset/CMSIS/RTOS/RTX/LIB/GCC/libRTX_CM4.a(rt_list.o)
                0x000095c0                rt_put_prio
 .text.rt_get_first
                0x00009610       0x28 C:/ProgramData/MATLAB/SupportPackages/R2020a/3P.instrset/cmsis.instrset/CMSIS/RTOS/RTX/LIB/GCC/libRTX_CM4.a(rt_list.o)
                0x00009610                rt_get_first
 .text.rt_put_rdy_first
                0x00009638       0x14 C:/ProgramData/MATLAB/SupportPackages/R2020a/3P.instrset/cmsis.instrset/CMSIS/RTOS/RTX/LIB/GCC/libRTX_CM4.a(rt_list.o)
                0x00009638                rt_put_rdy_first
 .text.rt_resort_prio
                0x0000964c       0x94 C:/ProgramData/MATLAB/SupportPackages/R2020a/3P.instrset/cmsis.instrset/CMSIS/RTOS/RTX/LIB/GCC/libRTX_CM4.a(rt_list.o)
                0x0000964c                rt_resort_prio
 .text.rt_put_dly
                0x000096e0       0x60 C:/ProgramData/MATLAB/SupportPackages/R2020a/3P.instrset/cmsis.instrset/CMSIS/RTOS/RTX/LIB/GCC/libRTX_CM4.a(rt_list.o)
                0x000096e0                rt_put_dly
 .text.rt_dec_dly
                0x00009740       0xd8 C:/ProgramData/MATLAB/SupportPackages/R2020a/3P.instrset/cmsis.instrset/CMSIS/RTOS/RTX/LIB/GCC/libRTX_CM4.a(rt_list.o)
                0x00009740                rt_dec_dly
 .text.rt_rmv_list
                0x00009818       0x2c C:/ProgramData/MATLAB/SupportPackages/R2020a/3P.instrset/cmsis.instrset/CMSIS/RTOS/RTX/LIB/GCC/libRTX_CM4.a(rt_list.o)
                0x00009818                rt_rmv_list
 .text.rt_rmv_dly
                0x00009844       0x2c C:/ProgramData/MATLAB/SupportPackages/R2020a/3P.instrset/cmsis.instrset/CMSIS/RTOS/RTX/LIB/GCC/libRTX_CM4.a(rt_list.o)
                0x00009844                rt_rmv_dly
 .text.rt_psq_enq
                0x00009870       0x44 C:/ProgramData/MATLAB/SupportPackages/R2020a/3P.instrset/cmsis.instrset/CMSIS/RTOS/RTX/LIB/GCC/libRTX_CM4.a(rt_list.o)
                0x00009870                rt_psq_enq
 .text.rt_evt_wait
                0x000098b4       0x4c C:/ProgramData/MATLAB/SupportPackages/R2020a/3P.instrset/cmsis.instrset/CMSIS/RTOS/RTX/LIB/GCC/libRTX_CM4.a(rt_event.o)
                0x000098b4                rt_evt_wait
 .text.rt_evt_set
                0x00009900       0x58 C:/ProgramData/MATLAB/SupportPackages/R2020a/3P.instrset/cmsis.instrset/CMSIS/RTOS/RTX/LIB/GCC/libRTX_CM4.a(rt_event.o)
                0x00009900                rt_evt_set
 .text.rt_evt_clr
                0x00009958       0x18 C:/ProgramData/MATLAB/SupportPackages/R2020a/3P.instrset/cmsis.instrset/CMSIS/RTOS/RTX/LIB/GCC/libRTX_CM4.a(rt_event.o)
                0x00009958                rt_evt_clr
 .text.isr_evt_set
                0x00009970       0x24 C:/ProgramData/MATLAB/SupportPackages/R2020a/3P.instrset/cmsis.instrset/CMSIS/RTOS/RTX/LIB/GCC/libRTX_CM4.a(rt_event.o)
                0x00009970                isr_evt_set
 .text.rt_evt_psh
                0x00009994       0x50 C:/ProgramData/MATLAB/SupportPackages/R2020a/3P.instrset/cmsis.instrset/CMSIS/RTOS/RTX/LIB/GCC/libRTX_CM4.a(rt_event.o)
                0x00009994                rt_evt_psh
 .text.rt_psh_req
                0x000099e4       0x20 C:/ProgramData/MATLAB/SupportPackages/R2020a/3P.instrset/cmsis.instrset/CMSIS/RTOS/RTX/LIB/GCC/libRTX_CM4.a(rt_system.o)
                0x000099e4                rt_psh_req
 .text.rt_pop_req
                0x00009a04       0x78 C:/ProgramData/MATLAB/SupportPackages/R2020a/3P.instrset/cmsis.instrset/CMSIS/RTOS/RTX/LIB/GCC/libRTX_CM4.a(rt_system.o)
                0x00009a04                rt_pop_req
 .text.os_tick_init
                0x00009a7c       0x40 C:/ProgramData/MATLAB/SupportPackages/R2020a/3P.instrset/cmsis.instrset/CMSIS/RTOS/RTX/LIB/GCC/libRTX_CM4.a(rt_system.o)
                0x00009a7c                os_tick_init
 .text.os_tick_irqack
                0x00009abc        0x4 C:/ProgramData/MATLAB/SupportPackages/R2020a/3P.instrset/cmsis.instrset/CMSIS/RTOS/RTX/LIB/GCC/libRTX_CM4.a(rt_system.o)
                0x00009abc                os_tick_irqack
 .text.rt_systick
                0x00009ac0       0x3c C:/ProgramData/MATLAB/SupportPackages/R2020a/3P.instrset/cmsis.instrset/CMSIS/RTOS/RTX/LIB/GCC/libRTX_CM4.a(rt_system.o)
                0x00009ac0                rt_systick
 .text.rt_stk_check
                0x00009afc       0x24 C:/ProgramData/MATLAB/SupportPackages/R2020a/3P.instrset/cmsis.instrset/CMSIS/RTOS/RTX/LIB/GCC/libRTX_CM4.a(rt_system.o)
                0x00009afc                rt_stk_check
 .text.rt_switch_req
                0x00009b20       0x24 C:/ProgramData/MATLAB/SupportPackages/R2020a/3P.instrset/cmsis.instrset/CMSIS/RTOS/RTX/LIB/GCC/libRTX_CM4.a(rt_task.o)
                0x00009b20                rt_switch_req
 .text.rt_dispatch
                0x00009b44       0x7c C:/ProgramData/MATLAB/SupportPackages/R2020a/3P.instrset/cmsis.instrset/CMSIS/RTOS/RTX/LIB/GCC/libRTX_CM4.a(rt_task.o)
                0x00009b44                rt_dispatch
 .text.rt_block
                0x00009bc0       0x50 C:/ProgramData/MATLAB/SupportPackages/R2020a/3P.instrset/cmsis.instrset/CMSIS/RTOS/RTX/LIB/GCC/libRTX_CM4.a(rt_task.o)
                0x00009bc0                rt_block
 .text.rt_tsk_self
                0x00009c10       0x10 C:/ProgramData/MATLAB/SupportPackages/R2020a/3P.instrset/cmsis.instrset/CMSIS/RTOS/RTX/LIB/GCC/libRTX_CM4.a(rt_task.o)
                0x00009c10                rt_tsk_self
 .text.rt_tsk_prio
                0x00009c20       0xf8 C:/ProgramData/MATLAB/SupportPackages/R2020a/3P.instrset/cmsis.instrset/CMSIS/RTOS/RTX/LIB/GCC/libRTX_CM4.a(rt_task.o)
                0x00009c20                rt_tsk_prio
 .text.rt_tsk_create
                0x00009d18      0x110 C:/ProgramData/MATLAB/SupportPackages/R2020a/3P.instrset/cmsis.instrset/CMSIS/RTOS/RTX/LIB/GCC/libRTX_CM4.a(rt_task.o)
                0x00009d18                rt_tsk_create
 .text.rt_tsk_delete
                0x00009e28      0x1c4 C:/ProgramData/MATLAB/SupportPackages/R2020a/3P.instrset/cmsis.instrset/CMSIS/RTOS/RTX/LIB/GCC/libRTX_CM4.a(rt_task.o)
                0x00009e28                rt_tsk_delete
 .text.rt_sys_init
                0x00009fec       0xec C:/ProgramData/MATLAB/SupportPackages/R2020a/3P.instrset/cmsis.instrset/CMSIS/RTOS/RTX/LIB/GCC/libRTX_CM4.a(rt_task.o)
                0x00009fec                rt_sys_init
 .text.rt_sys_start
                0x0000a0d8       0x8c C:/ProgramData/MATLAB/SupportPackages/R2020a/3P.instrset/cmsis.instrset/CMSIS/RTOS/RTX/LIB/GCC/libRTX_CM4.a(rt_task.o)
                0x0000a0d8                rt_sys_start
 .text.OSA_TimeInit
                0x0000a164       0x44 C:/ProgramData/MATLAB/SupportPackages/R2020a/toolbox/target/supportpackages/freedomk64f/src/ksdk_armgcc_lib/bm/libksdk_platform.a(fsl_os_abstraction_bm.o)
                0x0000a164                OSA_TimeInit
 .text.OSA_TimeDiff
                0x0000a1a8        0xe C:/ProgramData/MATLAB/SupportPackages/R2020a/toolbox/target/supportpackages/freedomk64f/src/ksdk_armgcc_lib/bm/libksdk_platform.a(fsl_os_abstraction_bm.o)
                0x0000a1a8                OSA_TimeDiff
 *fill*         0x0000a1b6        0x2 
 .text.OSA_SemaCreate
                0x0000a1b8       0x2c C:/ProgramData/MATLAB/SupportPackages/R2020a/toolbox/target/supportpackages/freedomk64f/src/ksdk_armgcc_lib/bm/libksdk_platform.a(fsl_os_abstraction_bm.o)
                0x0000a1b8                OSA_SemaCreate
 .text.OSA_SemaPost
                0x0000a1e4       0x3c C:/ProgramData/MATLAB/SupportPackages/R2020a/toolbox/target/supportpackages/freedomk64f/src/ksdk_armgcc_lib/bm/libksdk_platform.a(fsl_os_abstraction_bm.o)
                0x0000a1e4                OSA_SemaPost
 .text.task_init
                0x0000a220       0x38 C:/ProgramData/MATLAB/SupportPackages/R2020a/toolbox/target/supportpackages/freedomk64f/src/ksdk_armgcc_lib/bm/libksdk_platform.a(fsl_os_abstraction_bm.o)
                0x0000a220                task_init
 .text.OSA_TimeGetMsec
                0x0000a258        0xc C:/ProgramData/MATLAB/SupportPackages/R2020a/toolbox/target/supportpackages/freedomk64f/src/ksdk_armgcc_lib/bm/libksdk_platform.a(fsl_os_abstraction_bm.o)
                0x0000a258                OSA_TimeGetMsec
 .text.OSA_TimeDelay
                0x0000a264       0x1c C:/ProgramData/MATLAB/SupportPackages/R2020a/toolbox/target/supportpackages/freedomk64f/src/ksdk_armgcc_lib/bm/libksdk_platform.a(fsl_os_abstraction_bm.o)
                0x0000a264                OSA_TimeDelay
 .text.OSA_Init
                0x0000a280        0xe C:/ProgramData/MATLAB/SupportPackages/R2020a/toolbox/target/supportpackages/freedomk64f/src/ksdk_armgcc_lib/bm/libksdk_platform.a(fsl_os_abstraction_bm.o)
                0x0000a280                OSA_Init
 *fill*         0x0000a28e        0x2 
 .text.CLOCK_SYS_SetMcgPeeToFbe
                0x0000a290       0x34 C:/ProgramData/MATLAB/SupportPackages/R2020a/toolbox/target/supportpackages/freedomk64f/src/ksdk_armgcc_lib/bm/libksdk_platform.a(fsl_clock_manager.o)
 .text.CLOCK_SYS_SetMcgMode
                0x0000a2c4      0x124 C:/ProgramData/MATLAB/SupportPackages/R2020a/toolbox/target/supportpackages/freedomk64f/src/ksdk_armgcc_lib/bm/libksdk_platform.a(fsl_clock_manager.o)
                0x0000a2c4                CLOCK_SYS_SetMcgMode
 .text.CLOCK_SYS_SetOscerConfigration
                0x0000a3e8       0x1c C:/ProgramData/MATLAB/SupportPackages/R2020a/toolbox/target/supportpackages/freedomk64f/src/ksdk_armgcc_lib/bm/libksdk_platform.a(fsl_clock_manager.o)
                0x0000a3e8                CLOCK_SYS_SetOscerConfigration
 .text.CLOCK_SYS_OscInit
                0x0000a404       0x9c C:/ProgramData/MATLAB/SupportPackages/R2020a/toolbox/target/supportpackages/freedomk64f/src/ksdk_armgcc_lib/bm/libksdk_platform.a(fsl_clock_manager.o)
                0x0000a404                CLOCK_SYS_OscInit
 .text.CLOCK_SYS_RtcOscInit
                0x0000a4a0       0x68 C:/ProgramData/MATLAB/SupportPackages/R2020a/toolbox/target/supportpackages/freedomk64f/src/ksdk_armgcc_lib/bm/libksdk_platform.a(fsl_clock_manager.o)
                0x0000a4a0                CLOCK_SYS_RtcOscInit
 .text.SIM_HAL_EnableClock.constprop.10
                0x0000a508       0x1c C:/ProgramData/MATLAB/SupportPackages/R2020a/toolbox/target/supportpackages/freedomk64f/src/ksdk_armgcc_lib/bm/libksdk_platform.a(fsl_clock_MK64F12.o)
 .text.CLOCK_SYS_GetCoreClockFreq
                0x0000a524       0x24 C:/ProgramData/MATLAB/SupportPackages/R2020a/toolbox/target/supportpackages/freedomk64f/src/ksdk_armgcc_lib/bm/libksdk_platform.a(fsl_clock_MK64F12.o)
                0x0000a524                CLOCK_SYS_GetCoreClockFreq
 .text.CLOCK_SYS_SetConfiguration
                0x0000a548       0x94 C:/ProgramData/MATLAB/SupportPackages/R2020a/toolbox/target/supportpackages/freedomk64f/src/ksdk_armgcc_lib/bm/libksdk_platform.a(fsl_clock_MK64F12.o)
                0x0000a548                CLOCK_SYS_SetConfiguration
 .text.CLOCK_SYS_FllStableDelay
                0x0000a5dc       0x1a C:/ProgramData/MATLAB/SupportPackages/R2020a/toolbox/target/supportpackages/freedomk64f/src/ksdk_armgcc_lib/bm/libksdk_platform.a(fsl_clock_MK64F12.o)
 *fill*         0x0000a5f6        0x2 
 .text.CLOCK_SYS_GetBusClockFreq
                0x0000a5f8       0x24 C:/ProgramData/MATLAB/SupportPackages/R2020a/toolbox/target/supportpackages/freedomk64f/src/ksdk_armgcc_lib/bm/libksdk_platform.a(fsl_clock_MK64F12.o)
                0x0000a5f8                CLOCK_SYS_GetBusClockFreq
 .text.CLOCK_SYS_GetUartFreq
                0x0000a61c       0x1a C:/ProgramData/MATLAB/SupportPackages/R2020a/toolbox/target/supportpackages/freedomk64f/src/ksdk_armgcc_lib/bm/libksdk_platform.a(fsl_clock_MK64F12.o)
                0x0000a61c                CLOCK_SYS_GetUartFreq
 *fill*         0x0000a636        0x2 
 .text.CLOCK_SYS_GetFtmExternalFreq
                0x0000a638       0x20 C:/ProgramData/MATLAB/SupportPackages/R2020a/toolbox/target/supportpackages/freedomk64f/src/ksdk_armgcc_lib/bm/libksdk_platform.a(fsl_clock_MK64F12.o)
                0x0000a638                CLOCK_SYS_GetFtmExternalFreq
 .text.CLOCK_SYS_EnablePortClock
                0x0000a658       0x30 C:/ProgramData/MATLAB/SupportPackages/R2020a/toolbox/target/supportpackages/freedomk64f/src/ksdk_armgcc_lib/bm/libksdk_platform.a(fsl_clock_MK64F12.o)
                0x0000a658                CLOCK_SYS_EnablePortClock
 .text.CLOCK_SYS_EnableAdcClock
                0x0000a688       0x30 C:/ProgramData/MATLAB/SupportPackages/R2020a/toolbox/target/supportpackages/freedomk64f/src/ksdk_armgcc_lib/bm/libksdk_platform.a(fsl_clock_MK64F12.o)
                0x0000a688                CLOCK_SYS_EnableAdcClock
 .text.CLOCK_SYS_EnableFtmClock
                0x0000a6b8       0x30 C:/ProgramData/MATLAB/SupportPackages/R2020a/toolbox/target/supportpackages/freedomk64f/src/ksdk_armgcc_lib/bm/libksdk_platform.a(fsl_clock_MK64F12.o)
                0x0000a6b8                CLOCK_SYS_EnableFtmClock
 .text.CLOCK_SYS_EnableI2cClock
                0x0000a6e8       0x30 C:/ProgramData/MATLAB/SupportPackages/R2020a/toolbox/target/supportpackages/freedomk64f/src/ksdk_armgcc_lib/bm/libksdk_platform.a(fsl_clock_MK64F12.o)
                0x0000a6e8                CLOCK_SYS_EnableI2cClock
 .text.CLOCK_SYS_EnableUartClock
                0x0000a718       0x30 C:/ProgramData/MATLAB/SupportPackages/R2020a/toolbox/target/supportpackages/freedomk64f/src/ksdk_armgcc_lib/bm/libksdk_platform.a(fsl_clock_MK64F12.o)
                0x0000a718                CLOCK_SYS_EnableUartClock
 .text.INT_SYS_EnableIRQGlobal
                0x0000a748       0x14 C:/ProgramData/MATLAB/SupportPackages/R2020a/toolbox/target/supportpackages/freedomk64f/src/ksdk_armgcc_lib/bm/libksdk_platform.a(fsl_interrupt_manager.o)
                0x0000a748                INT_SYS_EnableIRQGlobal
 .text.INT_SYS_DisableIRQGlobal
                0x0000a75c       0x10 C:/ProgramData/MATLAB/SupportPackages/R2020a/toolbox/target/supportpackages/freedomk64f/src/ksdk_armgcc_lib/bm/libksdk_platform.a(fsl_interrupt_manager.o)
                0x0000a75c                INT_SYS_DisableIRQGlobal
 .text.unlikely.ADC16_HAL_GetChnConvCompletedFlag.part.0
                0x0000a76c       0x1c C:/ProgramData/MATLAB/SupportPackages/R2020a/toolbox/target/supportpackages/freedomk64f/src/ksdk_armgcc_lib/bm/libksdk_platform.a(fsl_adc16_driver.o)
 .text.ADC16_DRV_StructInitUserConfigDefault
                0x0000a788       0x24 C:/ProgramData/MATLAB/SupportPackages/R2020a/toolbox/target/supportpackages/freedomk64f/src/ksdk_armgcc_lib/bm/libksdk_platform.a(fsl_adc16_driver.o)
                0x0000a788                ADC16_DRV_StructInitUserConfigDefault
 .text.ADC16_DRV_Init
                0x0000a7ac       0x90 C:/ProgramData/MATLAB/SupportPackages/R2020a/toolbox/target/supportpackages/freedomk64f/src/ksdk_armgcc_lib/bm/libksdk_platform.a(fsl_adc16_driver.o)
                0x0000a7ac                ADC16_DRV_Init
 .text.ADC16_DRV_SetChnMux
                0x0000a83c       0x40 C:/ProgramData/MATLAB/SupportPackages/R2020a/toolbox/target/supportpackages/freedomk64f/src/ksdk_armgcc_lib/bm/libksdk_platform.a(fsl_adc16_driver.o)
                0x0000a83c                ADC16_DRV_SetChnMux
 .text.ADC16_DRV_ConfigConvChn
                0x0000a87c       0x38 C:/ProgramData/MATLAB/SupportPackages/R2020a/toolbox/target/supportpackages/freedomk64f/src/ksdk_armgcc_lib/bm/libksdk_platform.a(fsl_adc16_driver.o)
                0x0000a87c                ADC16_DRV_ConfigConvChn
 .text.ADC16_DRV_WaitConvDone
                0x0000a8b4       0x48 C:/ProgramData/MATLAB/SupportPackages/R2020a/toolbox/target/supportpackages/freedomk64f/src/ksdk_armgcc_lib/bm/libksdk_platform.a(fsl_adc16_driver.o)
                0x0000a8b4                ADC16_DRV_WaitConvDone
 .text.ADC16_DRV_GetConvValueRAW
                0x0000a8fc       0x50 C:/ProgramData/MATLAB/SupportPackages/R2020a/toolbox/target/supportpackages/freedomk64f/src/ksdk_armgcc_lib/bm/libksdk_platform.a(fsl_adc16_driver.o)
                0x0000a8fc                ADC16_DRV_GetConvValueRAW
 .text.EDMA_HAL_SetErrorIntCmd
                0x0000a94c        0xa C:/ProgramData/MATLAB/SupportPackages/R2020a/toolbox/target/supportpackages/freedomk64f/src/ksdk_armgcc_lib/bm/libksdk_platform.a(fsl_edma_hal.o)
                0x0000a94c                EDMA_HAL_SetErrorIntCmd
 .text.EDMA_HAL_SetDmaRequestCmd
                0x0000a956        0xa C:/ProgramData/MATLAB/SupportPackages/R2020a/toolbox/target/supportpackages/freedomk64f/src/ksdk_armgcc_lib/bm/libksdk_platform.a(fsl_edma_hal.o)
                0x0000a956                EDMA_HAL_SetDmaRequestCmd
 .text.EDMA_HAL_HTCDClearReg
                0x0000a960       0x4a C:/ProgramData/MATLAB/SupportPackages/R2020a/toolbox/target/supportpackages/freedomk64f/src/ksdk_armgcc_lib/bm/libksdk_platform.a(fsl_edma_hal.o)
                0x0000a960                EDMA_HAL_HTCDClearReg
 .text.EDMA_HAL_Init
                0x0000a9aa       0x28 C:/ProgramData/MATLAB/SupportPackages/R2020a/toolbox/target/supportpackages/freedomk64f/src/ksdk_armgcc_lib/bm/libksdk_platform.a(fsl_edma_hal.o)
                0x0000a9aa                EDMA_HAL_Init
 *fill*         0x0000a9d2        0x2 
 .text.EDMA_HAL_HTCDSetAttribute
                0x0000a9d4       0x48 C:/ProgramData/MATLAB/SupportPackages/R2020a/toolbox/target/supportpackages/freedomk64f/src/ksdk_armgcc_lib/bm/libksdk_platform.a(fsl_edma_hal.o)
                0x0000a9d4                EDMA_HAL_HTCDSetAttribute
 .text.EDMA_HAL_HTCDSetNbytes
                0x0000aa1c       0x70 C:/ProgramData/MATLAB/SupportPackages/R2020a/toolbox/target/supportpackages/freedomk64f/src/ksdk_armgcc_lib/bm/libksdk_platform.a(fsl_edma_hal.o)
                0x0000aa1c                EDMA_HAL_HTCDSetNbytes
 .text.EDMA_HAL_HTCDGetNbytes
                0x0000aa8c       0x60 C:/ProgramData/MATLAB/SupportPackages/R2020a/toolbox/target/supportpackages/freedomk64f/src/ksdk_armgcc_lib/bm/libksdk_platform.a(fsl_edma_hal.o)
                0x0000aa8c                EDMA_HAL_HTCDGetNbytes
 .text.EDMA_HAL_HTCDSetChannelMinorLink
                0x0000aaec       0x74 C:/ProgramData/MATLAB/SupportPackages/R2020a/toolbox/target/supportpackages/freedomk64f/src/ksdk_armgcc_lib/bm/libksdk_platform.a(fsl_edma_hal.o)
                0x0000aaec                EDMA_HAL_HTCDSetChannelMinorLink
 .text.EDMA_HAL_HTCDSetMajorCount
                0x0000ab60       0x68 C:/ProgramData/MATLAB/SupportPackages/R2020a/toolbox/target/supportpackages/freedomk64f/src/ksdk_armgcc_lib/bm/libksdk_platform.a(fsl_edma_hal.o)
                0x0000ab60                EDMA_HAL_HTCDSetMajorCount
 .text.EDMA_HAL_HTCDGetUnfinishedBytes
                0x0000abc8       0x54 C:/ProgramData/MATLAB/SupportPackages/R2020a/toolbox/target/supportpackages/freedomk64f/src/ksdk_armgcc_lib/bm/libksdk_platform.a(fsl_edma_hal.o)
                0x0000abc8                EDMA_HAL_HTCDGetUnfinishedBytes
 .text.INT_SYS_EnableIRQ
                0x0000ac1c       0x48 C:/ProgramData/MATLAB/SupportPackages/R2020a/toolbox/target/supportpackages/freedomk64f/src/ksdk_armgcc_lib/bm/libksdk_platform.a(fsl_edma_driver.o)
 .text.EDMA_DRV_ClaimChannel
                0x0000ac64       0x6c C:/ProgramData/MATLAB/SupportPackages/R2020a/toolbox/target/supportpackages/freedomk64f/src/ksdk_armgcc_lib/bm/libksdk_platform.a(fsl_edma_driver.o)
 .text.EDMA_DRV_Init
                0x0000acd0       0x7c C:/ProgramData/MATLAB/SupportPackages/R2020a/toolbox/target/supportpackages/freedomk64f/src/ksdk_armgcc_lib/bm/libksdk_platform.a(fsl_edma_driver.o)
                0x0000acd0                EDMA_DRV_Init
 .text.EDMA_DRV_InstallCallback
                0x0000ad4c        0x8 C:/ProgramData/MATLAB/SupportPackages/R2020a/toolbox/target/supportpackages/freedomk64f/src/ksdk_armgcc_lib/bm/libksdk_platform.a(fsl_edma_driver.o)
                0x0000ad4c                EDMA_DRV_InstallCallback
 .text.EDMA_DRV_RequestChannel
                0x0000ad54       0x70 C:/ProgramData/MATLAB/SupportPackages/R2020a/toolbox/target/supportpackages/freedomk64f/src/ksdk_armgcc_lib/bm/libksdk_platform.a(fsl_edma_driver.o)
                0x0000ad54                EDMA_DRV_RequestChannel
 .text.EDMA_DRV_IRQHandler
                0x0000adc4       0x30 C:/ProgramData/MATLAB/SupportPackages/R2020a/toolbox/target/supportpackages/freedomk64f/src/ksdk_armgcc_lib/bm/libksdk_platform.a(fsl_edma_driver.o)
                0x0000adc4                EDMA_DRV_IRQHandler
 .text.EDMA_DRV_ErrorIRQHandler
                0x0000adf4       0x88 C:/ProgramData/MATLAB/SupportPackages/R2020a/toolbox/target/supportpackages/freedomk64f/src/ksdk_armgcc_lib/bm/libksdk_platform.a(fsl_edma_driver.o)
                0x0000adf4                EDMA_DRV_ErrorIRQHandler
 .text.FTM_HAL_SetClockSource
                0x0000ae7c       0x12 C:/ProgramData/MATLAB/SupportPackages/R2020a/toolbox/target/supportpackages/freedomk64f/src/ksdk_armgcc_lib/bm/libksdk_platform.a(fsl_ftm_driver.o)
 *fill*         0x0000ae8e        0x2 
 .text.unlikely.FTM_HAL_SetChnCountVal.part.2
                0x0000ae90       0x1c C:/ProgramData/MATLAB/SupportPackages/R2020a/toolbox/target/supportpackages/freedomk64f/src/ksdk_armgcc_lib/bm/libksdk_platform.a(fsl_ftm_driver.o)
 .text.FTM_DRV_Init
                0x0000aeac      0x108 C:/ProgramData/MATLAB/SupportPackages/R2020a/toolbox/target/supportpackages/freedomk64f/src/ksdk_armgcc_lib/bm/libksdk_platform.a(fsl_ftm_driver.o)
                0x0000aeac                FTM_DRV_Init
 .text.FTM_DRV_SetClock
                0x0000afb4       0x54 C:/ProgramData/MATLAB/SupportPackages/R2020a/toolbox/target/supportpackages/freedomk64f/src/ksdk_armgcc_lib/bm/libksdk_platform.a(fsl_ftm_driver.o)
                0x0000afb4                FTM_DRV_SetClock
 .text.FTM_DRV_GetClock
                0x0000b008       0x68 C:/ProgramData/MATLAB/SupportPackages/R2020a/toolbox/target/supportpackages/freedomk64f/src/ksdk_armgcc_lib/bm/libksdk_platform.a(fsl_ftm_driver.o)
                0x0000b008                FTM_DRV_GetClock
 .text.FTM_DRV_PwmStart
                0x0000b070      0x1c8 C:/ProgramData/MATLAB/SupportPackages/R2020a/toolbox/target/supportpackages/freedomk64f/src/ksdk_armgcc_lib/bm/libksdk_platform.a(fsl_ftm_driver.o)
                0x0000b070                FTM_DRV_PwmStart
 .text.unlikely.PORT_HAL_SetMuxMode.part.0
                0x0000b238       0x1c C:/ProgramData/MATLAB/SupportPackages/R2020a/toolbox/target/supportpackages/freedomk64f/src/ksdk_armgcc_lib/bm/libksdk_platform.a(fsl_gpio_driver.o)
 .text.GPIO_DRV_InputPinInit
                0x0000b254       0xe0 C:/ProgramData/MATLAB/SupportPackages/R2020a/toolbox/target/supportpackages/freedomk64f/src/ksdk_armgcc_lib/bm/libksdk_platform.a(fsl_gpio_driver.o)
                0x0000b254                GPIO_DRV_InputPinInit
 .text.GPIO_DRV_OutputPinInit
                0x0000b334       0x70 C:/ProgramData/MATLAB/SupportPackages/R2020a/toolbox/target/supportpackages/freedomk64f/src/ksdk_armgcc_lib/bm/libksdk_platform.a(fsl_gpio_driver.o)
                0x0000b334                GPIO_DRV_OutputPinInit
 .text.GPIO_DRV_WritePinOutput
                0x0000b3a4       0x1c C:/ProgramData/MATLAB/SupportPackages/R2020a/toolbox/target/supportpackages/freedomk64f/src/ksdk_armgcc_lib/bm/libksdk_platform.a(fsl_gpio_driver.o)
                0x0000b3a4                GPIO_DRV_WritePinOutput
 .text.GPIO_DRV_ReadPinInput
                0x0000b3c0       0x3c C:/ProgramData/MATLAB/SupportPackages/R2020a/toolbox/target/supportpackages/freedomk64f/src/ksdk_armgcc_lib/bm/libksdk_platform.a(fsl_gpio_driver.o)
                0x0000b3c0                GPIO_DRV_ReadPinInput
 .text.I2C_HAL_Init
                0x0000b3fc       0x1c C:/ProgramData/MATLAB/SupportPackages/R2020a/toolbox/target/supportpackages/freedomk64f/src/ksdk_armgcc_lib/bm/libksdk_platform.a(fsl_i2c_hal.o)
                0x0000b3fc                I2C_HAL_Init
 .text.I2C_HAL_SetBaudRate
                0x0000b418       0x70 C:/ProgramData/MATLAB/SupportPackages/R2020a/toolbox/target/supportpackages/freedomk64f/src/ksdk_armgcc_lib/bm/libksdk_platform.a(fsl_i2c_hal.o)
                0x0000b418                I2C_HAL_SetBaudRate
 .text.I2C_HAL_SendStart
                0x0000b488       0x1c C:/ProgramData/MATLAB/SupportPackages/R2020a/toolbox/target/supportpackages/freedomk64f/src/ksdk_armgcc_lib/bm/libksdk_platform.a(fsl_i2c_hal.o)
                0x0000b488                I2C_HAL_SendStart
 .text.I2C_HAL_SendStop
                0x0000b4a4       0x4c C:/ProgramData/MATLAB/SupportPackages/R2020a/toolbox/target/supportpackages/freedomk64f/src/ksdk_armgcc_lib/bm/libksdk_platform.a(fsl_i2c_hal.o)
                0x0000b4a4                I2C_HAL_SendStop
 .text.LPTMR_HAL_SetTimerWorkingMode
                0x0000b4f0       0x3c C:/ProgramData/MATLAB/SupportPackages/R2020a/toolbox/target/supportpackages/freedomk64f/src/ksdk_armgcc_lib/bm/libksdk_platform.a(fsl_lptmr_hal.o)
                0x0000b4f0                LPTMR_HAL_SetTimerWorkingMode
 .text.LPTMR_HAL_SetPrescalerMode
                0x0000b52c       0x1a C:/ProgramData/MATLAB/SupportPackages/R2020a/toolbox/target/supportpackages/freedomk64f/src/ksdk_armgcc_lib/bm/libksdk_platform.a(fsl_lptmr_hal.o)
                0x0000b52c                LPTMR_HAL_SetPrescalerMode
 .text.LPTMR_HAL_GetCounterValue
                0x0000b546        0xe C:/ProgramData/MATLAB/SupportPackages/R2020a/toolbox/target/supportpackages/freedomk64f/src/ksdk_armgcc_lib/bm/libksdk_platform.a(fsl_lptmr_hal.o)
                0x0000b546                LPTMR_HAL_GetCounterValue
 .text.CLOCK_HAL_TestOscFreq
                0x0000b554       0x28 C:/ProgramData/MATLAB/SupportPackages/R2020a/toolbox/target/supportpackages/freedomk64f/src/ksdk_armgcc_lib/bm/libksdk_platform.a(fsl_mcg_hal.o)
                0x0000b554                CLOCK_HAL_TestOscFreq
 .text.CLOCK_HAL_GetMcgExternalClkFreq
                0x0000b57c        0xa C:/ProgramData/MATLAB/SupportPackages/R2020a/toolbox/target/supportpackages/freedomk64f/src/ksdk_armgcc_lib/bm/libksdk_platform.a(fsl_mcg_hal.o)
 .text.CLOCK_HAL_TestFllExternalRefFreq
                0x0000b586       0x32 C:/ProgramData/MATLAB/SupportPackages/R2020a/toolbox/target/supportpackages/freedomk64f/src/ksdk_armgcc_lib/bm/libksdk_platform.a(fsl_mcg_hal.o)
                0x0000b586                CLOCK_HAL_TestFllExternalRefFreq
 .text.CLOCK_HAL_GetFllRefClk
                0x0000b5b8       0x3c C:/ProgramData/MATLAB/SupportPackages/R2020a/toolbox/target/supportpackages/freedomk64f/src/ksdk_armgcc_lib/bm/libksdk_platform.a(fsl_mcg_hal.o)
                0x0000b5b8                CLOCK_HAL_GetFllRefClk
 .text.CLOCK_HAL_TestFllFreq
                0x0000b5f4       0x34 C:/ProgramData/MATLAB/SupportPackages/R2020a/toolbox/target/supportpackages/freedomk64f/src/ksdk_armgcc_lib/bm/libksdk_platform.a(fsl_mcg_hal.o)
                0x0000b5f4                CLOCK_HAL_TestFllFreq
 .text.CLOCK_HAL_GetFllClk
                0x0000b628       0x36 C:/ProgramData/MATLAB/SupportPackages/R2020a/toolbox/target/supportpackages/freedomk64f/src/ksdk_armgcc_lib/bm/libksdk_platform.a(fsl_mcg_hal.o)
                0x0000b628                CLOCK_HAL_GetFllClk
 .text.CLOCK_HAL_UpdateFastClkInternalRefDiv
                0x0000b65e       0x52 C:/ProgramData/MATLAB/SupportPackages/R2020a/toolbox/target/supportpackages/freedomk64f/src/ksdk_armgcc_lib/bm/libksdk_platform.a(fsl_mcg_hal.o)
                0x0000b65e                CLOCK_HAL_UpdateFastClkInternalRefDiv
 .text.CLOCK_HAL_GetPll0Clk
                0x0000b6b0       0x3e C:/ProgramData/MATLAB/SupportPackages/R2020a/toolbox/target/supportpackages/freedomk64f/src/ksdk_armgcc_lib/bm/libksdk_platform.a(fsl_mcg_hal.o)
                0x0000b6b0                CLOCK_HAL_GetPll0Clk
 .text.CLOCK_HAL_EnablePll0InFllMode
                0x0000b6ee       0x38 C:/ProgramData/MATLAB/SupportPackages/R2020a/toolbox/target/supportpackages/freedomk64f/src/ksdk_armgcc_lib/bm/libksdk_platform.a(fsl_mcg_hal.o)
                0x0000b6ee                CLOCK_HAL_EnablePll0InFllMode
 *fill*         0x0000b726        0x2 
 .text.CLOCK_HAL_GetInternalRefClk
                0x0000b728       0x3c C:/ProgramData/MATLAB/SupportPackages/R2020a/toolbox/target/supportpackages/freedomk64f/src/ksdk_armgcc_lib/bm/libksdk_platform.a(fsl_mcg_hal.o)
                0x0000b728                CLOCK_HAL_GetInternalRefClk
 .text.CLOCK_HAL_GetOutClk
                0x0000b764       0x22 C:/ProgramData/MATLAB/SupportPackages/R2020a/toolbox/target/supportpackages/freedomk64f/src/ksdk_armgcc_lib/bm/libksdk_platform.a(fsl_mcg_hal.o)
                0x0000b764                CLOCK_HAL_GetOutClk
 .text.CLOCK_HAL_GetFixedFreqClk
                0x0000b786       0x20 C:/ProgramData/MATLAB/SupportPackages/R2020a/toolbox/target/supportpackages/freedomk64f/src/ksdk_armgcc_lib/bm/libksdk_platform.a(fsl_mcg_hal.o)
                0x0000b786                CLOCK_HAL_GetFixedFreqClk
 .text.CLOCK_HAL_SetOsc0Mode
                0x0000b7a6       0x24 C:/ProgramData/MATLAB/SupportPackages/R2020a/toolbox/target/supportpackages/freedomk64f/src/ksdk_armgcc_lib/bm/libksdk_platform.a(fsl_mcg_hal.o)
                0x0000b7a6                CLOCK_HAL_SetOsc0Mode
 .text.CLOCK_HAL_PrepareOsc
                0x0000b7ca       0x2c C:/ProgramData/MATLAB/SupportPackages/R2020a/toolbox/target/supportpackages/freedomk64f/src/ksdk_armgcc_lib/bm/libksdk_platform.a(fsl_mcg_hal_modes.o)
 .text.CLOCK_HAL_GetMcgMode
                0x0000b7f6       0x72 C:/ProgramData/MATLAB/SupportPackages/R2020a/toolbox/target/supportpackages/freedomk64f/src/ksdk_armgcc_lib/bm/libksdk_platform.a(fsl_mcg_hal_modes.o)
                0x0000b7f6                CLOCK_HAL_GetMcgMode
 .text.CLOCK_HAL_SetFbiMode
                0x0000b868       0xb8 C:/ProgramData/MATLAB/SupportPackages/R2020a/toolbox/target/supportpackages/freedomk64f/src/ksdk_armgcc_lib/bm/libksdk_platform.a(fsl_mcg_hal_modes.o)
                0x0000b868                CLOCK_HAL_SetFbiMode
 .text.CLOCK_HAL_SetFbeMode
                0x0000b920       0xea C:/ProgramData/MATLAB/SupportPackages/R2020a/toolbox/target/supportpackages/freedomk64f/src/ksdk_armgcc_lib/bm/libksdk_platform.a(fsl_mcg_hal_modes.o)
                0x0000b920                CLOCK_HAL_SetFbeMode
 *fill*         0x0000ba0a        0x2 
 .text.CLOCK_HAL_SetPbeMode
                0x0000ba0c       0xd0 C:/ProgramData/MATLAB/SupportPackages/R2020a/toolbox/target/supportpackages/freedomk64f/src/ksdk_armgcc_lib/bm/libksdk_platform.a(fsl_mcg_hal_modes.o)
                0x0000ba0c                CLOCK_HAL_SetPbeMode
 .text.OSC_HAL_SetCapacitor
                0x0000badc        0xe C:/ProgramData/MATLAB/SupportPackages/R2020a/toolbox/target/supportpackages/freedomk64f/src/ksdk_armgcc_lib/bm/libksdk_platform.a(fsl_osc_hal.o)
                0x0000badc                OSC_HAL_SetCapacitor
 .text.CLOCK_HAL_SetOutDiv
                0x0000baea       0x28 C:/ProgramData/MATLAB/SupportPackages/R2020a/toolbox/target/supportpackages/freedomk64f/src/ksdk_armgcc_lib/bm/libksdk_platform.a(fsl_sim_hal_MK64F12.o)
                0x0000baea                CLOCK_HAL_SetOutDiv
 *fill*         0x0000bb12        0x2 
 .text.SIM_HAL_GetFtmExternalClkPinMode
                0x0000bb14       0x50 C:/ProgramData/MATLAB/SupportPackages/R2020a/toolbox/target/supportpackages/freedomk64f/src/ksdk_armgcc_lib/bm/libksdk_platform.a(fsl_sim_hal_MK64F12.o)
                0x0000bb14                SIM_HAL_GetFtmExternalClkPinMode
 .text.UART_DRV_CompleteSendData
                0x0000bb64       0x54 C:/ProgramData/MATLAB/SupportPackages/R2020a/toolbox/target/supportpackages/freedomk64f/src/ksdk_armgcc_lib/bm/libksdk_platform.a(fsl_uart_driver.o)
 .text.UART_DRV_CompleteReceiveData
                0x0000bbb8       0x5c C:/ProgramData/MATLAB/SupportPackages/R2020a/toolbox/target/supportpackages/freedomk64f/src/ksdk_armgcc_lib/bm/libksdk_platform.a(fsl_uart_driver.o)
 .text.UART_DRV_IRQHandler
                0x0000bc14       0xdc C:/ProgramData/MATLAB/SupportPackages/R2020a/toolbox/target/supportpackages/freedomk64f/src/ksdk_armgcc_lib/bm/libksdk_platform.a(fsl_uart_driver.o)
                0x0000bc14                UART_DRV_IRQHandler
 .text.EDMA_HAL_HTCDSetIntCmd
                0x0000bcf0       0x14 C:/ProgramData/MATLAB/SupportPackages/R2020a/toolbox/target/supportpackages/freedomk64f/src/ksdk_armgcc_lib/bm/libksdk_platform.a(fsl_uart_edma_driver.o)
 .text.UART_DRV_EdmaCompleteSendData
                0x0000bd04       0x60 C:/ProgramData/MATLAB/SupportPackages/R2020a/toolbox/target/supportpackages/freedomk64f/src/ksdk_armgcc_lib/bm/libksdk_platform.a(fsl_uart_edma_driver.o)
 .text.UART_DRV_EdmaTxCallback
                0x0000bd64        0x4 C:/ProgramData/MATLAB/SupportPackages/R2020a/toolbox/target/supportpackages/freedomk64f/src/ksdk_armgcc_lib/bm/libksdk_platform.a(fsl_uart_edma_driver.o)
 .text.UART_DRV_EdmaCompleteReceiveData
                0x0000bd68       0x64 C:/ProgramData/MATLAB/SupportPackages/R2020a/toolbox/target/supportpackages/freedomk64f/src/ksdk_armgcc_lib/bm/libksdk_platform.a(fsl_uart_edma_driver.o)
 .text.UART_DRV_EdmaRxCallback
                0x0000bdcc        0x4 C:/ProgramData/MATLAB/SupportPackages/R2020a/toolbox/target/supportpackages/freedomk64f/src/ksdk_armgcc_lib/bm/libksdk_platform.a(fsl_uart_edma_driver.o)
 .text.UART_DRV_EdmaStartSendData
                0x0000bdd0       0x70 C:/ProgramData/MATLAB/SupportPackages/R2020a/toolbox/target/supportpackages/freedomk64f/src/ksdk_armgcc_lib/bm/libksdk_platform.a(fsl_uart_edma_driver.o)
 .text.UART_DRV_EdmaInit
                0x0000be40      0x23c C:/ProgramData/MATLAB/SupportPackages/R2020a/toolbox/target/supportpackages/freedomk64f/src/ksdk_armgcc_lib/bm/libksdk_platform.a(fsl_uart_edma_driver.o)
                0x0000be40                UART_DRV_EdmaInit
 .text.UART_DRV_EdmaSendData
                0x0000c07c       0x48 C:/ProgramData/MATLAB/SupportPackages/R2020a/toolbox/target/supportpackages/freedomk64f/src/ksdk_armgcc_lib/bm/libksdk_platform.a(fsl_uart_edma_driver.o)
                0x0000c07c                UART_DRV_EdmaSendData
 .text.UART_DRV_EdmaGetTransmitStatus
                0x0000c0c4       0x58 C:/ProgramData/MATLAB/SupportPackages/R2020a/toolbox/target/supportpackages/freedomk64f/src/ksdk_armgcc_lib/bm/libksdk_platform.a(fsl_uart_edma_driver.o)
                0x0000c0c4                UART_DRV_EdmaGetTransmitStatus
 .text.ADC16_HAL_Init
                0x0000c11c       0x10 C:/ProgramData/MATLAB/SupportPackages/R2020a/toolbox/target/supportpackages/freedomk64f/src/ksdk_armgcc_lib/bm/libksdk_platform.a(fsl_adc16_hal.o)
                0x0000c11c                ADC16_HAL_Init
 .text.ADC16_HAL_ConfigChn
                0x0000c12c       0x40 C:/ProgramData/MATLAB/SupportPackages/R2020a/toolbox/target/supportpackages/freedomk64f/src/ksdk_armgcc_lib/bm/libksdk_platform.a(fsl_adc16_hal.o)
                0x0000c12c                ADC16_HAL_ConfigChn
 .text.ADC16_HAL_ConfigConverter
                0x0000c16c       0x92 C:/ProgramData/MATLAB/SupportPackages/R2020a/toolbox/target/supportpackages/freedomk64f/src/ksdk_armgcc_lib/bm/libksdk_platform.a(fsl_adc16_hal.o)
                0x0000c16c                ADC16_HAL_ConfigConverter
 .text.DMAMUX_HAL_Init
                0x0000c1fe       0x1e C:/ProgramData/MATLAB/SupportPackages/R2020a/toolbox/target/supportpackages/freedomk64f/src/ksdk_armgcc_lib/bm/libksdk_platform.a(fsl_dmamux_hal.o)
                0x0000c1fe                DMAMUX_HAL_Init
 .text.unlikely.FTM_HAL_SetChnEdgeLevel.part.0
                0x0000c21c       0x1c C:/ProgramData/MATLAB/SupportPackages/R2020a/toolbox/target/supportpackages/freedomk64f/src/ksdk_armgcc_lib/bm/libksdk_platform.a(fsl_ftm_hal.o)
 .text.FTM_HAL_Init
                0x0000c238       0x38 C:/ProgramData/MATLAB/SupportPackages/R2020a/toolbox/target/supportpackages/freedomk64f/src/ksdk_armgcc_lib/bm/libksdk_platform.a(fsl_ftm_hal.o)
                0x0000c238                FTM_HAL_Init
 .text.FTM_HAL_SetSyncMode
                0x0000c270       0x94 C:/ProgramData/MATLAB/SupportPackages/R2020a/toolbox/target/supportpackages/freedomk64f/src/ksdk_armgcc_lib/bm/libksdk_platform.a(fsl_ftm_hal.o)
                0x0000c270                FTM_HAL_SetSyncMode
 .text.FTM_HAL_Reset
                0x0000c304       0x3e C:/ProgramData/MATLAB/SupportPackages/R2020a/toolbox/target/supportpackages/freedomk64f/src/ksdk_armgcc_lib/bm/libksdk_platform.a(fsl_ftm_hal.o)
                0x0000c304                FTM_HAL_Reset
 .text.FTM_HAL_GetChnPairIndex
                0x0000c342       0x1e C:/ProgramData/MATLAB/SupportPackages/R2020a/toolbox/target/supportpackages/freedomk64f/src/ksdk_armgcc_lib/bm/libksdk_platform.a(fsl_ftm_hal.o)
                0x0000c342                FTM_HAL_GetChnPairIndex
 .text.FTM_HAL_EnablePwmMode
                0x0000c360       0xcc C:/ProgramData/MATLAB/SupportPackages/R2020a/toolbox/target/supportpackages/freedomk64f/src/ksdk_armgcc_lib/bm/libksdk_platform.a(fsl_ftm_hal.o)
                0x0000c360                FTM_HAL_EnablePwmMode
 .text.GPIO_HAL_SetPinDir
                0x0000c42c       0x34 C:/ProgramData/MATLAB/SupportPackages/R2020a/toolbox/target/supportpackages/freedomk64f/src/ksdk_armgcc_lib/bm/libksdk_platform.a(fsl_gpio_hal.o)
                0x0000c42c                GPIO_HAL_SetPinDir
 .text.GPIO_HAL_WritePinOutput
                0x0000c460       0x30 C:/ProgramData/MATLAB/SupportPackages/R2020a/toolbox/target/supportpackages/freedomk64f/src/ksdk_armgcc_lib/bm/libksdk_platform.a(fsl_gpio_hal.o)
                0x0000c460                GPIO_HAL_WritePinOutput
 .text.UART_HAL_Init
                0x0000c490       0x2a C:/ProgramData/MATLAB/SupportPackages/R2020a/toolbox/target/supportpackages/freedomk64f/src/ksdk_armgcc_lib/bm/libksdk_platform.a(fsl_uart_hal.o)
                0x0000c490                UART_HAL_Init
 .text.UART_HAL_SetBaudRate
                0x0000c4ba       0x42 C:/ProgramData/MATLAB/SupportPackages/R2020a/toolbox/target/supportpackages/freedomk64f/src/ksdk_armgcc_lib/bm/libksdk_platform.a(fsl_uart_hal.o)
                0x0000c4ba                UART_HAL_SetBaudRate
 .text.UART_HAL_SetParityMode
                0x0000c4fc       0x14 C:/ProgramData/MATLAB/SupportPackages/R2020a/toolbox/target/supportpackages/freedomk64f/src/ksdk_armgcc_lib/bm/libksdk_platform.a(fsl_uart_hal.o)
                0x0000c4fc                UART_HAL_SetParityMode
 .text.UART_HAL_Putchar
                0x0000c510        0x6 C:/ProgramData/MATLAB/SupportPackages/R2020a/toolbox/target/supportpackages/freedomk64f/src/ksdk_armgcc_lib/bm/libksdk_platform.a(fsl_uart_hal.o)
                0x0000c510                UART_HAL_Putchar
 .text.UART_HAL_Getchar
                0x0000c516        0x8 C:/ProgramData/MATLAB/SupportPackages/R2020a/toolbox/target/supportpackages/freedomk64f/src/ksdk_armgcc_lib/bm/libksdk_platform.a(fsl_uart_hal.o)
                0x0000c516                UART_HAL_Getchar
 .text.UART_HAL_SetIntMode
                0x0000c51e       0x66 C:/ProgramData/MATLAB/SupportPackages/R2020a/toolbox/target/supportpackages/freedomk64f/src/ksdk_armgcc_lib/bm/libksdk_platform.a(fsl_uart_hal.o)
                0x0000c51e                UART_HAL_SetIntMode
 .text.UART_HAL_SetTxDmaCmd
                0x0000c584       0x24 C:/ProgramData/MATLAB/SupportPackages/R2020a/toolbox/target/supportpackages/freedomk64f/src/ksdk_armgcc_lib/bm/libksdk_platform.a(fsl_uart_hal.o)
                0x0000c584                UART_HAL_SetTxDmaCmd
 .text.UART_HAL_SetRxDmaCmd
                0x0000c5a8       0x16 C:/ProgramData/MATLAB/SupportPackages/R2020a/toolbox/target/supportpackages/freedomk64f/src/ksdk_armgcc_lib/bm/libksdk_platform.a(fsl_uart_hal.o)
                0x0000c5a8                UART_HAL_SetRxDmaCmd
 .text.UART_HAL_GetStatusFlag
                0x0000c5be       0x2a C:/ProgramData/MATLAB/SupportPackages/R2020a/toolbox/target/supportpackages/freedomk64f/src/ksdk_armgcc_lib/bm/libksdk_platform.a(fsl_uart_hal.o)
                0x0000c5be                UART_HAL_GetStatusFlag
 .text.UART_HAL_ClearStatusFlag
                0x0000c5e8       0x64 C:/ProgramData/MATLAB/SupportPackages/R2020a/toolbox/target/supportpackages/freedomk64f/src/ksdk_armgcc_lib/bm/libksdk_platform.a(fsl_uart_hal.o)
                0x0000c5e8                UART_HAL_ClearStatusFlag
 *fill*         0x0000c64c        0x4 
 .text.floor    0x0000c650      0x110 c:/progra~3/matlab/suppor~1/r2020a/3p778c~1.ins/gnuarm~1.ins/win/bin/../lib/gcc/arm-none-eabi/7.2.1/../../../../arm-none-eabi/lib/thumb/v7e-m/fpv4-sp/hard\libm.a(lib_a-s_floor.o)
                0x0000c650                floor