Archive member included to satisfy reference by file (symbol)

C:/ProgramData/MATLAB/SupportPackages/R2020a/3P.instrset/cmsis.instrset/CMSIS/RTOS/RTX/LIB/GCC/libRTX_CM4.a(rt_cmsis.o)
                              RTX_Conf_CM.o (osKernelInitialize)
C:/ProgramData/MATLAB/SupportPackages/R2020a/3P.instrset/cmsis.instrset/CMSIS/RTOS/RTX/LIB/GCC/libRTX_CM4.a(hal_cm.o)
                              C:/ProgramData/MATLAB/SupportPackages/R2020a/3P.instrset/cmsis.instrset/CMSIS/RTOS/RTX/LIB/GCC/libRTX_CM4.a(rt_cmsis.o) (rt_ret_val)
C:/ProgramData/MATLAB/SupportPackages/R2020a/3P.instrset/cmsis.instrset/CMSIS/RTOS/RTX/LIB/GCC/libRTX_CM4.a(rt_memory.o)
                              C:/ProgramData/MATLAB/SupportPackages/R2020a/3P.instrset/cmsis.instrset/CMSIS/RTOS/RTX/LIB/GCC/libRTX_CM4.a(rt_cmsis.o) (rt_init_mem)
C:/ProgramData/MATLAB/SupportPackages/R2020a/3P.instrset/cmsis.instrset/CMSIS/RTOS/RTX/LIB/GCC/libRTX_CM4.a(rt_membox.o)
                              C:/ProgramData/MATLAB/SupportPackages/R2020a/3P.instrset/cmsis.instrset/CMSIS/RTOS/RTX/LIB/GCC/libRTX_CM4.a(rt_cmsis.o) (_init_box)
C:/ProgramData/MATLAB/SupportPackages/R2020a/3P.instrset/cmsis.instrset/CMSIS/RTOS/RTX/LIB/GCC/libRTX_CM4.a(rt_mutex.o)
                              C:/ProgramData/MATLAB/SupportPackages/R2020a/3P.instrset/cmsis.instrset/CMSIS/RTOS/RTX/LIB/GCC/libRTX_CM4.a(rt_cmsis.o) (rt_mut_init)
C:/ProgramData/MATLAB/SupportPackages/R2020a/3P.instrset/cmsis.instrset/CMSIS/RTOS/RTX/LIB/GCC/libRTX_CM4.a(rt_time.o)
                              C:/ProgramData/MATLAB/SupportPackages/R2020a/3P.instrset/cmsis.instrset/CMSIS/RTOS/RTX/LIB/GCC/libRTX_CM4.a(rt_cmsis.o) (os_time)
C:/ProgramData/MATLAB/SupportPackages/R2020a/3P.instrset/cmsis.instrset/CMSIS/RTOS/RTX/LIB/GCC/libRTX_CM4.a(rt_semaphore.o)
                              C:/ProgramData/MATLAB/SupportPackages/R2020a/3P.instrset/cmsis.instrset/CMSIS/RTOS/RTX/LIB/GCC/libRTX_CM4.a(rt_cmsis.o) (rt_sem_init)
C:/ProgramData/MATLAB/SupportPackages/R2020a/3P.instrset/cmsis.instrset/CMSIS/RTOS/RTX/LIB/GCC/libRTX_CM4.a(rt_mailbox.o)
                              C:/ProgramData/MATLAB/SupportPackages/R2020a/3P.instrset/cmsis.instrset/CMSIS/RTOS/RTX/LIB/GCC/libRTX_CM4.a(rt_cmsis.o) (rt_mbx_init)
C:/ProgramData/MATLAB/SupportPackages/R2020a/3P.instrset/cmsis.instrset/CMSIS/RTOS/RTX/LIB/GCC/libRTX_CM4.a(rt_list.o)
                              C:/ProgramData/MATLAB/SupportPackages/R2020a/3P.instrset/cmsis.instrset/CMSIS/RTOS/RTX/LIB/GCC/libRTX_CM4.a(rt_cmsis.o) (rt_put_prio)
C:/ProgramData/MATLAB/SupportPackages/R2020a/3P.instrset/cmsis.instrset/CMSIS/RTOS/RTX/LIB/GCC/libRTX_CM4.a(rt_event.o)
                              C:/ProgramData/MATLAB/SupportPackages/R2020a/3P.instrset/cmsis.instrset/CMSIS/RTOS/RTX/LIB/GCC/libRTX_CM4.a(rt_cmsis.o) (rt_evt_wait)
C:/ProgramData/MATLAB/SupportPackages/R2020a/3P.instrset/cmsis.instrset/CMSIS/RTOS/RTX/LIB/GCC/libRTX_CM4.a(rt_system.o)
                              C:/ProgramData/MATLAB/SupportPackages/R2020a/3P.instrset/cmsis.instrset/CMSIS/RTOS/RTX/LIB/GCC/libRTX_CM4.a(rt_cmsis.o) (rt_suspend)
C:/ProgramData/MATLAB/SupportPackages/R2020a/3P.instrset/cmsis.instrset/CMSIS/RTOS/RTX/LIB/GCC/libRTX_CM4.a(rt_task.o)
                              C:/ProgramData/MATLAB/SupportPackages/R2020a/3P.instrset/cmsis.instrset/CMSIS/RTOS/RTX/LIB/GCC/libRTX_CM4.a(rt_system.o) (rt_switch_req)
C:/ProgramData/MATLAB/SupportPackages/R2020a/3P.instrset/cmsis.instrset/CMSIS/RTOS/RTX/LIB/GCC/libRTX_CM4.a(hal_cm4.o)
                              C:/ProgramData/MATLAB/SupportPackages/R2020a/3P.instrset/cmsis.instrset/CMSIS/RTOS/RTX/LIB/GCC/libRTX_CM4.a(rt_task.o) (rt_get_PSP)
C:/ProgramData/MATLAB/SupportPackages/R2020a/3P.instrset/cmsis.instrset/CMSIS/RTOS/RTX/LIB/GCC/libRTX_CM4.a(svc_table.o)
                              C:/ProgramData/MATLAB/SupportPackages/R2020a/3P.instrset/cmsis.instrset/CMSIS/RTOS/RTX/LIB/GCC/libRTX_CM4.a(hal_cm4.o) (SVC_Table)
C:/ProgramData/MATLAB/SupportPackages/R2020a/3P.instrset/cmsis.instrset/CMSIS/RTOS/RTX/LIB/GCC/libRTX_CM4.a(rt_robin.o)
                              C:/ProgramData/MATLAB/SupportPackages/R2020a/3P.instrset/cmsis.instrset/CMSIS/RTOS/RTX/LIB/GCC/libRTX_CM4.a(rt_system.o) (os_robin)
C:/ProgramData/MATLAB/SupportPackages/R2020a/toolbox/target/supportpackages/freedomk64f/src/ksdk_armgcc_lib/bm/libksdk_platform.a(fsl_os_abstraction_bm.o)
                              hardware_init.o (OSA_Init)
C:/ProgramData/MATLAB/SupportPackages/R2020a/toolbox/target/supportpackages/freedomk64f/src/ksdk_armgcc_lib/bm/libksdk_platform.a(fsl_clock_manager.o)
                              board.o (CLOCK_SYS_OscInit)
C:/ProgramData/MATLAB/SupportPackages/R2020a/toolbox/target/supportpackages/freedomk64f/src/ksdk_armgcc_lib/bm/libksdk_platform.a(fsl_clock_manager_common.o)
                              C:/ProgramData/MATLAB/SupportPackages/R2020a/toolbox/target/supportpackages/freedomk64f/src/ksdk_armgcc_lib/bm/libksdk_platform.a(fsl_clock_manager.o) (g_oscBase)
[...]
Memory Configuration

Name             Origin             Length             Attributes
m_interrupts     0x00000000         0x00000400         xr
m_flash_config   0x00000400         0x00000010         xr
m_text           0x00000410         0x000ffbf0         xr
m_data_2         0x1fff0000         0x00010000         rw
m_data           0x20000000         0x00030000         rw
*default*        0x00000000         0xffffffff

Linker script and memory map

LOAD c:/progra~3/matlab/suppor~1/r2020a/3p778c~1.ins/gnuarm~1.ins/win/bin/../lib/gcc/arm-none-eabi/7.2.1/thumb/v7e-m/fpv4-sp/hard/crti.o
LOAD c:/progra~3/matlab/suppor~1/r2020a/3p778c~1.ins/gnuarm~1.ins/win/bin/../lib/gcc/arm-none-eabi/7.2.1/thumb/v7e-m/fpv4-sp/hard/crtbegin.o
LOAD c:/progra~3/matlab/suppor~1/r2020a/3p778c~1.ins/gnuarm~1.ins/win/bin/../lib/gcc/arm-none-eabi/7.2.1/../../../../arm-none-eabi/lib/thumb/v7e-m/fpv4-sp/hard/crt0.o
LOAD MW_PWM.o
LOAD MW_digitalIO.o
LOAD PTHS.o
LOAD PTHS_data.o
LOAD RTX_Conf_CM.o
LOAD board.o
LOAD cmsis_rtos_init.o
LOAD ert_main.o
LOAD fsl_edma_irq.o
LOAD fsl_misc_utilities.o
LOAD fsl_uart_irq.o
LOAD hardware_init.o
LOAD irq_stub.o
LOAD mw_sdk_interface.o
LOAD mw_semaphore.o
LOAD mw_signal.o
LOAD mw_thread.o
LOAD mw_timer.o
LOAD pin_mux.o
LOAD rtGetInf.o
LOAD rtGetNaN.o
LOAD rt_nonfinite.o
LOAD sbrk.o
LOAD startup.o
LOAD startup_MK64F12.o
LOAD system_MK64F12.o
LOAD C:/ProgramData/MATLAB/SupportPackages/R2020a/3P.instrset/cmsis.instrset/CMSIS/Lib/GCC/libarm_cortexM4lf_math.a
LOAD C:/ProgramData/MATLAB/SupportPackages/R2020a/3P.instrset/cmsis.instrset/CMSIS/RTOS/RTX/LIB/GCC/libRTX_CM4.a
LOAD C:/ProgramData/MATLAB/SupportPackages/R2020a/toolbox/target/supportpackages/freedomk64f/src/ksdk_armgcc_lib/bm/libksdk_platform.a
LOAD c:/progra~3/matlab/suppor~1/r2020a/3p778c~1.ins/gnuarm~1.ins/win/bin/../lib/gcc/arm-none-eabi/7.2.1/../../../../arm-none-eabi/lib/thumb/v7e-m/fpv4-sp/hard\libstdc++.a
LOAD c:/progra~3/matlab/suppor~1/r2020a/3p778c~1.ins/gnuarm~1.ins/win/bin/../lib/gcc/arm-none-eabi/7.2.1/../../../../arm-none-eabi/lib/thumb/v7e-m/fpv4-sp/hard\libm.a
START GROUP
LOAD c:/progra~3/matlab/suppor~1/r2020a/3p778c~1.ins/gnuarm~1.ins/win/bin/../lib/gcc/arm-none-eabi/7.2.1/thumb/v7e-m/fpv4-sp/hard\libgcc.a
LOAD c:/progra~3/matlab/suppor~1/r2020a/3p778c~1.ins/gnuarm~1.ins/win/bin/../lib/gcc/arm-none-eabi/7.2.1/../../../../arm-none-eabi/lib/thumb/v7e-m/fpv4-sp/hard\libg.a
LOAD c:/progra~3/matlab/suppor~1/r2020a/3p778c~1.ins/gnuarm~1.ins/win/bin/../lib/gcc/arm-none-eabi/7.2.1/../../../../arm-none-eabi/lib/thumb/v7e-m/fpv4-sp/hard\libc.a
END GROUP
START GROUP
LOAD c:/progra~3/matlab/suppor~1/r2020a/3p778c~1.ins/gnuarm~1.ins/win/bin/../lib/gcc/arm-none-eabi/7.2.1/thumb/v7e-m/fpv4-sp/hard\libgcc.a
LOAD c:/progra~3/matlab/suppor~1/r2020a/3p778c~1.ins/gnuarm~1.ins/win/bin/../lib/gcc/arm-none-eabi/7.2.1/../../../../arm-none-eabi/lib/thumb/v7e-m/fpv4-sp/hard\libc.a
LOAD c:/progra~3/matlab/suppor~1/r2020a/3p778c~1.ins/gnuarm~1.ins/win/bin/../lib/gcc/arm-none-eabi/7.2.1/../../../../arm-none-eabi/lib/thumb/v7e-m/fpv4-sp/hard\libnosys.a
END GROUP
LOAD c:/progra~3/matlab/suppor~1/r2020a/3p778c~1.ins/gnuarm~1.ins/win/bin/../lib/gcc/arm-none-eabi/7.2.1/thumb/v7e-m/fpv4-sp/hard/crtend.o
LOAD c:/progra~3/matlab/suppor~1/r2020a/3p778c~1.ins/gnuarm~1.ins/win/bin/../lib/gcc/arm-none-eabi/7.2.1/thumb/v7e-m/fpv4-sp/hard/crtn.o
                0x00000400                HEAP_SIZE = DEFINED (__heap_size__)?__heap_size__:0x400
                0x00000400                STACK_SIZE = DEFINED (__stack_size__)?__stack_size__:0x400
                0x00000000                M_VECTOR_RAM_SIZE = DEFINED (__ram_vector_table__)?0x400:0x0

.interrupts     0x00000000      0x400
                0x00000000                __VECTOR_TABLE = .
                0x00000000                . = ALIGN (0x4)
 *(.isr_vector)
 .isr_vector    0x00000000      0x400 startup_MK64F12.o
                0x00000000                __isr_vector
                0x00000400                . = ALIGN (0x4)

.flash_config   0x00000400       0x10
                0x00000400                . = ALIGN (0x4)
 *(.FlashConfig)
 .FlashConfig   0x00000400       0x10 startup_MK64F12.o
                0x00000410                . = ALIGN (0x4)

.text           0x00000440     0xb7f8
                0x00000440                . = ALIGN (0x4)
 *(.text)
 .text          0x00000440       0x40 c:/progra~3/matlab/suppor~1/r2020a/3p778c~1.ins/gnuarm~1.ins/win/bin/../lib/gcc/arm-none-eabi/7.2.1/thumb/v7e-m/fpv4-sp/hard/crtbegin.o
 .text          0x00000480       0x74 c:/progra~3/matlab/suppor~1/r2020a/3p778c~1.ins/gnuarm~1.ins/win/bin/../lib/gcc/arm-none-eabi/7.2.1/../../../../arm-none-eabi/lib/thumb/v7e-m/fpv4-sp/hard/crt0.o
                0x00000480                _start
                0x00000480                _mainCRTStartup
 .text          0x000004f4       0x14 startup_MK64F12.o
                0x000004f4                Reset_Handler
                0x00000504                ENET_Receive_IRQHandler
                0x00000504                ENET_1588_Timer_IRQHandler
                0x00000504                DefaultISR
                0x00000504                PIT2_IRQHandler
                0x00000504                PIT0_IRQHandler
                0x00000504                ENET_Error_IRQHandler
                0x00000504                PIT3_IRQHandler
                0x00000504                SDHC_IRQHandler
                0x00000504                ENET_Transmit_IRQHandler
                0x00000504                PIT1_IRQHandler
 .text          0x00000508      0x198 C:/ProgramData/MATLAB/SupportPackages/R2020a/3P.instrset/cmsis.instrset/CMSIS/RTOS/RTX/LIB/GCC/libRTX_CM4.a(hal_cm4.o)
                0x00000508                rt_set_PSP
                0x0000050e                rt_get_PSP
                0x00000514                os_set_env
                0x0000052c                _alloc_box
                0x00000548                _free_box
                0x00000564                SVC_Handler
                0x0000060a                PendSV_Handler
                0x00000610                Sys_Switch
                0x0000066a                SysTick_Handler
                0x00000674                OS_Tick_Handler
 .text          0x000006a0      0x378 c:/progra~3/matlab/suppor~1/r2020a/3p778c~1.ins/gnuarm~1.ins/win/bin/../lib/gcc/arm-none-eabi/7.2.1/thumb/v7e-m/fpv4-sp/hard\libgcc.a(_arm_addsubdf3.o)
                0x000006a0                __aeabi_drsub
                0x000006a8                __aeabi_dsub
                0x000006a8                __subdf3
                0x000006ac                __aeabi_dadd
                0x000006ac                __adddf3
                0x00000924                __floatunsidf
                0x00000924                __aeabi_ui2d
                0x00000944                __floatsidf
                0x00000944                __aeabi_i2d
                0x00000968                __aeabi_f2d
                0x00000968                __extendsfdf2
                0x000009ac                __floatundidf
                0x000009ac                __aeabi_ul2d
                0x000009bc                __floatdidf
                0x000009bc                __aeabi_l2d
 .text          0x00000a18      0x424 c:/progra~3/matlab/suppor~1/r2020a/3p778c~1.ins/gnuarm~1.ins/win/bin/../lib/gcc/arm-none-eabi/7.2.1/thumb/v7e-m/fpv4-sp/hard\libgcc.a(_arm_muldivdf3.o)
                0x00000a18                __aeabi_dmul
                0x00000a18                __muldf3
                0x00000c6c                __divdf3
                0x00000c6c                __aeabi_ddiv
 .text          0x00000e3c      0x110 c:/progra~3/matlab/suppor~1/r2020a/3p778c~1.ins/gnuarm~1.ins/win/bin/../lib/gcc/arm-none-eabi/7.2.1/thumb/v7e-m/fpv4-sp/hard\libgcc.a(_arm_cmpdf2.o)
                0x00000e3c                __gtdf2
                0x00000e3c                __gedf2
                0x00000e44                __ltdf2
                0x00000e44                __ledf2
                0x00000e4c                __nedf2
                0x00000e4c                __eqdf2
                0x00000e4c                __cmpdf2
                0x00000ec8                __aeabi_cdrcmple
                0x00000ed8                __aeabi_cdcmpeq
                0x00000ed8                __aeabi_cdcmple
                0x00000ee8                __aeabi_dcmpeq
                0x00000efc                __aeabi_dcmplt
                0x00000f10                __aeabi_dcmple
                0x00000f24                __aeabi_dcmpge
                0x00000f38                __aeabi_dcmpgt
 .text          0x00000f4c       0x2c c:/progra~3/matlab/suppor~1/r2020a/3p778c~1.ins/gnuarm~1.ins/win/bin/../lib/gcc/arm-none-eabi/7.2.1/thumb/v7e-m/fpv4-sp/hard\libgcc.a(_arm_unorddf2.o)
                0x00000f4c                __unorddf2
                0x00000f4c                __aeabi_dcmpun
 .text          0x00000f78       0x40 c:/progra~3/matlab/suppor~1/r2020a/3p778c~1.ins/gnuarm~1.ins/win/bin/../lib/gcc/arm-none-eabi/7.2.1/thumb/v7e-m/fpv4-sp/hard\libgcc.a(_arm_fixunsdfsi.o)
                0x00000f78                __aeabi_d2uiz
                0x00000f78                __fixunsdfsi
 .text          0x00000fb8       0xa0 c:/progra~3/matlab/suppor~1/r2020a/3p778c~1.ins/gnuarm~1.ins/win/bin/../lib/gcc/arm-none-eabi/7.2.1/thumb/v7e-m/fpv4-sp/hard\libgcc.a(_arm_truncdfsf2.o)
                0x00000fb8                __truncdfsf2
                0x00000fb8                __aeabi_d2f
 .text          0x00001058       0x30 c:/progra~3/matlab/suppor~1/r2020a/3p778c~1.ins/gnuarm~1.ins/win/bin/../lib/gcc/arm-none-eabi/7.2.1/thumb/v7e-m/fpv4-sp/hard\libgcc.a(_aeabi_uldivmod.o)
                0x00001058                __aeabi_uldivmod
 .text          0x00001088      0x2cc c:/progra~3/matlab/suppor~1/r2020a/3p778c~1.ins/gnuarm~1.ins/win/bin/../lib/gcc/arm-none-eabi/7.2.1/thumb/v7e-m/fpv4-sp/hard\libgcc.a(_udivmoddi4.o)
                0x00001088                __udivmoddi4
 .text          0x00001354      0x9ec c:/progra~3/matlab/suppor~1/r2020a/3p778c~1.ins/gnuarm~1.ins/win/bin/../lib/gcc/arm-none-eabi/7.2.1/thumb/v7e-m/fpv4-sp/hard\libgcc.a(unwind-arm.o)
                0x00001608                _Unwind_GetCFA
                0x0000160c                __gnu_Unwind_RaiseException
                0x0000166c                __gnu_Unwind_ForcedUnwind
                0x00001680                __gnu_Unwind_Resume
                0x000016c4                __gnu_Unwind_Resume_or_Rethrow
                0x000016d4                _Unwind_Complete
                0x000016d8                _Unwind_DeleteException
                0x000016e4                _Unwind_VRS_Get
                0x00001728                _Unwind_VRS_Set
                0x00001770                __gnu_Unwind_Backtrace
                0x00001ab4                __aeabi_unwind_cpp_pr0
                0x00001ab8                __aeabi_unwind_cpp_pr1
                0x00001abc                __aeabi_unwind_cpp_pr2
                0x00001ac0                _Unwind_VRS_Pop
 .text          0x00001d40      0x1ac c:/progra~3/matlab/suppor~1/r2020a/3p778c~1.ins/gnuarm~1.ins/win/bin/../lib/gcc/arm-none-eabi/7.2.1/thumb/v7e-m/fpv4-sp/hard\libgcc.a(libunwind.o)
                0x00001d40                __restore_core_regs
                0x00001d40                restore_core_regs
                0x00001d58                __gnu_Unwind_Restore_VFP
                0x00001d60                __gnu_Unwind_Save_VFP
                0x00001d68                __gnu_Unwind_Restore_VFP_D
                0x00001d70                __gnu_Unwind_Save_VFP_D
                0x00001d78                __gnu_Unwind_Restore_VFP_D_16_to_31
                0x00001d80                __gnu_Unwind_Save_VFP_D_16_to_31
                0x00001d88                __gnu_Unwind_Restore_WMMXD
                0x00001dcc                __gnu_Unwind_Save_WMMXD
                0x00001e10                __gnu_Unwind_Restore_WMMXC
                0x00001e24                __gnu_Unwind_Save_WMMXC
                0x00001e38                ___Unwind_RaiseException
                0x00001e38                _Unwind_RaiseException
                0x00001e5c                _Unwind_Resume
                0x00001e5c                ___Unwind_Resume
                0x00001e80                _Unwind_Resume_or_Rethrow
                0x00001e80                ___Unwind_Resume_or_Rethrow
                0x00001ea4                _Unwind_ForcedUnwind
                0x00001ea4                ___Unwind_ForcedUnwind
                0x00001ec8                ___Unwind_Backtrace
                0x00001ec8                _Unwind_Backtrace
 .text          0x00001eec      0x374 c:/progra~3/matlab/suppor~1/r2020a/3p778c~1.ins/gnuarm~1.ins/win/bin/../lib/gcc/arm-none-eabi/7.2.1/thumb/v7e-m/fpv4-sp/hard\libgcc.a(pr-support.o)
                0x00001f44                __gnu_unwind_execute
                0x00002208                __gnu_unwind_frame
                0x00002230                _Unwind_GetRegionStart
                0x0000223c                _Unwind_GetLanguageSpecificData
                0x00002250                _Unwind_GetDataRelBase
                0x00002258                _Unwind_GetTextRelBase
 .text          0x00002260        0x4 c:/progra~3/matlab/suppor~1/r2020a/3p778c~1.ins/gnuarm~1.ins/win/bin/../lib/gcc/arm-none-eabi/7.2.1/thumb/v7e-m/fpv4-sp/hard\libgcc.a(_dvmd_tls.o)
                0x00002260                __aeabi_idiv0
                0x00002260                __aeabi_ldiv0
 .text          0x00002264      0x134 c:/progra~3/matlab/suppor~1/r2020a/3p778c~1.ins/gnuarm~1.ins/win/bin/../lib/gcc/arm-none-eabi/7.2.1/../../../../arm-none-eabi/lib/thumb/v7e-m/fpv4-sp/hard\libg.a(lib_a-memcpy.o)
                0x00002264                memcpy
 *fill*         0x00002398        0x8 
 .text          0x000023a0       0xa0 c:/progra~3/matlab/suppor~1/r2020a/3p778c~1.ins/gnuarm~1.ins/win/bin/../lib/gcc/arm-none-eabi/7.2.1/../../../../arm-none-eabi/lib/thumb/v7e-m/fpv4-sp/hard\libg.a(lib_a-memchr.o)
                0x000023a0                memchr
 .text          0x00002440       0xdc c:/progra~3/matlab/suppor~1/r2020a/3p778c~1.ins/gnuarm~1.ins/win/bin/../lib/gcc/arm-none-eabi/7.2.1/../../../../arm-none-eabi/lib/thumb/v7e-m/fpv4-sp/hard\libg.a(lib_a-strlen.o)
                0x00002440                strlen
 *(.text*)
 .text.PORT_HAL_SetMuxMode
                0x0000251c       0x58 MW_PWM.o
 .text.FTM_HAL_SetClockSource
                0x00002574       0x2e MW_PWM.o
 *fill*         0x000025a2        0x2 
 .text.MW_PWM_Open
                0x000025a4      0x164 MW_PWM.o
                0x000025a4                MW_PWM_Open
 .text.MW_PWM_Start
                0x00002708       0x14 MW_PWM.o
                0x00002708                MW_PWM_Start
 .text.MW_PWM_SetDutyCycle
                0x0000271c       0x7c MW_PWM.o
                0x0000271c                MW_PWM_SetDutyCycle
 .text.MW_PWM_Stop
                0x00002798       0x2c MW_PWM.o
                0x00002798                MW_PWM_Stop
 .text.MW_PWM_Close
                0x000027c4       0x14 MW_PWM.o
                0x000027c4                MW_PWM_Close
 .text.MW_digitalIO_open
                0x000027d8       0xe0 MW_digitalIO.o
                0x000027d8                MW_digitalIO_open
 .text.MW_digitalIO_read
                0x000028b8       0x70 MW_digitalIO.o
                0x000028b8                MW_digitalIO_read
 .text.MW_digitalIO_write
                0x00002928       0x7e MW_digitalIO.o
                0x00002928                MW_digitalIO_write
 .text.MW_digitalIO_close
                0x000029a6       0x3c MW_digitalIO.o
                0x000029a6                MW_digitalIO_close
 *fill*         0x000029e2        0x2 
 .text.PTHS_NON_DUAL_MODES
                0x000029e4      0x570 PTHS.o
 .text.SystemCore_relea_f3az1rpryocjcx
                0x00002f54       0x2a PTHS.o
 .text.SystemCore_delet_f3az1rpryocjcx
                0x00002f7e       0x16 PTHS.o
 .text.matlabCodegenHan_f3az1rpryocjcx
                0x00002f94       0x24 PTHS.o
 .text.PTHS_SystemCore_release
                0x00002fb8       0x2a PTHS.o
 .text.PTHS_SystemCore_delete
                0x00002fe2       0x16 PTHS.o
 .text.matlabCodegenHandle_matlabCodeg
                0x00002ff8       0x24 PTHS.o
 .text.PTHS_SystemCore_release_f3
                0x0000301c       0x34 PTHS.o
 .text.PTHS_SystemCore_delete_f3
                0x00003050       0x16 PTHS.o
 .text.matlabCodegenHandle_matlabCo_f3
                0x00003066       0x24 PTHS.o
 *fill*         0x0000308a        0x6 
 .text.PTHS_step
                0x00003090      0xa40 PTHS.o
                0x00003090                PTHS_step
 .text.PTHS_initialize
                0x00003ad0      0x4f4 PTHS.o
                0x00003ad0                PTHS_initialize
 .text.PTHS_terminate
                0x00003fc4       0xa8 PTHS.o
                0x00003fc4                PTHS_terminate
 .text.os_idle_demon
                0x0000406c        0x6 RTX_Conf_CM.o
                0x0000406c                os_idle_demon
 *fill*         0x00004072        0x2 
 .text.os_error
                0x00004074       0x2c RTX_Conf_CM.o
                0x00004074                os_error
 .text.rt_init_robin
                0x000040a0        0x2 RTX_Conf_CM.o
                0x000040a0                rt_init_robin
 .text.rt_chk_robin
                0x000040a2        0x2 RTX_Conf_CM.o
                0x000040a2                rt_chk_robin
 .text.software_init_hook
                0x000040a4       0x34 RTX_Conf_CM.o
                0x000040a4                software_init_hook
 .text.PORT_HAL_SetMuxMode
                0x000040d8       0x58 board.o
 .text.SMC_HAL_SetProtection
                0x00004130       0x1e board.o
 *fill*         0x0000414e        0x2 
 .text.BOARD_InitOsc0
                0x00004150       0x30 board.o
                0x00004150                BOARD_InitOsc0
 .text.BOARD_InitRtcOsc
                0x00004180       0x28 board.o
                0x00004180                BOARD_InitRtcOsc
 .text.BOARD_ClockInit
                0x000041a8       0x34 board.o
                0x000041a8                BOARD_ClockInit
 .text.schedulerTask
                0x000041dc       0x1c cmsis_rtos_init.o
                0x000041dc                schedulerTask
 .text.mw_initSignalEvents
                0x000041f8       0x40 cmsis_rtos_init.o
                0x000041f8                mw_initSignalEvents
 .text.mw_RTOSInit
                0x00004238       0x8c cmsis_rtos_init.o
                0x00004238                mw_RTOSInit
 .text.baseRateTask
                0x000042c4       0x7c ert_main.o
                0x000042c4                baseRateTask
 .text.terminateTask
                0x00004340       0x34 ert_main.o
                0x00004340                terminateTask
 .text.main     0x00004374       0x48 ert_main.o
                0x00004374                main
 .text.DMA0_IRQHandler
                0x000043bc        0xe fsl_edma_irq.o
                0x000043bc                DMA0_IRQHandler
 .text.DMA1_IRQHandler
                0x000043ca        0xe fsl_edma_irq.o
                0x000043ca                DMA1_IRQHandler
 .text.DMA2_IRQHandler
                0x000043d8        0xe fsl_edma_irq.o
                0x000043d8                DMA2_IRQHandler
 .text.DMA3_IRQHandler
                0x000043e6        0xe fsl_edma_irq.o
                0x000043e6                DMA3_IRQHandler
 .text.DMA4_IRQHandler
                0x000043f4        0xe fsl_edma_irq.o
                0x000043f4                DMA4_IRQHandler
 .text.DMA5_IRQHandler
                0x00004402        0xe fsl_edma_irq.o
                0x00004402                DMA5_IRQHandler
 .text.DMA6_IRQHandler
                0x00004410        0xe fsl_edma_irq.o
                0x00004410                DMA6_IRQHandler
 .text.DMA7_IRQHandler
                0x0000441e        0xe fsl_edma_irq.o
                0x0000441e                DMA7_IRQHandler
 .text.DMA8_IRQHandler
                0x0000442c        0xe fsl_edma_irq.o
                0x0000442c                DMA8_IRQHandler
 .text.DMA9_IRQHandler
                0x0000443a        0xe fsl_edma_irq.o
                0x0000443a                DMA9_IRQHandler
 .text.DMA10_IRQHandler
                0x00004448        0xe fsl_edma_irq.o
                0x00004448                DMA10_IRQHandler
 .text.DMA11_IRQHandler
                0x00004456        0xe fsl_edma_irq.o
                0x00004456                DMA11_IRQHandler
 .text.DMA12_IRQHandler
                0x00004464        0xe fsl_edma_irq.o
                0x00004464                DMA12_IRQHandler
 .text.DMA13_IRQHandler
                0x00004472        0xe fsl_edma_irq.o
                0x00004472                DMA13_IRQHandler
 .text.DMA14_IRQHandler
                0x00004480        0xe fsl_edma_irq.o
                0x00004480                DMA14_IRQHandler
 .text.DMA15_IRQHandler
                0x0000448e        0xe fsl_edma_irq.o
                0x0000448e                DMA15_IRQHandler
 .text.DMA_Error_IRQHandler
                0x0000449c        0xe fsl_edma_irq.o
                0x0000449c                DMA_Error_IRQHandler
 .text.UART0_RX_TX_IRQHandler
                0x000044aa        0xe fsl_uart_irq.o
                0x000044aa                UART0_RX_TX_IRQHandler
 .text.UART1_RX_TX_IRQHandler
                0x000044b8        0xe fsl_uart_irq.o
                0x000044b8                UART1_RX_TX_IRQHandler
 .text.UART2_RX_TX_IRQHandler
                0x000044c6        0xe fsl_uart_irq.o
                0x000044c6                UART2_RX_TX_IRQHandler
 .text.UART3_RX_TX_IRQHandler
                0x000044d4        0xe fsl_uart_irq.o
                0x000044d4                UART3_RX_TX_IRQHandler
 .text.UART4_RX_TX_IRQHandler
                0x000044e2        0xe fsl_uart_irq.o
                0x000044e2                UART4_RX_TX_IRQHandler
 .text.UART5_RX_TX_IRQHandler
                0x000044f0        0xe fsl_uart_irq.o
                0x000044f0                UART5_RX_TX_IRQHandler
 .text.hardware_init
                0x000044fe       0x30 hardware_init.o
                0x000044fe                hardware_init
 .text.NMI_Handler
                0x0000452e        0x6 irq_stub.o
                0x0000452e                NMI_Handler
 .text.HardFault_Handler
                0x00004534        0x6 irq_stub.o
                0x00004534                HardFault_Handler
 .text.MemManage_Handler
                0x0000453a        0x6 irq_stub.o
                0x0000453a                MemManage_Handler
 .text.BusFault_Handler
                0x00004540        0x6 irq_stub.o
                0x00004540                BusFault_Handler
 .text.UsageFault_Handler
                0x00004546        0x6 irq_stub.o
                0x00004546                UsageFault_Handler
 .text.DebugMon_Handler
                0x0000454c        0x6 irq_stub.o
                0x0000454c                DebugMon_Handler
 .text.MCM_IRQHandler
                0x00004552        0x6 irq_stub.o
                0x00004552                MCM_IRQHandler
 .text.FTFE_IRQHandler
                0x00004558        0x6 irq_stub.o
                0x00004558                FTFE_IRQHandler
 .text.Read_Collision_IRQHandler
                0x0000455e        0x6 irq_stub.o
                0x0000455e                Read_Collision_IRQHandler
 .text.LVD_LVW_IRQHandler
                0x00004564        0x6 irq_stub.o
                0x00004564                LVD_LVW_IRQHandler
 .text.LLWU_IRQHandler
                0x0000456a        0x6 irq_stub.o
                0x0000456a                LLWU_IRQHandler
 .text.WDOG_EWM_IRQHandler
                0x00004570        0x6 irq_stub.o
                0x00004570                WDOG_EWM_IRQHandler
 .text.RNG_IRQHandler
                0x00004576        0x6 irq_stub.o
                0x00004576                RNG_IRQHandler
 .text.I2C0_IRQHandler
                0x0000457c        0x6 irq_stub.o
                0x0000457c                I2C0_IRQHandler
 .text.I2C1_IRQHandler
                0x00004582        0x6 irq_stub.o
                0x00004582                I2C1_IRQHandler
 .text.SPI0_IRQHandler
                0x00004588        0x6 irq_stub.o
                0x00004588                SPI0_IRQHandler
 .text.SPI1_IRQHandler
                0x0000458e        0x6 irq_stub.o
                0x0000458e                SPI1_IRQHandler
 .text.I2S0_Tx_IRQHandler
                0x00004594        0x6 irq_stub.o
                0x00004594                I2S0_Tx_IRQHandler
 .text.I2S0_Rx_IRQHandler
                0x0000459a        0x6 irq_stub.o
                0x0000459a                I2S0_Rx_IRQHandler
 .text.UART0_LON_IRQHandler
                0x000045a0        0x6 irq_stub.o
                0x000045a0                UART0_LON_IRQHandler
 .text.UART0_ERR_IRQHandler
                0x000045a6        0x6 irq_stub.o
                0x000045a6                UART0_ERR_IRQHandler
 .text.UART1_ERR_IRQHandler
                0x000045ac        0x6 irq_stub.o
                0x000045ac                UART1_ERR_IRQHandler
 .text.UART2_ERR_IRQHandler
                0x000045b2        0x6 irq_stub.o
                0x000045b2                UART2_ERR_IRQHandler
 .text.UART3_ERR_IRQHandler
                0x000045b8        0x6 irq_stub.o
                0x000045b8                UART3_ERR_IRQHandler
 .text.ADC0_IRQHandler
                0x000045be        0x6 irq_stub.o
                0x000045be                ADC0_IRQHandler
 .text.CMP0_IRQHandler
                0x000045c4        0x6 irq_stub.o
                0x000045c4                CMP0_IRQHandler
 .text.CMP1_IRQHandler
                0x000045ca        0x6 irq_stub.o
                0x000045ca                CMP1_IRQHandler
 .text.FTM0_IRQHandler
                0x000045d0        0x6 irq_stub.o
                0x000045d0                FTM0_IRQHandler
 .text.FTM1_IRQHandler
                0x000045d6        0x6 irq_stub.o
                0x000045d6                FTM1_IRQHandler
 .text.FTM2_IRQHandler
                0x000045dc        0x6 irq_stub.o
                0x000045dc                FTM2_IRQHandler
 .text.CMT_IRQHandler
                0x000045e2        0x6 irq_stub.o
                0x000045e2                CMT_IRQHandler
 .text.RTC_IRQHandler
                0x000045e8        0x6 irq_stub.o
                0x000045e8                RTC_IRQHandler
 .text.RTC_Seconds_IRQHandler
                0x000045ee        0x6 irq_stub.o
                0x000045ee                RTC_Seconds_IRQHandler
 .text.PDB0_IRQHandler
                0x000045f4        0x6 irq_stub.o
                0x000045f4                PDB0_IRQHandler
 .text.USB0_IRQHandler
                0x000045fa        0x6 irq_stub.o
                0x000045fa                USB0_IRQHandler
 .text.USBDCD_IRQHandler
                0x00004600        0x6 irq_stub.o
                0x00004600                USBDCD_IRQHandler
 .text.Reserved71_IRQHandler
                0x00004606        0x6 irq_stub.o
                0x00004606                Reserved71_IRQHandler
 .text.DAC0_IRQHandler
                0x0000460c        0x6 irq_stub.o
                0x0000460c                DAC0_IRQHandler
 .text.MCG_IRQHandler
                0x00004612        0x6 irq_stub.o
                0x00004612                MCG_IRQHandler
 .text.LPTMR0_IRQHandler
                0x00004618        0x6 irq_stub.o
                0x00004618                LPTMR0_IRQHandler
 .text.PORTA_IRQHandler
                0x0000461e        0x6 irq_stub.o
                0x0000461e                PORTA_IRQHandler
 .text.PORTB_IRQHandler
                0x00004624        0x6 irq_stub.o
                0x00004624                PORTB_IRQHandler
 .text.PORTC_IRQHandler
                0x0000462a        0x6 irq_stub.o
                0x0000462a                PORTC_IRQHandler
 .text.PORTD_IRQHandler
                0x00004630        0x6 irq_stub.o
                0x00004630                PORTD_IRQHandler
 .text.PORTE_IRQHandler
                0x00004636        0x6 irq_stub.o
                0x00004636                PORTE_IRQHandler
 .text.SWI_IRQHandler
                0x0000463c        0x6 irq_stub.o
                0x0000463c                SWI_IRQHandler
 .text.SPI2_IRQHandler
                0x00004642        0x6 irq_stub.o
                0x00004642                SPI2_IRQHandler
 .text.UART4_ERR_IRQHandler
                0x00004648        0x6 irq_stub.o
                0x00004648                UART4_ERR_IRQHandler
 .text.UART5_ERR_IRQHandler
                0x0000464e        0x6 irq_stub.o
                0x0000464e                UART5_ERR_IRQHandler
 .text.CMP2_IRQHandler
                0x00004654        0x6 irq_stub.o
                0x00004654                CMP2_IRQHandler
 .text.FTM3_IRQHandler
                0x0000465a        0x6 irq_stub.o
                0x0000465a                FTM3_IRQHandler
 .text.DAC1_IRQHandler
                0x00004660        0x6 irq_stub.o
                0x00004660                DAC1_IRQHandler
 .text.ADC1_IRQHandler
                0x00004666        0x6 irq_stub.o
                0x00004666                ADC1_IRQHandler
 .text.I2C2_IRQHandler
                0x0000466c        0x6 irq_stub.o
                0x0000466c                I2C2_IRQHandler
 .text.CAN0_ORed_Message_buffer_IRQHandler
                0x00004672        0x6 irq_stub.o
                0x00004672                CAN0_ORed_Message_buffer_IRQHandler
 .text.CAN0_Bus_Off_IRQHandler
                0x00004678        0x6 irq_stub.o
                0x00004678                CAN0_Bus_Off_IRQHandler
 .text.CAN0_Error_IRQHandler
                0x0000467e        0x6 irq_stub.o
                0x0000467e                CAN0_Error_IRQHandler
 .text.CAN0_Tx_Warning_IRQHandler
                0x00004684        0x6 irq_stub.o
                0x00004684                CAN0_Tx_Warning_IRQHandler
 .text.CAN0_Rx_Warning_IRQHandler
                0x0000468a        0x6 irq_stub.o
                0x0000468a                CAN0_Rx_Warning_IRQHandler
 .text.CAN0_Wake_Up_IRQHandler
                0x00004690        0x6 irq_stub.o
                0x00004690                CAN0_Wake_Up_IRQHandler
 .text.mw_osSignalSet
                0x00004696       0x2e mw_signal.o
                0x00004696                mw_osSignalSet
 .text.mw_osSignalClear
                0x000046c4       0x26 mw_signal.o
                0x000046c4                mw_osSignalClear
 .text.mw_osSignalWaitEver
                0x000046ea       0x20 mw_signal.o
                0x000046ea                mw_osSignalWaitEver
 .text.mw_osSignalEventCreate
                0x0000470a       0x20 mw_signal.o
                0x0000470a                mw_osSignalEventCreate
 .text.mw_osSignalEventRelease
                0x0000472a       0x26 mw_signal.o
                0x0000472a                mw_osSignalEventRelease
 .text.mw_osSignalEventWaitEver
                0x00004750       0x34 mw_signal.o
                0x00004750                mw_osSignalEventWaitEver
 .text.mw_osThreadCreate
                0x00004784       0x52 mw_thread.o
                0x00004784                mw_osThreadCreate
 .text.mw_osThreadGetId
                0x000047d6        0xe mw_thread.o
                0x000047d6                mw_osThreadGetId
 .text.mw_osThreadExit
                0x000047e4       0x22 mw_thread.o
                0x000047e4                mw_osThreadExit
 .text.mw_osTimerCreate
                0x00004806       0x4e mw_timer.o
                0x00004806                mw_osTimerCreate
 .text.mw_osTimerStart
                0x00004854       0x24 mw_timer.o
                0x00004854                mw_osTimerStart
 .text.rtGetInf
                0x00004878       0x60 rtGetInf.o
                0x00004878                rtGetInf
 .text.rtGetInfF
                0x000048d8       0x20 rtGetInf.o
                0x000048d8                rtGetInfF
 .text.rtGetMinusInf
                0x000048f8       0x60 rtGetInf.o
                0x000048f8                rtGetMinusInf
 .text.rtGetMinusInfF
                0x00004958       0x24 rtGetInf.o
                0x00004958                rtGetMinusInfF
 .text.rtGetNaN
                0x0000497c       0x60 rtGetNaN.o
                0x0000497c                rtGetNaN
 .text.rtGetNaNF
                0x000049dc       0x28 rtGetNaN.o
                0x000049dc                rtGetNaNF
 .text.rt_InitInfAndNaN
                0x00004a04       0x88 rt_nonfinite.o
                0x00004a04                rt_InitInfAndNaN
 .text.rtIsInf  0x00004a8c       0x50 rt_nonfinite.o
                0x00004a8c                rtIsInf
 .text.rtIsNaN  0x00004adc       0x6c rt_nonfinite.o
                0x00004adc                rtIsNaN
 .text.rtIsNaNF
                0x00004b48       0x38 rt_nonfinite.o
                0x00004b48                rtIsNaNF
 .text._sbrk    0x00004b80       0x5c sbrk.o
                0x00004b80                _sbrk
 .text.init_data_bss
                0x00004bdc       0xcc startup.o
                0x00004bdc                init_data_bss
 .text.SystemInit
                0x00004ca8      0x1dc system_MK64F12.o
                0x00004ca8                SystemInit
 .text.SystemCoreClockUpdate
                0x00004e84      0x278 system_MK64F12.o
                0x00004e84                SystemCoreClockUpdate
 .text.osThreadExit
                0x000050fc       0x18 C:/ProgramData/MATLAB/SupportPackages/R2020a/3P.instrset/cmsis.instrset/CMSIS/RTOS/RTX/LIB/GCC/libRTX_CM4.a(rt_cmsis.o)
                0x000050fc                osThreadExit
 .text.svcKernelInitialize
                0x00005114      0x100 C:/ProgramData/MATLAB/SupportPackages/R2020a/3P.instrset/cmsis.instrset/CMSIS/RTOS/RTX/LIB/GCC/libRTX_CM4.a(rt_cmsis.o)
                0x00005114                svcKernelInitialize
 .text.svcKernelStart
                0x00005214       0x4c C:/ProgramData/MATLAB/SupportPackages/R2020a/3P.instrset/cmsis.instrset/CMSIS/RTOS/RTX/LIB/GCC/libRTX_CM4.a(rt_cmsis.o)
                0x00005214                svcKernelStart
 .text.osKernelInitialize
                0x00005260      0x120 C:/ProgramData/MATLAB/SupportPackages/R2020a/3P.instrset/cmsis.instrset/CMSIS/RTOS/RTX/LIB/GCC/libRTX_CM4.a(rt_cmsis.o)
                0x00005260                osKernelInitialize
 .text.osKernelStart
                0x00005380       0x70 C:/ProgramData/MATLAB/SupportPackages/R2020a/3P.instrset/cmsis.instrset/CMSIS/RTOS/RTX/LIB/GCC/libRTX_CM4.a(rt_cmsis.o)
                0x00005380                osKernelStart
 .text.svcThreadCreate
                0x000053f0       0x7c C:/ProgramData/MATLAB/SupportPackages/R2020a/3P.instrset/cmsis.instrset/CMSIS/RTOS/RTX/LIB/GCC/libRTX_CM4.a(rt_cmsis.o)
                0x000053f0                svcThreadCreate
 .text.svcThreadGetId
                0x0000546c       0x18 C:/ProgramData/MATLAB/SupportPackages/R2020a/3P.instrset/cmsis.instrset/CMSIS/RTOS/RTX/LIB/GCC/libRTX_CM4.a(rt_cmsis.o)
                0x0000546c                svcThreadGetId
 .text.svcThreadTerminate
                0x00005484       0x44 C:/ProgramData/MATLAB/SupportPackages/R2020a/3P.instrset/cmsis.instrset/CMSIS/RTOS/RTX/LIB/GCC/libRTX_CM4.a(rt_cmsis.o)
                0x00005484                svcThreadTerminate
 .text.osThreadCreate
                0x000054c8       0x9c C:/ProgramData/MATLAB/SupportPackages/R2020a/3P.instrset/cmsis.instrset/CMSIS/RTOS/RTX/LIB/GCC/libRTX_CM4.a(rt_cmsis.o)
                0x000054c8                osThreadCreate
 .text.osThreadGetId
                0x00005564       0x18 C:/ProgramData/MATLAB/SupportPackages/R2020a/3P.instrset/cmsis.instrset/CMSIS/RTOS/RTX/LIB/GCC/libRTX_CM4.a(rt_cmsis.o)
                0x00005564                osThreadGetId
 .text.osThreadTerminate
                0x0000557c       0x18 C:/ProgramData/MATLAB/SupportPackages/R2020a/3P.instrset/cmsis.instrset/CMSIS/RTOS/RTX/LIB/GCC/libRTX_CM4.a(rt_cmsis.o)
                0x0000557c                osThreadTerminate
 .text.svcTimerCreate
                0x00005594       0x3c C:/ProgramData/MATLAB/SupportPackages/R2020a/3P.instrset/cmsis.instrset/CMSIS/RTOS/RTX/LIB/GCC/libRTX_CM4.a(rt_cmsis.o)
                0x00005594                svcTimerCreate
 .text.svcTimerStart
                0x000055d0       0xc8 C:/ProgramData/MATLAB/SupportPackages/R2020a/3P.instrset/cmsis.instrset/CMSIS/RTOS/RTX/LIB/GCC/libRTX_CM4.a(rt_cmsis.o)
                0x000055d0                svcTimerStart
 .text.svcTimerCall
                0x00005698       0x18 C:/ProgramData/MATLAB/SupportPackages/R2020a/3P.instrset/cmsis.instrset/CMSIS/RTOS/RTX/LIB/GCC/libRTX_CM4.a(rt_cmsis.o)
                0x00005698                svcTimerCall
 .text.sysTimerTick
                0x000056b0       0xb4 C:/ProgramData/MATLAB/SupportPackages/R2020a/3P.instrset/cmsis.instrset/CMSIS/RTOS/RTX/LIB/GCC/libRTX_CM4.a(rt_cmsis.o)
                0x000056b0                sysTimerTick
 .text.osTimerCreate
                0x00005764       0x64 C:/ProgramData/MATLAB/SupportPackages/R2020a/3P.instrset/cmsis.instrset/CMSIS/RTOS/RTX/LIB/GCC/libRTX_CM4.a(rt_cmsis.o)
                0x00005764                osTimerCreate
 .text.osTimerStart
                0x000057c8       0x18 C:/ProgramData/MATLAB/SupportPackages/R2020a/3P.instrset/cmsis.instrset/CMSIS/RTOS/RTX/LIB/GCC/libRTX_CM4.a(rt_cmsis.o)
                0x000057c8                osTimerStart
 .text.osTimerThread
                0x000057e0       0x40 C:/ProgramData/MATLAB/SupportPackages/R2020a/3P.instrset/cmsis.instrset/CMSIS/RTOS/RTX/LIB/GCC/libRTX_CM4.a(rt_cmsis.o)
                0x000057e0                osTimerThread
 .text.svcSignalSet
                0x00005820       0x28 C:/ProgramData/MATLAB/SupportPackages/R2020a/3P.instrset/cmsis.instrset/CMSIS/RTOS/RTX/LIB/GCC/libRTX_CM4.a(rt_cmsis.o)
                0x00005820                svcSignalSet
 .text.svcSignalClear
                0x00005848       0x28 C:/ProgramData/MATLAB/SupportPackages/R2020a/3P.instrset/cmsis.instrset/CMSIS/RTOS/RTX/LIB/GCC/libRTX_CM4.a(rt_cmsis.o)
                0x00005848                svcSignalClear
 .text.svcSignalWait
                0x00005870       0xfc C:/ProgramData/MATLAB/SupportPackages/R2020a/3P.instrset/cmsis.instrset/CMSIS/RTOS/RTX/LIB/GCC/libRTX_CM4.a(rt_cmsis.o)
                0x00005870                svcSignalWait
 .text.osSignalSet
                0x0000596c       0x40 C:/ProgramData/MATLAB/SupportPackages/R2020a/3P.instrset/cmsis.instrset/CMSIS/RTOS/RTX/LIB/GCC/libRTX_CM4.a(rt_cmsis.o)
                0x0000596c                osSignalSet
 .text.osSignalClear
                0x000059ac       0x1c C:/ProgramData/MATLAB/SupportPackages/R2020a/3P.instrset/cmsis.instrset/CMSIS/RTOS/RTX/LIB/GCC/libRTX_CM4.a(rt_cmsis.o)
                0x000059ac                osSignalClear
 .text.osSignalWait
                0x000059c8       0x28 C:/ProgramData/MATLAB/SupportPackages/R2020a/3P.instrset/cmsis.instrset/CMSIS/RTOS/RTX/LIB/GCC/libRTX_CM4.a(rt_cmsis.o)
                0x000059c8                osSignalWait
 .text.svcMessageGet
                0x000059f0       0xa8 C:/ProgramData/MATLAB/SupportPackages/R2020a/3P.instrset/cmsis.instrset/CMSIS/RTOS/RTX/LIB/GCC/libRTX_CM4.a(rt_cmsis.o)
                0x000059f0                svcMessageGet
 .text.rt_init_stack
                0x00005a98       0xa4 C:/ProgramData/MATLAB/SupportPackages/R2020a/3P.instrset/cmsis.instrset/CMSIS/RTOS/RTX/LIB/GCC/libRTX_CM4.a(hal_cm.o)
                0x00005a98                rt_init_stack
 .text.rt_ret_val
                0x00005b3c       0x14 C:/ProgramData/MATLAB/SupportPackages/R2020a/3P.instrset/cmsis.instrset/CMSIS/RTOS/RTX/LIB/GCC/libRTX_CM4.a(hal_cm.o)
                0x00005b3c                rt_ret_val
 .text.rt_ret_val2
                0x00005b50       0x24 C:/ProgramData/MATLAB/SupportPackages/R2020a/3P.instrset/cmsis.instrset/CMSIS/RTOS/RTX/LIB/GCC/libRTX_CM4.a(hal_cm.o)
                0x00005b50                rt_ret_val2
 .text.dbg_init
                0x00005b74       0x34 C:/ProgramData/MATLAB/SupportPackages/R2020a/3P.instrset/cmsis.instrset/CMSIS/RTOS/RTX/LIB/GCC/libRTX_CM4.a(hal_cm.o)
                0x00005b74                dbg_init
 .text.dbg_task_notify
                0x00005ba8       0x2c C:/ProgramData/MATLAB/SupportPackages/R2020a/3P.instrset/cmsis.instrset/CMSIS/RTOS/RTX/LIB/GCC/libRTX_CM4.a(hal_cm.o)
                0x00005ba8                dbg_task_notify
 .text.dbg_task_switch
                0x00005bd4       0x14 C:/ProgramData/MATLAB/SupportPackages/R2020a/3P.instrset/cmsis.instrset/CMSIS/RTOS/RTX/LIB/GCC/libRTX_CM4.a(hal_cm.o)
                0x00005bd4                dbg_task_switch
 .text.rt_init_mem
                0x00005be8       0x1c C:/ProgramData/MATLAB/SupportPackages/R2020a/3P.instrset/cmsis.instrset/CMSIS/RTOS/RTX/LIB/GCC/libRTX_CM4.a(rt_memory.o)
                0x00005be8                rt_init_mem
 .text.rt_alloc_mem
                0x00005c04       0x50 C:/ProgramData/MATLAB/SupportPackages/R2020a/3P.instrset/cmsis.instrset/CMSIS/RTOS/RTX/LIB/GCC/libRTX_CM4.a(rt_memory.o)
                0x00005c04                rt_alloc_mem
 .text.rt_free_mem
                0x00005c54       0x44 C:/ProgramData/MATLAB/SupportPackages/R2020a/3P.instrset/cmsis.instrset/CMSIS/RTOS/RTX/LIB/GCC/libRTX_CM4.a(rt_memory.o)
                0x00005c54                rt_free_mem
 .text._init_box
                0x00005c98       0x58 C:/ProgramData/MATLAB/SupportPackages/R2020a/3P.instrset/cmsis.instrset/CMSIS/RTOS/RTX/LIB/GCC/libRTX_CM4.a(rt_membox.o)
                0x00005c98                _init_box
 .text.rt_alloc_box
                0x00005cf0       0x1c C:/ProgramData/MATLAB/SupportPackages/R2020a/3P.instrset/cmsis.instrset/CMSIS/RTOS/RTX/LIB/GCC/libRTX_CM4.a(rt_membox.o)
                0x00005cf0                rt_alloc_box
 .text.rt_free_box
                0x00005d0c       0x28 C:/ProgramData/MATLAB/SupportPackages/R2020a/3P.instrset/cmsis.instrset/CMSIS/RTOS/RTX/LIB/GCC/libRTX_CM4.a(rt_membox.o)
                0x00005d0c                rt_free_box
 .text.rt_sem_psh
                0x00005d34       0x34 C:/ProgramData/MATLAB/SupportPackages/R2020a/3P.instrset/cmsis.instrset/CMSIS/RTOS/RTX/LIB/GCC/libRTX_CM4.a(rt_semaphore.o)
                0x00005d34                rt_sem_psh
 .text.rt_mbx_init
                0x00005d68       0x1c C:/ProgramData/MATLAB/SupportPackages/R2020a/3P.instrset/cmsis.instrset/CMSIS/RTOS/RTX/LIB/GCC/libRTX_CM4.a(rt_mailbox.o)
                0x00005d68                rt_mbx_init
 .text.rt_mbx_wait
                0x00005d84       0xa8 C:/ProgramData/MATLAB/SupportPackages/R2020a/3P.instrset/cmsis.instrset/CMSIS/RTOS/RTX/LIB/GCC/libRTX_CM4.a(rt_mailbox.o)
                0x00005d84                rt_mbx_wait
 .text.rt_mbx_check
                0x00005e2c        0x8 C:/ProgramData/MATLAB/SupportPackages/R2020a/3P.instrset/cmsis.instrset/CMSIS/RTOS/RTX/LIB/GCC/libRTX_CM4.a(rt_mailbox.o)
                0x00005e2c                rt_mbx_check
 .text.isr_mbx_send
                0x00005e34       0x10 C:/ProgramData/MATLAB/SupportPackages/R2020a/3P.instrset/cmsis.instrset/CMSIS/RTOS/RTX/LIB/GCC/libRTX_CM4.a(rt_mailbox.o)
                0x00005e34                isr_mbx_send
 .text.rt_mbx_psh
                0x00005e44       0xe4 C:/ProgramData/MATLAB/SupportPackages/R2020a/3P.instrset/cmsis.instrset/CMSIS/RTOS/RTX/LIB/GCC/libRTX_CM4.a(rt_mailbox.o)
                0x00005e44                rt_mbx_psh
 .text.rt_put_prio
                0x00005f28       0x50 C:/ProgramData/MATLAB/SupportPackages/R2020a/3P.instrset/cmsis.instrset/CMSIS/RTOS/RTX/LIB/GCC/libRTX_CM4.a(rt_list.o)
                0x00005f28                rt_put_prio
 .text.rt_get_first
                0x00005f78       0x28 C:/ProgramData/MATLAB/SupportPackages/R2020a/3P.instrset/cmsis.instrset/CMSIS/RTOS/RTX/LIB/GCC/libRTX_CM4.a(rt_list.o)
                0x00005f78                rt_get_first
 .text.rt_put_rdy_first
                0x00005fa0       0x14 C:/ProgramData/MATLAB/SupportPackages/R2020a/3P.instrset/cmsis.instrset/CMSIS/RTOS/RTX/LIB/GCC/libRTX_CM4.a(rt_list.o)
                0x00005fa0                rt_put_rdy_first
 .text.rt_resort_prio
                0x00005fb4       0x94 C:/ProgramData/MATLAB/SupportPackages/R2020a/3P.instrset/cmsis.instrset/CMSIS/RTOS/RTX/LIB/GCC/libRTX_CM4.a(rt_list.o)
                0x00005fb4                rt_resort_prio
 .text.rt_put_dly
                0x00006048       0x60 C:/ProgramData/MATLAB/SupportPackages/R2020a/3P.instrset/cmsis.instrset/CMSIS/RTOS/RTX/LIB/GCC/libRTX_CM4.a(rt_list.o)
                0x00006048                rt_put_dly
 .text.rt_dec_dly
                0x000060a8       0xd8 C:/ProgramData/MATLAB/SupportPackages/R2020a/3P.instrset/cmsis.instrset/CMSIS/RTOS/RTX/LIB/GCC/libRTX_CM4.a(rt_list.o)
                0x000060a8                rt_dec_dly
 .text.rt_rmv_list
                0x00006180       0x2c C:/ProgramData/MATLAB/SupportPackages/R2020a/3P.instrset/cmsis.instrset/CMSIS/RTOS/RTX/LIB/GCC/libRTX_CM4.a(rt_list.o)
                0x00006180                rt_rmv_list
 .text.rt_rmv_dly
                0x000061ac       0x2c C:/ProgramData/MATLAB/SupportPackages/R2020a/3P.instrset/cmsis.instrset/CMSIS/RTOS/RTX/LIB/GCC/libRTX_CM4.a(rt_list.o)
                0x000061ac                rt_rmv_dly
 .text.rt_psq_enq
                0x000061d8       0x44 C:/ProgramData/MATLAB/SupportPackages/R2020a/3P.instrset/cmsis.instrset/CMSIS/RTOS/RTX/LIB/GCC/libRTX_CM4.a(rt_list.o)
                0x000061d8                rt_psq_enq
 .text.rt_evt_wait
                0x0000621c       0x4c C:/ProgramData/MATLAB/SupportPackages/R2020a/3P.instrset/cmsis.instrset/CMSIS/RTOS/RTX/LIB/GCC/libRTX_CM4.a(rt_event.o)
                0x0000621c                rt_evt_wait
 .text.rt_evt_set
                0x00006268       0x58 C:/ProgramData/MATLAB/SupportPackages/R2020a/3P.instrset/cmsis.instrset/CMSIS/RTOS/RTX/LIB/GCC/libRTX_CM4.a(rt_event.o)
                0x00006268                rt_evt_set
 .text.rt_evt_clr
                0x000062c0       0x18 C:/ProgramData/MATLAB/SupportPackages/R2020a/3P.instrset/cmsis.instrset/CMSIS/RTOS/RTX/LIB/GCC/libRTX_CM4.a(rt_event.o)
                0x000062c0                rt_evt_clr
 .text.isr_evt_set
                0x000062d8       0x24 C:/ProgramData/MATLAB/SupportPackages/R2020a/3P.instrset/cmsis.instrset/CMSIS/RTOS/RTX/LIB/GCC/libRTX_CM4.a(rt_event.o)
                0x000062d8                isr_evt_set
 .text.rt_evt_psh
                0x000062fc       0x50 C:/ProgramData/MATLAB/SupportPackages/R2020a/3P.instrset/cmsis.instrset/CMSIS/RTOS/RTX/LIB/GCC/libRTX_CM4.a(rt_event.o)
                0x000062fc                rt_evt_psh
 .text.rt_psh_req
                0x0000634c       0x20 C:/ProgramData/MATLAB/SupportPackages/R2020a/3P.instrset/cmsis.instrset/CMSIS/RTOS/RTX/LIB/GCC/libRTX_CM4.a(rt_system.o)
                0x0000634c                rt_psh_req
 .text.rt_pop_req
                0x0000636c       0x78 C:/ProgramData/MATLAB/SupportPackages/R2020a/3P.instrset/cmsis.instrset/CMSIS/RTOS/RTX/LIB/GCC/libRTX_CM4.a(rt_system.o)
                0x0000636c                rt_pop_req
 .text.os_tick_init
                0x000063e4       0x40 C:/ProgramData/MATLAB/SupportPackages/R2020a/3P.instrset/cmsis.instrset/CMSIS/RTOS/RTX/LIB/GCC/libRTX_CM4.a(rt_system.o)
                0x000063e4                os_tick_init
 .text.os_tick_irqack
                0x00006424        0x4 C:/ProgramData/MATLAB/SupportPackages/R2020a/3P.instrset/cmsis.instrset/CMSIS/RTOS/RTX/LIB/GCC/libRTX_CM4.a(rt_system.o)
                0x00006424                os_tick_irqack
 .text.rt_systick
                0x00006428       0x3c C:/ProgramData/MATLAB/SupportPackages/R2020a/3P.instrset/cmsis.instrset/CMSIS/RTOS/RTX/LIB/GCC/libRTX_CM4.a(rt_system.o)
                0x00006428                rt_systick
 .text.rt_stk_check
                0x00006464       0x24 C:/ProgramData/MATLAB/SupportPackages/R2020a/3P.instrset/cmsis.instrset/CMSIS/RTOS/RTX/LIB/GCC/libRTX_CM4.a(rt_system.o)
                0x00006464                rt_stk_check
 .text.rt_switch_req
                0x00006488       0x24 C:/ProgramData/MATLAB/SupportPackages/R2020a/3P.instrset/cmsis.instrset/CMSIS/RTOS/RTX/LIB/GCC/libRTX_CM4.a(rt_task.o)
                0x00006488                rt_switch_req
 .text.rt_dispatch
                0x000064ac       0x7c C:/ProgramData/MATLAB/SupportPackages/R2020a/3P.instrset/cmsis.instrset/CMSIS/RTOS/RTX/LIB/GCC/libRTX_CM4.a(rt_task.o)
                0x000064ac                rt_dispatch
 .text.rt_block
                0x00006528       0x50 C:/ProgramData/MATLAB/SupportPackages/R2020a/3P.instrset/cmsis.instrset/CMSIS/RTOS/RTX/LIB/GCC/libRTX_CM4.a(rt_task.o)
                0x00006528                rt_block
 .text.rt_tsk_self
                0x00006578       0x10 C:/ProgramData/MATLAB/SupportPackages/R2020a/3P.instrset/cmsis.instrset/CMSIS/RTOS/RTX/LIB/GCC/libRTX_CM4.a(rt_task.o)
                0x00006578                rt_tsk_self
 .text.rt_tsk_prio
                0x00006588       0xf8 C:/ProgramData/MATLAB/SupportPackages/R2020a/3P.instrset/cmsis.instrset/CMSIS/RTOS/RTX/LIB/GCC/libRTX_CM4.a(rt_task.o)
                0x00006588                rt_tsk_prio
 .text.rt_tsk_create
                0x00006680      0x110 C:/ProgramData/MATLAB/SupportPackages/R2020a/3P.instrset/cmsis.instrset/CMSIS/RTOS/RTX/LIB/GCC/libRTX_CM4.a(rt_task.o)
                0x00006680                rt_tsk_create
 .text.rt_tsk_delete
                0x00006790      0x1c4 C:/ProgramData/MATLAB/SupportPackages/R2020a/3P.instrset/cmsis.instrset/CMSIS/RTOS/RTX/LIB/GCC/libRTX_CM4.a(rt_task.o)
                0x00006790                rt_tsk_delete
 .text.rt_sys_init
                0x00006954       0xec C:/ProgramData/MATLAB/SupportPackages/R2020a/3P.instrset/cmsis.instrset/CMSIS/RTOS/RTX/LIB/GCC/libRTX_CM4.a(rt_task.o)
                0x00006954                rt_sys_init
 .text.rt_sys_start
                0x00006a40       0x8c C:/ProgramData/MATLAB/SupportPackages/R2020a/3P.instrset/cmsis.instrset/CMSIS/RTOS/RTX/LIB/GCC/libRTX_CM4.a(rt_task.o)
                0x00006a40                rt_sys_start
 .text.OSA_TimeInit
                0x00006acc       0x44 C:/ProgramData/MATLAB/SupportPackages/R2020a/toolbox/target/supportpackages/freedomk64f/src/ksdk_armgcc_lib/bm/libksdk_platform.a(fsl_os_abstraction_bm.o)
                0x00006acc                OSA_TimeInit
 .text.OSA_SemaPost
                0x00006b10       0x3c C:/ProgramData/MATLAB/SupportPackages/R2020a/toolbox/target/supportpackages/freedomk64f/src/ksdk_armgcc_lib/bm/libksdk_platform.a(fsl_os_abstraction_bm.o)
                0x00006b10                OSA_SemaPost
 .text.task_init
                0x00006b4c       0x38 C:/ProgramData/MATLAB/SupportPackages/R2020a/toolbox/target/supportpackages/freedomk64f/src/ksdk_armgcc_lib/bm/libksdk_platform.a(fsl_os_abstraction_bm.o)
                0x00006b4c                task_init
 .text.OSA_Init
                0x00006b84        0xe C:/ProgramData/MATLAB/SupportPackages/R2020a/toolbox/target/supportpackages/freedomk64f/src/ksdk_armgcc_lib/bm/libksdk_platform.a(fsl_os_abstraction_bm.o)
                0x00006b84                OSA_Init
 *fill*         0x00006b92        0x2 
 .text.CLOCK_SYS_SetMcgPeeToFbe
                0x00006b94       0x34 C:/ProgramData/MATLAB/SupportPackages/R2020a/toolbox/target/supportpackages/freedomk64f/src/ksdk_armgcc_lib/bm/libksdk_platform.a(fsl_clock_manager.o)
 .text.CLOCK_SYS_SetMcgMode
                0x00006bc8      0x124 C:/ProgramData/MATLAB/SupportPackages/R2020a/toolbox/target/supportpackages/freedomk64f/src/ksdk_armgcc_lib/bm/libksdk_platform.a(fsl_clock_manager.o)
                0x00006bc8                CLOCK_SYS_SetMcgMode
 .text.CLOCK_SYS_SetOscerConfigration
                0x00006cec       0x1c C:/ProgramData/MATLAB/SupportPackages/R2020a/toolbox/target/supportpackages/freedomk64f/src/ksdk_armgcc_lib/bm/libksdk_platform.a(fsl_clock_manager.o)
                0x00006cec                CLOCK_SYS_SetOscerConfigration
 .text.CLOCK_SYS_OscInit
                0x00006d08       0x9c C:/ProgramData/MATLAB/SupportPackages/R2020a/toolbox/target/supportpackages/freedomk64f/src/ksdk_armgcc_lib/bm/libksdk_platform.a(fsl_clock_manager.o)
                0x00006d08                CLOCK_SYS_OscInit
 .text.CLOCK_SYS_RtcOscInit
                0x00006da4       0x68 C:/ProgramData/MATLAB/SupportPackages/R2020a/toolbox/target/supportpackages/freedomk64f/src/ksdk_armgcc_lib/bm/libksdk_platform.a(fsl_clock_manager.o)
                0x00006da4                CLOCK_SYS_RtcOscInit
 .text.SIM_HAL_EnableClock.constprop.10
                0x00006e0c       0x1c C:/ProgramData/MATLAB/SupportPackages/R2020a/toolbox/target/supportpackages/freedomk64f/src/ksdk_armgcc_lib/bm/libksdk_platform.a(fsl_clock_MK64F12.o)
 .text.CLOCK_SYS_GetCoreClockFreq
                0x00006e28       0x24 C:/ProgramData/MATLAB/SupportPackages/R2020a/toolbox/target/supportpackages/freedomk64f/src/ksdk_armgcc_lib/bm/libksdk_platform.a(fsl_clock_MK64F12.o)
                0x00006e28                CLOCK_SYS_GetCoreClockFreq
 .text.CLOCK_SYS_SetConfiguration
                0x00006e4c       0x94 C:/ProgramData/MATLAB/SupportPackages/R2020a/toolbox/target/supportpackages/freedomk64f/src/ksdk_armgcc_lib/bm/libksdk_platform.a(fsl_clock_MK64F12.o)
                0x00006e4c                CLOCK_SYS_SetConfiguration
 .text.CLOCK_SYS_FllStableDelay
                0x00006ee0       0x1a C:/ProgramData/MATLAB/SupportPackages/R2020a/toolbox/target/supportpackages/freedomk64f/src/ksdk_armgcc_lib/bm/libksdk_platform.a(fsl_clock_MK64F12.o)
 *fill*         0x00006efa        0x2 
 .text.CLOCK_SYS_GetBusClockFreq
                0x00006efc       0x24 C:/ProgramData/MATLAB/SupportPackages/R2020a/toolbox/target/supportpackages/freedomk64f/src/ksdk_armgcc_lib/bm/libksdk_platform.a(fsl_clock_MK64F12.o)
                0x00006efc                CLOCK_SYS_GetBusClockFreq
 .text.CLOCK_SYS_GetFtmExternalFreq
                0x00006f20       0x20 C:/ProgramData/MATLAB/SupportPackages/R2020a/toolbox/target/supportpackages/freedomk64f/src/ksdk_armgcc_lib/bm/libksdk_platform.a(fsl_clock_MK64F12.o)
                0x00006f20                CLOCK_SYS_GetFtmExternalFreq
 .text.CLOCK_SYS_EnablePortClock
                0x00006f40       0x30 C:/ProgramData/MATLAB/SupportPackages/R2020a/toolbox/target/supportpackages/freedomk64f/src/ksdk_armgcc_lib/bm/libksdk_platform.a(fsl_clock_MK64F12.o)
                0x00006f40                CLOCK_SYS_EnablePortClock
 .text.CLOCK_SYS_EnableFtmClock
                0x00006f70       0x30 C:/ProgramData/MATLAB/SupportPackages/R2020a/toolbox/target/supportpackages/freedomk64f/src/ksdk_armgcc_lib/bm/libksdk_platform.a(fsl_clock_MK64F12.o)
                0x00006f70                CLOCK_SYS_EnableFtmClock
 .text.INT_SYS_EnableIRQGlobal
                0x00006fa0       0x14 C:/ProgramData/MATLAB/SupportPackages/R2020a/toolbox/target/supportpackages/freedomk64f/src/ksdk_armgcc_lib/bm/libksdk_platform.a(fsl_interrupt_manager.o)
                0x00006fa0                INT_SYS_EnableIRQGlobal
 .text.INT_SYS_DisableIRQGlobal
                0x00006fb4       0x10 C:/ProgramData/MATLAB/SupportPackages/R2020a/toolbox/target/supportpackages/freedomk64f/src/ksdk_armgcc_lib/bm/libksdk_platform.a(fsl_interrupt_manager.o)
                0x00006fb4                INT_SYS_DisableIRQGlobal
 .text.EDMA_DRV_IRQHandler
                0x00006fc4       0x30 C:/ProgramData/MATLAB/SupportPackages/R2020a/toolbox/target/supportpackages/freedomk64f/src/ksdk_armgcc_lib/bm/libksdk_platform.a(fsl_edma_driver.o)
                0x00006fc4                EDMA_DRV_IRQHandler
 .text.EDMA_DRV_ErrorIRQHandler
                0x00006ff4       0x88 C:/ProgramData/MATLAB/SupportPackages/R2020a/toolbox/target/supportpackages/freedomk64f/src/ksdk_armgcc_lib/bm/libksdk_platform.a(fsl_edma_driver.o)
                0x00006ff4                EDMA_DRV_ErrorIRQHandler
 .text.FTM_HAL_SetClockSource
                0x0000707c       0x12 C:/ProgramData/MATLAB/SupportPackages/R2020a/toolbox/target/supportpackages/freedomk64f/src/ksdk_armgcc_lib/bm/libksdk_platform.a(fsl_ftm_driver.o)
 *fill*         0x0000708e        0x2 
 .text.unlikely.FTM_HAL_SetChnCountVal.part.2
                0x00007090       0x1c C:/ProgramData/MATLAB/SupportPackages/R2020a/toolbox/target/supportpackages/freedomk64f/src/ksdk_armgcc_lib/bm/libksdk_platform.a(fsl_ftm_driver.o)
 .text.FTM_DRV_Init
                0x000070ac      0x108 C:/ProgramData/MATLAB/SupportPackages/R2020a/toolbox/target/supportpackages/freedomk64f/src/ksdk_armgcc_lib/bm/libksdk_platform.a(fsl_ftm_driver.o)
                0x000070ac                FTM_DRV_Init
 .text.FTM_DRV_SetClock
                0x000071b4       0x54 C:/ProgramData/MATLAB/SupportPackages/R2020a/toolbox/target/supportpackages/freedomk64f/src/ksdk_armgcc_lib/bm/libksdk_platform.a(fsl_ftm_driver.o)
                0x000071b4                FTM_DRV_SetClock
 .text.FTM_DRV_GetClock
                0x00007208       0x68 C:/ProgramData/MATLAB/SupportPackages/R2020a/toolbox/target/supportpackages/freedomk64f/src/ksdk_armgcc_lib/bm/libksdk_platform.a(fsl_ftm_driver.o)
                0x00007208                FTM_DRV_GetClock
 .text.FTM_DRV_PwmStart
                0x00007270      0x1c8 C:/ProgramData/MATLAB/SupportPackages/R2020a/toolbox/target/supportpackages/freedomk64f/src/ksdk_armgcc_lib/bm/libksdk_platform.a(fsl_ftm_driver.o)
                0x00007270                FTM_DRV_PwmStart
 .text.unlikely.PORT_HAL_SetMuxMode.part.0
                0x00007438       0x1c C:/ProgramData/MATLAB/SupportPackages/R2020a/toolbox/target/supportpackages/freedomk64f/src/ksdk_armgcc_lib/bm/libksdk_platform.a(fsl_gpio_driver.o)
 .text.GPIO_DRV_InputPinInit
                0x00007454       0xe0 C:/ProgramData/MATLAB/SupportPackages/R2020a/toolbox/target/supportpackages/freedomk64f/src/ksdk_armgcc_lib/bm/libksdk_platform.a(fsl_gpio_driver.o)
                0x00007454                GPIO_DRV_InputPinInit
 .text.GPIO_DRV_OutputPinInit
                0x00007534       0x70 C:/ProgramData/MATLAB/SupportPackages/R2020a/toolbox/target/supportpackages/freedomk64f/src/ksdk_armgcc_lib/bm/libksdk_platform.a(fsl_gpio_driver.o)
                0x00007534                GPIO_DRV_OutputPinInit
 .text.GPIO_DRV_WritePinOutput
                0x000075a4       0x1c C:/ProgramData/MATLAB/SupportPackages/R2020a/toolbox/target/supportpackages/freedomk64f/src/ksdk_armgcc_lib/bm/libksdk_platform.a(fsl_gpio_driver.o)
                0x000075a4                GPIO_DRV_WritePinOutput
 .text.GPIO_DRV_ReadPinInput
                0x000075c0       0x3c C:/ProgramData/MATLAB/SupportPackages/R2020a/toolbox/target/supportpackages/freedomk64f/src/ksdk_armgcc_lib/bm/libksdk_platform.a(fsl_gpio_driver.o)
                0x000075c0                GPIO_DRV_ReadPinInput
 .text.LPTMR_HAL_SetTimerWorkingMode
                0x000075fc       0x3c C:/ProgramData/MATLAB/SupportPackages/R2020a/toolbox/target/supportpackages/freedomk64f/src/ksdk_armgcc_lib/bm/libksdk_platform.a(fsl_lptmr_hal.o)
                0x000075fc                LPTMR_HAL_SetTimerWorkingMode
 .text.LPTMR_HAL_SetPrescalerMode
                0x00007638       0x1a C:/ProgramData/MATLAB/SupportPackages/R2020a/toolbox/target/supportpackages/freedomk64f/src/ksdk_armgcc_lib/bm/libksdk_platform.a(fsl_lptmr_hal.o)
                0x00007638                LPTMR_HAL_SetPrescalerMode
 *fill*         0x00007652        0x2 
 .text.CLOCK_HAL_TestOscFreq
                0x00007654       0x28 C:/ProgramData/MATLAB/SupportPackages/R2020a/toolbox/target/supportpackages/freedomk64f/src/ksdk_armgcc_lib/bm/libksdk_platform.a(fsl_mcg_hal.o)
                0x00007654                CLOCK_HAL_TestOscFreq
 .text.CLOCK_HAL_GetMcgExternalClkFreq
                0x0000767c        0xa C:/ProgramData/MATLAB/SupportPackages/R2020a/toolbox/target/supportpackages/freedomk64f/src/ksdk_armgcc_lib/bm/libksdk_platform.a(fsl_mcg_hal.o)
 .text.CLOCK_HAL_TestFllExternalRefFreq
                0x00007686       0x32 C:/ProgramData/MATLAB/SupportPackages/R2020a/toolbox/target/supportpackages/freedomk64f/src/ksdk_armgcc_lib/bm/libksdk_platform.a(fsl_mcg_hal.o)
                0x00007686                CLOCK_HAL_TestFllExternalRefFreq
 .text.CLOCK_HAL_GetFllRefClk
                0x000076b8       0x3c C:/ProgramData/MATLAB/SupportPackages/R2020a/toolbox/target/supportpackages/freedomk64f/src/ksdk_armgcc_lib/bm/libksdk_platform.a(fsl_mcg_hal.o)
                0x000076b8                CLOCK_HAL_GetFllRefClk
 .text.CLOCK_HAL_TestFllFreq
                0x000076f4       0x34 C:/ProgramData/MATLAB/SupportPackages/R2020a/toolbox/target/supportpackages/freedomk64f/src/ksdk_armgcc_lib/bm/libksdk_platform.a(fsl_mcg_hal.o)
                0x000076f4                CLOCK_HAL_TestFllFreq
 .text.CLOCK_HAL_GetFllClk
                0x00007728       0x36 C:/ProgramData/MATLAB/SupportPackages/R2020a/toolbox/target/supportpackages/freedomk64f/src/ksdk_armgcc_lib/bm/libksdk_platform.a(fsl_mcg_hal.o)
                0x00007728                CLOCK_HAL_GetFllClk
 .text.CLOCK_HAL_UpdateFastClkInternalRefDiv
                0x0000775e       0x52 C:/ProgramData/MATLAB/SupportPackages/R2020a/toolbox/target/supportpackages/freedomk64f/src/ksdk_armgcc_lib/bm/libksdk_platform.a(fsl_mcg_hal.o)
                0x0000775e                CLOCK_HAL_UpdateFastClkInternalRefDiv
 .text.CLOCK_HAL_GetPll0Clk
                0x000077b0       0x3e C:/ProgramData/MATLAB/SupportPackages/R2020a/toolbox/target/supportpackages/freedomk64f/src/ksdk_armgcc_lib/bm/libksdk_platform.a(fsl_mcg_hal.o)
                0x000077b0                CLOCK_HAL_GetPll0Clk
 .text.CLOCK_HAL_EnablePll0InFllMode
                0x000077ee       0x38 C:/ProgramData/MATLAB/SupportPackages/R2020a/toolbox/target/supportpackages/freedomk64f/src/ksdk_armgcc_lib/bm/libksdk_platform.a(fsl_mcg_hal.o)
                0x000077ee                CLOCK_HAL_EnablePll0InFllMode
 *fill*         0x00007826        0x2 
 .text.CLOCK_HAL_GetInternalRefClk
                0x00007828       0x3c C:/ProgramData/MATLAB/SupportPackages/R2020a/toolbox/target/supportpackages/freedomk64f/src/ksdk_armgcc_lib/bm/libksdk_platform.a(fsl_mcg_hal.o)
                0x00007828                CLOCK_HAL_GetInternalRefClk
 .text.CLOCK_HAL_GetOutClk
                0x00007864       0x22 C:/ProgramData/MATLAB/SupportPackages/R2020a/toolbox/target/supportpackages/freedomk64f/src/ksdk_armgcc_lib/bm/libksdk_platform.a(fsl_mcg_hal.o)
                0x00007864                CLOCK_HAL_GetOutClk
 .text.CLOCK_HAL_GetFixedFreqClk
                0x00007886       0x20 C:/ProgramData/MATLAB/SupportPackages/R2020a/toolbox/target/supportpackages/freedomk64f/src/ksdk_armgcc_lib/bm/libksdk_platform.a(fsl_mcg_hal.o)
                0x00007886                CLOCK_HAL_GetFixedFreqClk
 .text.CLOCK_HAL_SetOsc0Mode
                0x000078a6       0x24 C:/ProgramData/MATLAB/SupportPackages/R2020a/toolbox/target/supportpackages/freedomk64f/src/ksdk_armgcc_lib/bm/libksdk_platform.a(fsl_mcg_hal.o)
                0x000078a6                CLOCK_HAL_SetOsc0Mode
 .text.CLOCK_HAL_PrepareOsc
                0x000078ca       0x2c C:/ProgramData/MATLAB/SupportPackages/R2020a/toolbox/target/supportpackages/freedomk64f/src/ksdk_armgcc_lib/bm/libksdk_platform.a(fsl_mcg_hal_modes.o)
 .text.CLOCK_HAL_GetMcgMode
                0x000078f6       0x72 C:/ProgramData/MATLAB/SupportPackages/R2020a/toolbox/target/supportpackages/freedomk64f/src/ksdk_armgcc_lib/bm/libksdk_platform.a(fsl_mcg_hal_modes.o)
                0x000078f6                CLOCK_HAL_GetMcgMode
 .text.CLOCK_HAL_SetFbiMode
                0x00007968       0xb8 C:/ProgramData/MATLAB/SupportPackages/R2020a/toolbox/target/supportpackages/freedomk64f/src/ksdk_armgcc_lib/bm/libksdk_platform.a(fsl_mcg_hal_modes.o)
                0x00007968                CLOCK_HAL_SetFbiMode
 .text.CLOCK_HAL_SetFbeMode
                0x00007a20       0xea C:/ProgramData/MATLAB/SupportPackages/R2020a/toolbox/target/supportpackages/freedomk64f/src/ksdk_armgcc_lib/bm/libksdk_platform.a(fsl_mcg_hal_modes.o)
                0x00007a20                CLOCK_HAL_SetFbeMode
 *fill*         0x00007b0a        0x2 
 .text.CLOCK_HAL_SetPbeMode
                0x00007b0c       0xd0 C:/ProgramData/MATLAB/SupportPackages/R2020a/toolbox/target/supportpackages/freedomk64f/src/ksdk_armgcc_lib/bm/libksdk_platform.a(fsl_mcg_hal_modes.o)
                0x00007b0c                CLOCK_HAL_SetPbeMode
 .text.OSC_HAL_SetCapacitor
                0x00007bdc        0xe C:/ProgramData/MATLAB/SupportPackages/R2020a/toolbox/target/supportpackages/freedomk64f/src/ksdk_armgcc_lib/bm/libksdk_platform.a(fsl_osc_hal.o)
                0x00007bdc                OSC_HAL_SetCapacitor
 .text.CLOCK_HAL_SetOutDiv
                0x00007bea       0x28 C:/ProgramData/MATLAB/SupportPackages/R2020a/toolbox/target/supportpackages/freedomk64f/src/ksdk_armgcc_lib/bm/libksdk_platform.a(fsl_sim_hal_MK64F12.o)
                0x00007bea                CLOCK_HAL_SetOutDiv
 *fill*         0x00007c12        0x2 
 .text.SIM_HAL_GetFtmExternalClkPinMode
                0x00007c14       0x50 C:/ProgramData/MATLAB/SupportPackages/R2020a/toolbox/target/supportpackages/freedomk64f/src/ksdk_armgcc_lib/bm/libksdk_platform.a(fsl_sim_hal_MK64F12.o)
                0x00007c14                SIM_HAL_GetFtmExternalClkPinMode
 .text.UART_DRV_CompleteSendData
                0x00007c64       0x54 C:/ProgramData/MATLAB/SupportPackages/R2020a/toolbox/target/supportpackages/freedomk64f/src/ksdk_armgcc_lib/bm/libksdk_platform.a(fsl_uart_driver.o)
 .text.UART_DRV_CompleteReceiveData
                0x00007cb8       0x5c C:/ProgramData/MATLAB/SupportPackages/R2020a/toolbox/target/supportpackages/freedomk64f/src/ksdk_armgcc_lib/bm/libksdk_platform.a(fsl_uart_driver.o)
 .text.UART_DRV_IRQHandler
                0x00007d14       0xdc C:/ProgramData/MATLAB/SupportPackages/R2020a/toolbox/target/supportpackages/freedomk64f/src/ksdk_armgcc_lib/bm/libksdk_platform.a(fsl_uart_driver.o)
                0x00007d14                UART_DRV_IRQHandler
 .text.EDMA_HAL_SetDmaRequestCmd
                0x00007df0        0xa C:/ProgramData/MATLAB/SupportPackages/R2020a/toolbox/target/supportpackages/freedomk64f/src/ksdk_armgcc_lib/bm/libksdk_platform.a(fsl_edma_hal.o)
                0x00007df0                EDMA_HAL_SetDmaRequestCmd
 *fill*         0x00007dfa        0x2 
 .text.unlikely.FTM_HAL_SetChnEdgeLevel.part.0
                0x00007dfc       0x1c C:/ProgramData/MATLAB/SupportPackages/R2020a/toolbox/target/supportpackages/freedomk64f/src/ksdk_armgcc_lib/bm/libksdk_platform.a(fsl_ftm_hal.o)
 .text.FTM_HAL_Init
                0x00007e18       0x38 C:/ProgramData/MATLAB/SupportPackages/R2020a/toolbox/target/supportpackages/freedomk64f/src/ksdk_armgcc_lib/bm/libksdk_platform.a(fsl_ftm_hal.o)
                0x00007e18                FTM_HAL_Init
 .text.FTM_HAL_SetSyncMode
                0x00007e50       0x94 C:/ProgramData/MATLAB/SupportPackages/R2020a/toolbox/target/supportpackages/freedomk64f/src/ksdk_armgcc_lib/bm/libksdk_platform.a(fsl_ftm_hal.o)
                0x00007e50                FTM_HAL_SetSyncMode
 .text.FTM_HAL_Reset
                0x00007ee4       0x3e C:/ProgramData/MATLAB/SupportPackages/R2020a/toolbox/target/supportpackages/freedomk64f/src/ksdk_armgcc_lib/bm/libksdk_platform.a(fsl_ftm_hal.o)
                0x00007ee4                FTM_HAL_Reset
 .text.FTM_HAL_GetChnPairIndex
                0x00007f22       0x1e C:/ProgramData/MATLAB/SupportPackages/R2020a/toolbox/target/supportpackages/freedomk64f/src/ksdk_armgcc_lib/bm/libksdk_platform.a(fsl_ftm_hal.o)
                0x00007f22                FTM_HAL_GetChnPairIndex
 .text.FTM_HAL_EnablePwmMode
                0x00007f40       0xcc C:/ProgramData/MATLAB/SupportPackages/R2020a/toolbox/target/supportpackages/freedomk64f/src/ksdk_armgcc_lib/bm/libksdk_platform.a(fsl_ftm_hal.o)
                0x00007f40                FTM_HAL_EnablePwmMode
 .text.GPIO_HAL_SetPinDir
                0x0000800c       0x34 C:/ProgramData/MATLAB/SupportPackages/R2020a/toolbox/target/supportpackages/freedomk64f/src/ksdk_armgcc_lib/bm/libksdk_platform.a(fsl_gpio_hal.o)
                0x0000800c                GPIO_HAL_SetPinDir
 .text.GPIO_HAL_WritePinOutput
                0x00008040       0x30 C:/ProgramData/MATLAB/SupportPackages/R2020a/toolbox/target/supportpackages/freedomk64f/src/ksdk_armgcc_lib/bm/libksdk_platform.a(fsl_gpio_hal.o)
                0x00008040                GPIO_HAL_WritePinOutput
 .text.UART_HAL_Putchar
                0x00008070        0x6 C:/ProgramData/MATLAB/SupportPackages/R2020a/toolbox/target/supportpackages/freedomk64f/src/ksdk_armgcc_lib/bm/libksdk_platform.a(fsl_uart_hal.o)
                0x00008070                UART_HAL_Putchar
 .text.UART_HAL_Getchar
                0x00008076        0x8 C:/ProgramData/MATLAB/SupportPackages/R2020a/toolbox/target/supportpackages/freedomk64f/src/ksdk_armgcc_lib/bm/libksdk_platform.a(fsl_uart_hal.o)
                0x00008076                UART_HAL_Getchar
 .text.UART_HAL_SetIntMode
                0x0000807e       0x66 C:/ProgramData/MATLAB/SupportPackages/R2020a/toolbox/target/supportpackages/freedomk64f/src/ksdk_armgcc_lib/bm/libksdk_platform.a(fsl_uart_hal.o)
                0x0000807e                UART_HAL_SetIntMode
 .text.UART_HAL_GetStatusFlag
                0x000080e4       0x2a C:/ProgramData/MATLAB/SupportPackages/R2020a/toolbox/target/supportpackages/freedomk64f/src/ksdk_armgcc_lib/bm/libksdk_platform.a(fsl_uart_hal.o)
                0x000080e4                UART_HAL_GetStatusFlag
 .text.UART_HAL_ClearStatusFlag
                0x0000810e       0x64 C:/ProgramData/MATLAB/SupportPackages/R2020a/toolbox/target/supportpackages/freedomk64f/src/ksdk_armgcc_lib/bm/libksdk_platform.a(fsl_uart_hal.o)
                0x0000810e                UART_HAL_ClearStatusFlag
 *fill*         0x00008172        0x6 
 .text.floor    0x00008178      0x110 c:/progra~3/matlab/suppor~1/r2020a/3p778c~1.ins/gnuarm~1.ins/win/bin/../lib/gcc/arm-none-eabi/7.2.1/../../../../arm-none-eabi/lib/thumb/v7e-m/fpv4-sp/hard\libm.a(lib_a-s_floor.o)
                0x00008178                floor
 .text.fmod     0x00008288       0xd0 c:/progra~3/matlab/suppor~1/r2020a/3p778c~1.ins/gnuarm~1.ins/win/bin/../lib/gcc/arm-none-eabi/7.2.1/../../../../arm-none-eabi/lib/thumb/v7e-m/fpv4-sp/hard\libm.a(lib_a-w_fmod.o)
                0x00008288                fmod
 .text.__ieee754_fmod
                0x00008358      0x248 c:/progra~3/matlab/suppor~1/r2020a/3p778c~1.ins/gnuarm~1.ins/win/bin/../lib/gcc/arm-none-eabi/7.2.1/../../../../arm-none-eabi/lib/thumb/v7e-m/fpv4-sp/hard\libm.a(lib_a-e_fmod.o)
                0x00008358                __ieee754_fmod
 .text.matherr  0x000085a0        0x4 c:/progra~3/matlab/suppor~1/r2020a/3p778c~1.ins/gnuarm~1.ins/win/bin/../lib/gcc/arm-none-eabi/7.2.1/../../../../arm-none-eabi/lib/thumb/v7e-m/fpv4-sp/hard\libm.a(lib_a-s_matherr.o)
                0x000085a0                matherr
 .text.abort    0x000085a4       0x10 c:/progra~3/matlab/suppor~1/r2020a/3p778c~1.ins/gnuarm~1.ins/win/bin/../lib/gcc/arm-none-eabi/7.2.1/../../../../arm-none-eabi/lib/thumb/v7e-m/fpv4-sp/hard\libg.a(lib_a-abort.o)
                0x000085a4                abort
 .text.__assert_func
                0x000085b4       0x3c c:/progra~3/matlab/suppor~1/r2020a/3p778c~1.ins/gnuarm~1.ins/win/bin/../lib/gcc/arm-none-eabi/7.2.1/../../../../arm-none-eabi/lib/thumb/v7e-m/fpv4-sp/hard\libg.a(lib_a-assert.o)
                0x000085b4                __assert_func
 .text.atexit   0x000085f0        0xc c:/progra~3/matlab/suppor~1/r2020a/3p778c~1.ins/gnuarm~1.ins/win/bin/../lib/gcc/arm-none-eabi/7.2.1/../../../../arm-none-eabi/lib/thumb/v7e-m/fpv4-sp/hard\libg.a(lib_a-atexit.o)
                0x000085f0                atexit
 .text.__errno  0x000085fc        0xc c:/progra~3/matlab/suppor~1/r2020a/3p778c~1.ins/gnuarm~1.ins/win/bin/../lib/gcc/arm-none-eabi/7.2.1/../../../../arm-none-eabi/lib/thumb/v7e-m/fpv4-sp/hard\libg.a(lib_a-errno.o)
                0x000085fc                __errno
 .text.exit     0x00008608       0x20 c:/progra~3/matlab/suppor~1/r2020a/3p778c~1.ins/gnuarm~1.ins/win/bin/../lib/gcc/arm-none-eabi/7.2.1/../../../../arm-none-eabi/lib/thumb/v7e-m/fpv4-sp/hard\libg.a(lib_a-exit.o)
                0x00008608                exit
 .text.__libc_fini_array
                0x00008628       0x34 c:/progra~3/matlab/suppor~1/r2020a/3p778c~1.ins/gnuarm~1.ins/win/bin/../lib/gcc/arm-none-eabi/7.2.1/../../../../arm-none-eabi/lib/thumb/v7e-m/fpv4-sp/hard\libg.a(lib_a-fini.o)
                0x00008628                __libc_fini_array
 .text.fiprintf
                0x0000865c       0x28 c:/progra~3/matlab/suppor~1/r2020a/3p778c~1.ins/gnuarm~1.ins/win/bin/../lib/gcc/arm-none-eabi/7.2.1/../../../../arm-none-eabi/lib/thumb/v7e-m/fpv4-sp/hard\libg.a(lib_a-fiprintf.o)
                0x0000865c                fiprintf
 .text.__libc_init_array
                0x00008684       0x48 c:/progra~3/matlab/suppor~1/r2020a/3p778c~1.ins/gnuarm~1.ins/win/bin/../lib/gcc/arm-none-eabi/7.2.1/../../../../arm-none-eabi/lib/thumb/v7e-m/fpv4-sp/hard\libg.a(lib_a-init.o)
                0x00008684                __libc_init_array
 .text.malloc   0x000086cc       0x10 c:/progra~3/matlab/suppor~1/r2020a/3p778c~1.ins/gnuarm~1.ins/win/bin/../lib/gcc/arm-none-eabi/7.2.1/../../../../arm-none-eabi/lib/thumb/v7e-m/fpv4-sp/hard\libg.a(lib_a-malloc.o)
                0x000086cc                malloc
 .text.free     0x000086dc       0x10 c:/progra~3/matlab/suppor~1/r2020a/3p778c~1.ins/gnuarm~1.ins/win/bin/../lib/gcc/arm-none-eabi/7.2.1/../../../../arm-none-eabi/lib/thumb/v7e-m/fpv4-sp/hard\libg.a(lib_a-malloc.o)
                0x000086dc                free
 .text._malloc_r
                0x000086ec      0x548 c:/progra~3/matlab/suppor~1/r2020a/3p778c~1.ins/gnuarm~1.ins/win/bin/../lib/gcc/arm-none-eabi/7.2.1/../../../../arm-none-eabi/lib/thumb/v7e-m/fpv4-sp/hard\libg.a(lib_a-mallocr.o)
                0x000086ec                _malloc_r
 .text.memset   0x00008c34       0x94 c:/progra~3/matlab/suppor~1/r2020a/3p778c~1.ins/gnuarm~1.ins/win/bin/../lib/gcc/arm-none-eabi/7.2.1/../../../../arm-none-eabi/lib/thumb/v7e-m/fpv4-sp/hard\libg.a(lib_a-memset.o)
                0x00008c34                memset
 .text.__malloc_lock
                0x00008cc8        0xc c:/progra~3/matlab/suppor~1/r2020a/3p778c~1.ins/gnuarm~1.ins/win/bin/../lib/gcc/arm-none-eabi/7.2.1/../../../../arm-none-eabi/lib/thumb/v7e-m/fpv4-sp/hard\libg.a(lib_a-mlock.o)
                0x00008cc8                __malloc_lock
 .text.__malloc_unlock
                0x00008cd4        0xc c:/progra~3/matlab/suppor~1/r2020a/3p778c~1.ins/gnuarm~1.ins/win/bin/../lib/gcc/arm-none-eabi/7.2.1/../../../../arm-none-eabi/lib/thumb/v7e-m/fpv4-sp/hard\libg.a(lib_a-mlock.o)
                0x00008cd4                __malloc_unlock
 .text._sbrk_r  0x00008ce0       0x24 c:/progra~3/matlab/suppor~1/r2020a/3p778c~1.ins/gnuarm~1.ins/win/bin/../lib/gcc/arm-none-eabi/7.2.1/../../../../arm-none-eabi/lib/thumb/v7e-m/fpv4-sp/hard\libg.a(lib_a-sbrkr.o)
                0x00008ce0                _sbrk_r
 .text._raise_r
                0x00008d04       0x58 c:/progra~3/matlab/suppor~1/r2020a/3p778c~1.ins/gnuarm~1.ins/win/bin/../lib/gcc/arm-none-eabi/7.2.1/../../../../arm-none-eabi/lib/thumb/v7e-m/fpv4-sp/hard\libg.a(lib_a-signal.o)
                0x00008d04                _raise_r
 .text.raise    0x00008d5c       0x10 c:/progra~3/matlab/suppor~1/r2020a/3p778c~1.ins/gnuarm~1.ins/win/bin/../lib/gcc/arm-none-eabi/7.2.1/../../../../arm-none-eabi/lib/thumb/v7e-m/fpv4-sp/hard\libg.a(lib_a-signal.o)
                0x00008d5c                raise
 .text._kill_r  0x00008d6c       0x28 c:/progra~3/matlab/suppor~1/r2020a/3p778c~1.ins/gnuarm~1.ins/win/bin/../lib/gcc/arm-none-eabi/7.2.1/../../../../arm-none-eabi/lib/thumb/v7e-m/fpv4-sp/hard\libg.a(lib_a-signalr.o)
                0x00008d6c                _kill_r
 .text._getpid_r
                0x00008d94        0x4 c:/progra~3/matlab/suppor~1/r2020a/3p778c~1.ins/gnuarm~1.ins/win/bin/../lib/gcc/arm-none-eabi/7.2.1/../../../../arm-none-eabi/lib/thumb/v7e-m/fpv4-sp/hard\libg.a(lib_a-signalr.o)
                0x00008d94                _getpid_r
 .text.__sprint_r.part.0
                0x00008d98       0x78 c:/progra~3/matlab/suppor~1/r2020a/3p778c~1.ins/gnuarm~1.ins/win/bin/../lib/gcc/arm-none-eabi/7.2.1/../../../../arm-none-eabi/lib/thumb/v7e-m/fpv4-sp/hard\libg.a(lib_a-vfiprintf.o)
 .text._vfiprintf_r
                0x00008e10      0xc24 c:/progra~3/matlab/suppor~1/r2020a/3p778c~1.ins/gnuarm~1.ins/win/bin/../lib/gcc/arm-none-eabi/7.2.1/../../../../arm-none-eabi/lib/thumb/v7e-m/fpv4-sp/hard\libg.a(lib_a-vfiprintf.o)
                0x00008e10                _vfiprintf_r
 .text.__sbprintf
                0x00009a34       0x84 c:/progra~3/matlab/suppor~1/r2020a/3p778c~1.ins/gnuarm~1.ins/win/bin/../lib/gcc/arm-none-eabi/7.2.1/../../../../arm-none-eabi/lib/thumb/v7e-m/fpv4-sp/hard\libg.a(lib_a-vfiprintf.o)
 .text.__swsetup_r
                0x00009ab8       0xcc c:/progra~3/matlab/suppor~1/r2020a/3p778c~1.ins/gnuarm~1.ins/win/bin/../lib/gcc/arm-none-eabi/7.2.1/../../../../arm-none-eabi/lib/thumb/v7e-m/fpv4-sp/hard\libg.a(lib_a-wsetup.o)
                0x00009ab8                __swsetup_r
 .text.__register_exitproc
                0x00009b84       0xc0 c:/progra~3/matlab/suppor~1/r2020a/3p778c~1.ins/gnuarm~1.ins/win/bin/../lib/gcc/arm-none-eabi/7.2.1/../../../../arm-none-eabi/lib/thumb/v7e-m/fpv4-sp/hard\libg.a(lib_a-__atexit.o)
                0x00009b84                __register_exitproc
 .text.startup.register_fini
                0x00009c44       0x14 c:/progra~3/matlab/suppor~1/r2020a/3p778c~1.ins/gnuarm~1.ins/win/bin/../lib/gcc/arm-none-eabi/7.2.1/../../../../arm-none-eabi/lib/thumb/v7e-m/fpv4-sp/hard\libg.a(lib_a-__call_atexit.o)
 .text.__call_exitprocs
                0x00009c58       0xe8 c:/progra~3/matlab/suppor~1/r2020a/3p778c~1.ins/gnuarm~1.ins/win/bin/../lib/gcc/arm-none-eabi/7.2.1/../../../../arm-none-eabi/lib/thumb/v7e-m/fpv4-sp/hard\libg.a(lib_a-__call_atexit.o)
                0x00009c58                __call_exitprocs
 .text.__sflush_r
                0x00009d40      0x154 c:/progra~3/matlab/suppor~1/r2020a/3p778c~1.ins/gnuarm~1.ins/win/bin/../lib/gcc/arm-none-eabi/7.2.1/../../../../arm-none-eabi/lib/thumb/v7e-m/fpv4-sp/hard\libg.a(lib_a-fflush.o)
                0x00009d40                __sflush_r
 .text._fflush_r
                0x00009e94       0x5c c:/progra~3/matlab/suppor~1/r2020a/3p778c~1.ins/gnuarm~1.ins/win/bin/../lib/gcc/arm-none-eabi/7.2.1/../../../../arm-none-eabi/lib/thumb/v7e-m/fpv4-sp/hard\libg.a(lib_a-fflush.o)
                0x00009e94                _fflush_r
 .text.std      0x00009ef0       0x50 c:/progra~3/matlab/suppor~1/r2020a/3p778c~1.ins/gnuarm~1.ins/win/bin/../lib/gcc/arm-none-eabi/7.2.1/../../../../arm-none-eabi/lib/thumb/v7e-m/fpv4-sp/hard\libg.a(lib_a-findfp.o)
 .text._cleanup_r
                0x00009f40        0xc c:/progra~3/matlab/suppor~1/r2020a/3p778c~1.ins/gnuarm~1.ins/win/bin/../lib/gcc/arm-none-eabi/7.2.1/../../../../arm-none-eabi/lib/thumb/v7e-m/fpv4-sp/hard\libg.a(lib_a-findfp.o)
                0x00009f40                _cleanup_r
 .text.__sinit  0x00009f4c       0x58 c:/progra~3/matlab/suppor~1/r2020a/3p778c~1.ins/gnuarm~1.ins/win/bin/../lib/gcc/arm-none-eabi/7.2.1/../../../../arm-none-eabi/lib/thumb/v7e-m/fpv4-sp/hard\libg.a(lib_a-findfp.o)
                0x00009f4c                __sinit
 .text.__sfp_lock_acquire
                0x00009fa4        0xc c:/progra~3/matlab/suppor~1/r2020a/3p778c~1.ins/gnuarm~1.ins/win/bin/../lib/gcc/arm-none-eabi/7.2.1/../../../../arm-none-eabi/lib/thumb/v7e-m/fpv4-sp/hard\libg.a(lib_a-findfp.o)
                0x00009fa4                __sfp_lock_acquire
 .text.__sfp_lock_release
                0x00009fb0        0xc c:/progra~3/matlab/suppor~1/r2020a/3p778c~1.ins/gnuarm~1.ins/win/bin/../lib/gcc/arm-none-eabi/7.2.1/../../../../arm-none-eabi/lib/thumb/v7e-m/fpv4-sp/hard\libg.a(lib_a-findfp.o)
                0x00009fb0                __sfp_lock_release
 .text.__fputwc
                0x00009fbc       0xa0 c:/progra~3/matlab/suppor~1/r2020a/3p778c~1.ins/gnuarm~1.ins/win/bin/../lib/gcc/arm-none-eabi/7.2.1/../../../../arm-none-eabi/lib/thumb/v7e-m/fpv4-sp/hard\libg.a(lib_a-fputwc.o)
                0x00009fbc                __fputwc
 .text._fputwc_r
                0x0000a05c       0x64 c:/progra~3/matlab/suppor~1/r2020a/3p778c~1.ins/gnuarm~1.ins/win/bin/../lib/gcc/arm-none-eabi/7.2.1/../../../../arm-none-eabi/lib/thumb/v7e-m/fpv4-sp/hard\libg.a(lib_a-fputwc.o)
                0x0000a05c                _fputwc_r
 .text._malloc_trim_r
                0x0000a0c0       0xa0 c:/progra~3/matlab/suppor~1/r2020a/3p778c~1.ins/gnuarm~1.ins/win/bin/../lib/gcc/arm-none-eabi/7.2.1/../../../../arm-none-eabi/lib/thumb/v7e-m/fpv4-sp/hard\libg.a(lib_a-freer.o)
                0x0000a0c0                _malloc_trim_r
 .text._free_r  0x0000a160      0x1e8 c:/progra~3/matlab/suppor~1/r2020a/3p778c~1.ins/gnuarm~1.ins/win/bin/../lib/gcc/arm-none-eabi/7.2.1/../../../../arm-none-eabi/lib/thumb/v7e-m/fpv4-sp/hard\libg.a(lib_a-freer.o)
                0x0000a160                _free_r
 .text.__sfvwrite_r
                0x0000a348      0x2fc c:/progra~3/matlab/suppor~1/r2020a/3p778c~1.ins/gnuarm~1.ins/win/bin/../lib/gcc/arm-none-eabi/7.2.1/../../../../arm-none-eabi/lib/thumb/v7e-m/fpv4-sp/hard\libg.a(lib_a-fvwrite.o)
                0x0000a348                __sfvwrite_r
 .text._fwalk_reent
                0x0000a644       0x54 c:/progra~3/matlab/suppor~1/r2020a/3p778c~1.ins/gnuarm~1.ins/win/bin/../lib/gcc/arm-none-eabi/7.2.1/../../../../arm-none-eabi/lib/thumb/v7e-m/fpv4-sp/hard\libg.a(lib_a-fwalk.o)
                0x0000a644                _fwalk_reent
 .text.__locale_mb_cur_max
                0x0000a698       0x1c c:/progra~3/matlab/suppor~1/r2020a/3p778c~1.ins/gnuarm~1.ins/win/bin/../lib/gcc/arm-none-eabi/7.2.1/../../../../arm-none-eabi/lib/thumb/v7e-m/fpv4-sp/hard\libg.a(lib_a-locale.o)
                0x0000a698                __locale_mb_cur_max
 .text.__retarget_lock_init_recursive
                0x0000a6b4        0x4 c:/progra~3/matlab/suppor~1/r2020a/3p778c~1.ins/gnuarm~1.ins/win/bin/../lib/gcc/arm-none-eabi/7.2.1/../../../../arm-none-eabi/lib/thumb/v7e-m/fpv4-sp/hard\libg.a(lib_a-lock.o)
                0x0000a6b4                __retarget_lock_init_recursive
 .text.__retarget_lock_close_recursive
                0x0000a6b8        0x4 c:/progra~3/matlab/suppor~1/r2020a/3p778c~1.ins/gnuarm~1.ins/win/bin/../lib/gcc/arm-none-eabi/7.2.1/../../../../arm-none-eabi/lib/thumb/v7e-m/fpv4-sp/hard\libg.a(lib_a-lock.o)
                0x0000a6b8                __retarget_lock_close_recursive
 .text.__retarget_lock_acquire_recursive
                0x0000a6bc        0x4 c:/progra~3/matlab/suppor~1/r2020a/3p778c~1.ins/gnuarm~1.ins/win/bin/../lib/gcc/arm-none-eabi/7.2.1/../../../../arm-none-eabi/lib/thumb/v7e-m/fpv4-sp/hard\libg.a(lib_a-lock.o)
                0x0000a6bc                __retarget_lock_acquire_recursive
 .text.__retarget_lock_release_recursive
                0x0000a6c0        0x4 c:/progra~3/matlab/suppor~1/r2020a/3p778c~1.ins/gnuarm~1.ins/win/bin/../lib/gcc/arm-none-eabi/7.2.1/../../../../arm-none-eabi/lib/thumb/v7e-m/fpv4-sp/hard\libg.a(lib_a-lock.o)
                0x0000a6c0                __retarget_lock_release_recursive
 .text.__swhatbuf_r
                0x0000a6c4       0x5c c:/progra~3/matlab/suppor~1/r2020a/3p778c~1.ins/gnuarm~1.ins/win/bin/../lib/gcc/arm-none-eabi/7.2.1/../../../../arm-none-eabi/lib/thumb/v7e-m/fpv4-sp/hard\libg.a(lib_a-makebuf.o)
                0x0000a6c4                __swhatbuf_r
 .text.__smakebuf_r
                0x0000a720       0x94 c:/progra~3/matlab/suppor~1/r2020a/3p778c~1.ins/gnuarm~1.ins/win/bin/../lib/gcc/arm-none-eabi/7.2.1/../../../../arm-none-eabi/lib/thumb/v7e-m/fpv4-sp/hard\libg.a(lib_a-makebuf.o)
                0x0000a720                __smakebuf_r
 .text.__ascii_mbtowc
                0x0000a7b4       0x2c c:/progra~3/matlab/suppor~1/r2020a/3p778c~1.ins/gnuarm~1.ins/win/bin/../lib/gcc/arm-none-eabi/7.2.1/../../../../arm-none-eabi/lib/thumb/v7e-m/fpv4-sp/hard\libg.a(lib_a-mbtowc_r.o)
                0x0000a7b4                __ascii_mbtowc
 .text.memmove  0x0000a7e0       0xc8 c:/progra~3/matlab/suppor~1/r2020a/3p778c~1.ins/gnuarm~1.ins/win/bin/../lib/gcc/arm-none-eabi/7.2.1/../../../../arm-none-eabi/lib/thumb/v7e-m/fpv4-sp/hard\libg.a(lib_a-memmove.o)
                0x0000a7e0                memmove
 .text._realloc_r
                0x0000a8a8      0x35c c:/progra~3/matlab/suppor~1/r2020a/3p778c~1.ins/gnuarm~1.ins/win/bin/../lib/gcc/arm-none-eabi/7.2.1/../../../../arm-none-eabi/lib/thumb/v7e-m/fpv4-sp/hard\libg.a(lib_a-reallocr.o)
                0x0000a8a8                _realloc_r
 .text.__sread  0x0000ac04       0x24 c:/progra~3/matlab/suppor~1/r2020a/3p778c~1.ins/gnuarm~1.ins/win/bin/../lib/gcc/arm-none-eabi/7.2.1/../../../../arm-none-eabi/lib/thumb/v7e-m/fpv4-sp/hard\libg.a(lib_a-stdio.o)
                0x0000ac04                __sread
 .text.__swrite
                0x0000ac28       0x3c c:/progra~3/matlab/suppor~1/r2020a/3p778c~1.ins/gnuarm~1.ins/win/bin/../lib/gcc/arm-none-eabi/7.2.1/../../../../arm-none-eabi/lib/thumb/v7e-m/fpv4-sp/hard\libg.a(lib_a-stdio.o)
                0x0000ac28                __swrite
 .text.__sseek  0x0000ac64       0x20 c:/progra~3/matlab/suppor~1/r2020a/3p778c~1.ins/gnuarm~1.ins/win/bin/../lib/gcc/arm-none-eabi/7.2.1/../../../../arm-none-eabi/lib/thumb/v7e-m/fpv4-sp/hard\libg.a(lib_a-stdio.o)
                0x0000ac64                __sseek
 .text.__sclose
                0x0000ac84        0x8 c:/progra~3/matlab/suppor~1/r2020a/3p778c~1.ins/gnuarm~1.ins/win/bin/../lib/gcc/arm-none-eabi/7.2.1/../../../../arm-none-eabi/lib/thumb/v7e-m/fpv4-sp/hard\libg.a(lib_a-stdio.o)
                0x0000ac84                __sclose
 .text.__swbuf_r
                0x0000ac8c       0xb0 c:/progra~3/matlab/suppor~1/r2020a/3p778c~1.ins/gnuarm~1.ins/win/bin/../lib/gcc/arm-none-eabi/7.2.1/../../../../arm-none-eabi/lib/thumb/v7e-m/fpv4-sp/hard\libg.a(lib_a-wbuf.o)
                0x0000ac8c                __swbuf_r
 .text._wcrtomb_r
                0x0000ad3c       0x50 c:/progra~3/matlab/suppor~1/r2020a/3p778c~1.ins/gnuarm~1.ins/win/bin/../lib/gcc/arm-none-eabi/7.2.1/../../../../arm-none-eabi/lib/thumb/v7e-m/fpv4-sp/hard\libg.a(lib_a-wcrtomb.o)
                0x0000ad3c                _wcrtomb_r
 .text.__ascii_wctomb
                0x0000ad8c       0x1c c:/progra~3/matlab/suppor~1/r2020a/3p778c~1.ins/gnuarm~1.ins/win/bin/../lib/gcc/arm-none-eabi/7.2.1/../../../../arm-none-eabi/lib/thumb/v7e-m/fpv4-sp/hard\libg.a(lib_a-wctomb_r.o)
                0x0000ad8c                __ascii_wctomb
 .text._write_r
                0x0000ada8       0x2c c:/progra~3/matlab/suppor~1/r2020a/3p778c~1.ins/gnuarm~1.ins/win/bin/../lib/gcc/arm-none-eabi/7.2.1/../../../../arm-none-eabi/lib/thumb/v7e-m/fpv4-sp/hard\libg.a(lib_a-writer.o)
                0x0000ada8                _write_r
 .text._close_r
                0x0000add4       0x24 c:/progra~3/matlab/suppor~1/r2020a/3p778c~1.ins/gnuarm~1.ins/win/bin/../lib/gcc/arm-none-eabi/7.2.1/../../../../arm-none-eabi/lib/thumb/v7e-m/fpv4-sp/hard\libg.a(lib_a-closer.o)
                0x0000add4                _close_r
 .text._fclose_r
                0x0000adf8       0xd0 c:/progra~3/matlab/suppor~1/r2020a/3p778c~1.ins/gnuarm~1.ins/win/bin/../lib/gcc/arm-none-eabi/7.2.1/../../../../arm-none-eabi/lib/thumb/v7e-m/fpv4-sp/hard\libg.a(lib_a-fclose.o)
                0x0000adf8                _fclose_r
 .text._fstat_r
                0x0000aec8       0x28 c:/progra~3/matlab/suppor~1/r2020a/3p778c~1.ins/gnuarm~1.ins/win/bin/../lib/gcc/arm-none-eabi/7.2.1/../../../../arm-none-eabi/lib/thumb/v7e-m/fpv4-sp/hard\libg.a(lib_a-fstatr.o)
                0x0000aec8                _fstat_r
 .text._isatty_r
                0x0000aef0       0x24 c:/progra~3/matlab/suppor~1/r2020a/3p778c~1.ins/gnuarm~1.ins/win/bin/../lib/gcc/arm-none-eabi/7.2.1/../../../../arm-none-eabi/lib/thumb/v7e-m/fpv4-sp/hard\libg.a(lib_a-isattyr.o)
                0x0000aef0                _isatty_r
 .text._lseek_r
                0x0000af14       0x2c c:/progra~3/matlab/suppor~1/r2020a/3p778c~1.ins/gnuarm~1.ins/win/bin/../lib/gcc/arm-none-eabi/7.2.1/../../../../arm-none-eabi/lib/thumb/v7e-m/fpv4-sp/hard\libg.a(lib_a-lseekr.o)
                0x0000af14                _lseek_r
 .text._read_r  0x0000af40       0x2c c:/progra~3/matlab/suppor~1/r2020a/3p778c~1.ins/gnuarm~1.ins/win/bin/../lib/gcc/arm-none-eabi/7.2.1/../../../../arm-none-eabi/lib/thumb/v7e-m/fpv4-sp/hard\libg.a(lib_a-readr.o)
                0x0000af40                _read_r
 .text._close   0x0000af6c       0x10 c:/progra~3/matlab/suppor~1/r2020a/3p778c~1.ins/gnuarm~1.ins/win/bin/../lib/gcc/arm-none-eabi/7.2.1/../../../../arm-none-eabi/lib/thumb/v7e-m/fpv4-sp/hard\libnosys.a(close.o)
                0x0000af6c                _close
 .text._fstat   0x0000af7c       0x10 c:/progra~3/matlab/suppor~1/r2020a/3p778c~1.ins/gnuarm~1.ins/win/bin/../lib/gcc/arm-none-eabi/7.2.1/../../../../arm-none-eabi/lib/thumb/v7e-m/fpv4-sp/hard\libnosys.a(fstat.o)
                0x0000af7c                _fstat
 .text._getpid  0x0000af8c       0x10 c:/progra~3/matlab/suppor~1/r2020a/3p778c~1.ins/gnuarm~1.ins/win/bin/../lib/gcc/arm-none-eabi/7.2.1/../../../../arm-none-eabi/lib/thumb/v7e-m/fpv4-sp/hard\libnosys.a(getpid.o)
                0x0000af8c                _getpid
 .text._isatty  0x0000af9c       0x10 c:/progra~3/matlab/suppor~1/r2020a/3p778c~1.ins/gnuarm~1.ins/win/bin/../lib/gcc/arm-none-eabi/7.2.1/../../../../arm-none-eabi/lib/thumb/v7e-m/fpv4-sp/hard\libnosys.a(isatty.o)
                0x0000af9c                _isatty
 .text._kill    0x0000afac       0x10 c:/progra~3/matlab/suppor~1/r2020a/3p778c~1.ins/gnuarm~1.ins/win/bin/../lib/gcc/arm-none-eabi/7.2.1/../../../../arm-none-eabi/lib/thumb/v7e-m/fpv4-sp/hard\libnosys.a(kill.o)
                0x0000afac                _kill
 .text._lseek   0x0000afbc       0x10 c:/progra~3/matlab/suppor~1/r2020a/3p778c~1.ins/gnuarm~1.ins/win/bin/../lib/gcc/arm-none-eabi/7.2.1/../../../../arm-none-eabi/lib/thumb/v7e-m/fpv4-sp/hard\libnosys.a(lseek.o)
                0x0000afbc                _lseek
 .text._read    0x0000afcc       0x10 c:/progra~3/matlab/suppor~1/r2020a/3p778c~1.ins/gnuarm~1.ins/win/bin/../lib/gcc/arm-none-eabi/7.2.1/../../../../arm-none-eabi/lib/thumb/v7e-m/fpv4-sp/hard\libnosys.a(read.o)
                0x0000afcc                _read
 .text._write   0x0000afdc       0x10 c:/progra~3/matlab/suppor~1/r2020a/3p778c~1.ins/gnuarm~1.ins/win/bin/../lib/gcc/arm-none-eabi/7.2.1/../../../../arm-none-eabi/lib/thumb/v7e-m/fpv4-sp/hard\libnosys.a(write.o)
                0x0000afdc                _write
 .text._exit    0x0000afec        0x4 c:/progra~3/matlab/suppor~1/r2020a/3p778c~1.ins/gnuarm~1.ins/win/bin/../lib/gcc/arm-none-eabi/7.2.1/../../../../arm-none-eabi/lib/thumb/v7e-m/fpv4-sp/hard\libnosys.a(_exit.o)
                0x0000afec                _exit
 *(.rodata)
 .rodata        0x0000aff0       0x44 MW_PWM.o
 .rodata        0x0000b034       0x50 board.o
 *(.rodata*)
 .rodata.__func__.7519
                0x0000b084       0x14 MW_PWM.o
 .rodata.PTHS_M
                0x0000b098        0x4 PTHS.o
                0x0000b098                PTHS_M
 .rodata.os_maxtaskrun
                0x0000b09c        0x2 RTX_Conf_CM.o
                0x0000b09c                os_maxtaskrun
 *fill*         0x0000b09e        0x2 
 .rodata.os_stackinfo
                0x0000b0a0        0x4 RTX_Conf_CM.o
                0x0000b0a0                os_stackinfo
 .rodata.os_trv
                0x0000b0a4        0x4 RTX_Conf_CM.o
                0x0000b0a4                os_trv
 .rodata.os_flags
                0x0000b0a8        0x1 RTX_Conf_CM.o
                0x0000b0a8                os_flags
 *fill*         0x0000b0a9        0x3 
 .rodata.os_clockrate
                0x0000b0ac        0x4 RTX_Conf_CM.o
                0x0000b0ac                os_clockrate
 .rodata.mp_tcb_size
                0x0000b0b0        0x2 RTX_Conf_CM.o
                0x0000b0b0                mp_tcb_size
 *fill*         0x0000b0b2        0x2 
 .rodata.mp_stk_size
                0x0000b0b4        0x4 RTX_Conf_CM.o
                0x0000b0b4                mp_stk_size
 .rodata.os_stack_sz
                0x0000b0b8        0x4 RTX_Conf_CM.o
                0x0000b0b8                os_stack_sz
 .rodata.os_fifo_size
                0x0000b0bc        0x1 RTX_Conf_CM.o
                0x0000b0bc                os_fifo_size
 *fill*         0x0000b0bd        0x3 
 .rodata.os_thread_def_osTimerThread
                0x0000b0c0       0x10 RTX_Conf_CM.o
                0x0000b0c0                os_thread_def_osTimerThread
 .rodata.os_messageQ_def_osTimerMessageQ
                0x0000b0d0        0x8 RTX_Conf_CM.o
                0x0000b0d0                os_messageQ_def_osTimerMessageQ
 .rodata.mp_tmr_size
                0x0000b0d8        0x2 RTX_Conf_CM.o
                0x0000b0d8                mp_tmr_size
 *fill*         0x0000b0da        0x2 
 .rodata.os_thread_def_main
                0x0000b0dc       0x10 RTX_Conf_CM.o
                0x0000b0dc                os_thread_def_main
 .rodata.g_defaultClockConfigRun
                0x0000b0ec       0x16 board.o
                0x0000b0ec                g_defaultClockConfigRun
 *fill*         0x0000b102        0x2 
 .rodata.__func__.7439
                0x0000b104       0x14 board.o
 .rodata.OSA_SemaCreate.str1.1
                0x0000b118       0x45 C:/ProgramData/MATLAB/SupportPackages/R2020a/toolbox/target/supportpackages/freedomk64f/src/ksdk_armgcc_lib/bm/libksdk_platform.a(fsl_os_abstraction_bm.o)
 .rodata.__func__.9217
                0x0000b15d        0xd C:/ProgramData/MATLAB/SupportPackages/R2020a/toolbox/target/supportpackages/freedomk64f/src/ksdk_armgcc_lib/bm/libksdk_platform.a(fsl_os_abstraction_bm.o)
 .rodata.CLOCK_SYS_Init.str1.1
                0x0000b16a       0x72 C:/ProgramData/MATLAB/SupportPackages/R2020a/toolbox/target/supportpackages/freedomk64f/src/ksdk_armgcc_lib/bm/libksdk_platform.a(fsl_clock_manager.o)
 .rodata.CLOCK_SYS_OscDeinit.str1.1
                0x0000b1dc       0x1e C:/ProgramData/MATLAB/SupportPackages/R2020a/toolbox/target/supportpackages/freedomk64f/src/ksdk_armgcc_lib/bm/libksdk_platform.a(fsl_clock_manager.o)
 .rodata.CLOCK_SYS_RtcOscInit.str1.1