Archive member included to satisfy reference by file (symbol)

C:/ProgramData/MATLAB/SupportPackages/R2020a/toolbox/target/supportpackages/freedomk64f/bin/libcodertarget_RTIOStreamAppSvc.lib(RTIOStreamTgtAppSvcCIntrf.o)
                              k64f_rtiostream_commservice.o (sendToCommSvc)
C:/ProgramData/MATLAB/SupportPackages/R2020a/toolbox/target/supportpackages/freedomk64f/bin/libcodertarget_RTIOStreamAppSvc.lib(RTIOStreamTgtAppSvc.o)
                              C:/ProgramData/MATLAB/SupportPackages/R2020a/toolbox/target/supportpackages/freedomk64f/bin/libcodertarget_RTIOStreamAppSvc.lib(RTIOStreamTgtAppSvcCIntrf.o) (RTIOStreamTgtAppSvc::get_instance())
C:/ProgramData/MATLAB/SupportPackages/R2020a/toolbox/target/supportpackages/freedomk64f/bin/bm/libcodertarget_TargetServices.lib(CommService.o)
                              C:/ProgramData/MATLAB/SupportPackages/R2020a/toolbox/target/supportpackages/freedomk64f/bin/libcodertarget_RTIOStreamAppSvc.lib(RTIOStreamTgtAppSvc.o) (coder::tgtsvc::CommService::sendMessage(coder::tgtsvc::Message*, coder::tgtsvc::Message::Priority))
C:/ProgramData/MATLAB/SupportPackages/R2020a/toolbox/target/supportpackages/freedomk64f/bin/bm/libcodertarget_TargetServices.lib(Application.o)
                              C:/ProgramData/MATLAB/SupportPackages/R2020a/toolbox/target/supportpackages/freedomk64f/bin/bm/libcodertarget_TargetServices.lib(CommService.o) (coder::tgtsvc::Application::dispatch(coder::tgtsvc::Message*))
C:/ProgramData/MATLAB/SupportPackages/R2020a/toolbox/target/supportpackages/freedomk64f/bin/bm/libcodertarget_TargetServices.lib(Message.o)
                              C:/ProgramData/MATLAB/SupportPackages/R2020a/toolbox/target/supportpackages/freedomk64f/bin/bm/libcodertarget_TargetServices.lib(CommService.o) (coder::tgtsvc::Message::operator new(unsigned int))
C:/ProgramData/MATLAB/SupportPackages/R2020a/toolbox/target/supportpackages/freedomk64f/bin/bm/libcodertarget_TargetServices.lib(critical_section.o)
                              C:/ProgramData/MATLAB/SupportPackages/R2020a/toolbox/target/supportpackages/freedomk64f/bin/bm/libcodertarget_TargetServices.lib(CommService.o) (enter_critical_section)
C:/ProgramData/MATLAB/SupportPackages/R2020a/toolbox/target/supportpackages/freedomk64f/bin/bm/libcodertarget_TargetServices.lib(MemoryService.o)
                              C:/ProgramData/MATLAB/SupportPackages/R2020a/toolbox/target/supportpackages/freedomk64f/bin/bm/libcodertarget_TargetServices.lib(Message.o) (coder::tgtsvc::MemoryService::instance())
C:/ProgramData/MATLAB/SupportPackages/R2020a/3P.instrset/cmsis.instrset/CMSIS/RTOS/RTX/LIB/GCC/libRTX_CM4.a(rt_cmsis.o)
                              RTX_Conf_CM.o (osKernelInitialize)
C:/ProgramData/MATLAB/SupportPackages/R2020a/3P.instrset/cmsis.instrset/CMSIS/RTOS/RTX/LIB/GCC/libRTX_CM4.a(hal_cm.o)
                              C:/ProgramData/MATLAB/SupportPackages/R2020a/3P.instrset/cmsis.instrset/CMSIS/RTOS/RTX/LIB/GCC/libRTX_CM4.a(rt_cmsis.o) (rt_ret_val)
C:/ProgramData/MATLAB/SupportPackages/R2020a/3P.instrset/cmsis.instrset/CMSIS/RTOS/RTX/LIB/GCC/libRTX_CM4.a(rt_memory.o)
                              C:/ProgramData/MATLAB/SupportPackages/R2020a/3P.instrset/cmsis.instrset/CMSIS/RTOS/RTX/LIB/GCC/libRTX_CM4.a(rt_cmsis.o) (rt_init_mem)
C:/ProgramData/MATLAB/SupportPackages/R2020a/3P.instrset/cmsis.instrset/CMSIS/RTOS/RTX/LIB/GCC/libRTX_CM4.a(rt_membox.o)
                              C:/ProgramData/MATLAB/SupportPackages/R2020a/3P.instrset/cmsis.instrset/CMSIS/RTOS/RTX/LIB/GCC/libRTX_CM4.a(rt_cmsis.o) (_init_box)
C:/ProgramData/MATLAB/SupportPackages/R2020a/3P.instrset/cmsis.instrset/CMSIS/RTOS/RTX/LIB/GCC/libRTX_CM4.a(rt_mutex.o)
                              C:/ProgramData/MATLAB/SupportPackages/R2020a/3P.instrset/cmsis.instrset/CMSIS/RTOS/RTX/LIB/GCC/libRTX_CM4.a(rt_cmsis.o) (rt_mut_init)
C:/ProgramData/MATLAB/SupportPackages/R2020a/3P.instrset/cmsis.instrset/CMSIS/RTOS/RTX/LIB/GCC/libRTX_CM4.a(rt_time.o)
                              C:/ProgramData/MATLAB/SupportPackages/R2020a/3P.instrset/cmsis.instrset/CMSIS/RTOS/RTX/LIB/GCC/libRTX_CM4.a(rt_cmsis.o) (os_time)
C:/ProgramData/MATLAB/SupportPackages/R2020a/3P.instrset/cmsis.instrset/CMSIS/RTOS/RTX/LIB/GCC/libRTX_CM4.a(rt_semaphore.o)
                              C:/ProgramData/MATLAB/SupportPackages/R2020a/3P.instrset/cmsis.instrset/CMSIS/RTOS/RTX/LIB/GCC/libRTX_CM4.a(rt_cmsis.o) (rt_sem_init)
C:/ProgramData/MATLAB/SupportPackages/R2020a/3P.instrset/cmsis.instrset/CMSIS/RTOS/RTX/LIB/GCC/libRTX_CM4.a(rt_mailbox.o)
                              C:/ProgramData/MATLAB/SupportPackages/R2020a/3P.instrset/cmsis.instrset/CMSIS/RTOS/RTX/LIB/GCC/libRTX_CM4.a(rt_cmsis.o) (rt_mbx_init)
C:/ProgramData/MATLAB/SupportPackages/R2020a/3P.instrset/cmsis.instrset/CMSIS/RTOS/RTX/LIB/GCC/libRTX_CM4.a(rt_list.o)
[...]
Memory Configuration

Name             Origin             Length             Attributes
m_interrupts     0x00000000         0x00000400         xr
m_flash_config   0x00000400         0x00000010         xr
m_text           0x00000410         0x000ffbf0         xr
m_data_2         0x1fff0000         0x00010000         rw
m_data           0x20000000         0x00030000         rw
*default*        0x00000000         0xffffffff

Linker script and memory map

LOAD c:/progra~3/matlab/suppor~1/r2020a/3p778c~1.ins/gnuarm~1.ins/win/bin/../lib/gcc/arm-none-eabi/7.2.1/thumb/v7e-m/fpv4-sp/hard/crti.o
LOAD c:/progra~3/matlab/suppor~1/r2020a/3p778c~1.ins/gnuarm~1.ins/win/bin/../lib/gcc/arm-none-eabi/7.2.1/thumb/v7e-m/fpv4-sp/hard/crtbegin.o
LOAD c:/progra~3/matlab/suppor~1/r2020a/3p778c~1.ins/gnuarm~1.ins/win/bin/../lib/gcc/arm-none-eabi/7.2.1/../../../../arm-none-eabi/lib/thumb/v7e-m/fpv4-sp/hard/crt0.o
LOAD AdaptivePacing_3.o
LOAD AdaptivePacing_3_data.o
LOAD AdaptivePacing_3_tgtconn.o
LOAD MW_I2C.o
LOAD RTX_Conf_CM.o
LOAD board.o
LOAD cmsis_rtos_init.o
LOAD ert_main.o
LOAD ext_work.o
LOAD fsl_edma_irq.o
LOAD fsl_misc_utilities.o
LOAD fsl_uart_irq.o
LOAD hardware_init.o
LOAD i2c_api.o
LOAD irq_stub.o
LOAD k64f_ext_svr.o
LOAD k64f_rtiostream_commservice.o
LOAD k64f_rtiostream_interface.o
LOAD k64f_rtiostream_utils.o
LOAD mw_sdk_interface.o
LOAD mw_semaphore.o
LOAD mw_signal.o
LOAD mw_thread.o
LOAD mw_timer.o
LOAD pin_mux.o
LOAD rtGetInf.o
LOAD rtGetNaN.o
LOAD rt_nonfinite.o
LOAD sbrk.o
LOAD startup.o
LOAD startup_MK64F12.o
LOAD system_MK64F12.o
LOAD tgtSvc_UARTInfo.o
LOAD updown.o
LOAD C:/ProgramData/MATLAB/SupportPackages/R2020a/toolbox/target/supportpackages/freedomk64f/bin/libcodertarget_RTIOStreamAppSvc.lib
LOAD C:/ProgramData/MATLAB/SupportPackages/R2020a/toolbox/target/supportpackages/freedomk64f/bin/bm/libcodertarget_TargetServices.lib
LOAD C:/ProgramData/MATLAB/SupportPackages/R2020a/3P.instrset/cmsis.instrset/CMSIS/Lib/GCC/libarm_cortexM4lf_math.a
LOAD C:/ProgramData/MATLAB/SupportPackages/R2020a/3P.instrset/cmsis.instrset/CMSIS/RTOS/RTX/LIB/GCC/libRTX_CM4.a
LOAD C:/ProgramData/MATLAB/SupportPackages/R2020a/toolbox/target/supportpackages/freedomk64f/src/ksdk_armgcc_lib/bm/libksdk_platform.a
LOAD c:/progra~3/matlab/suppor~1/r2020a/3p778c~1.ins/gnuarm~1.ins/win/bin/../lib/gcc/arm-none-eabi/7.2.1/../../../../arm-none-eabi/lib/thumb/v7e-m/fpv4-sp/hard\libstdc++.a
LOAD c:/progra~3/matlab/suppor~1/r2020a/3p778c~1.ins/gnuarm~1.ins/win/bin/../lib/gcc/arm-none-eabi/7.2.1/../../../../arm-none-eabi/lib/thumb/v7e-m/fpv4-sp/hard\libm.a
START GROUP
LOAD c:/progra~3/matlab/suppor~1/r2020a/3p778c~1.ins/gnuarm~1.ins/win/bin/../lib/gcc/arm-none-eabi/7.2.1/thumb/v7e-m/fpv4-sp/hard\libgcc.a
LOAD c:/progra~3/matlab/suppor~1/r2020a/3p778c~1.ins/gnuarm~1.ins/win/bin/../lib/gcc/arm-none-eabi/7.2.1/../../../../arm-none-eabi/lib/thumb/v7e-m/fpv4-sp/hard\libg.a
LOAD c:/progra~3/matlab/suppor~1/r2020a/3p778c~1.ins/gnuarm~1.ins/win/bin/../lib/gcc/arm-none-eabi/7.2.1/../../../../arm-none-eabi/lib/thumb/v7e-m/fpv4-sp/hard\libc.a
END GROUP
START GROUP
LOAD c:/progra~3/matlab/suppor~1/r2020a/3p778c~1.ins/gnuarm~1.ins/win/bin/../lib/gcc/arm-none-eabi/7.2.1/thumb/v7e-m/fpv4-sp/hard\libgcc.a
LOAD c:/progra~3/matlab/suppor~1/r2020a/3p778c~1.ins/gnuarm~1.ins/win/bin/../lib/gcc/arm-none-eabi/7.2.1/../../../../arm-none-eabi/lib/thumb/v7e-m/fpv4-sp/hard\libc.a
LOAD c:/progra~3/matlab/suppor~1/r2020a/3p778c~1.ins/gnuarm~1.ins/win/bin/../lib/gcc/arm-none-eabi/7.2.1/../../../../arm-none-eabi/lib/thumb/v7e-m/fpv4-sp/hard\libnosys.a
END GROUP
LOAD c:/progra~3/matlab/suppor~1/r2020a/3p778c~1.ins/gnuarm~1.ins/win/bin/../lib/gcc/arm-none-eabi/7.2.1/thumb/v7e-m/fpv4-sp/hard/crtend.o
LOAD c:/progra~3/matlab/suppor~1/r2020a/3p778c~1.ins/gnuarm~1.ins/win/bin/../lib/gcc/arm-none-eabi/7.2.1/thumb/v7e-m/fpv4-sp/hard/crtn.o
                0x00000400                HEAP_SIZE = DEFINED (__heap_size__)?__heap_size__:0x400
                0x00000400                STACK_SIZE = DEFINED (__stack_size__)?__stack_size__:0x400
                0x00000000                M_VECTOR_RAM_SIZE = DEFINED (__ram_vector_table__)?0x400:0x0

.interrupts     0x00000000      0x400
                0x00000000                __VECTOR_TABLE = .
                0x00000000                . = ALIGN (0x4)
 *(.isr_vector)
 .isr_vector    0x00000000      0x400 startup_MK64F12.o
                0x00000000                __isr_vector
                0x00000400                . = ALIGN (0x4)

.flash_config   0x00000400       0x10
                0x00000400                . = ALIGN (0x4)
 *(.FlashConfig)
 .FlashConfig   0x00000400       0x10 startup_MK64F12.o
                0x00000410                . = ALIGN (0x4)

.text           0x00000440    0x1c8b0
                0x00000440                . = ALIGN (0x4)
 *(.text)
 .text          0x00000440       0x40 c:/progra~3/matlab/suppor~1/r2020a/3p778c~1.ins/gnuarm~1.ins/win/bin/../lib/gcc/arm-none-eabi/7.2.1/thumb/v7e-m/fpv4-sp/hard/crtbegin.o
 .text          0x00000480       0x74 c:/progra~3/matlab/suppor~1/r2020a/3p778c~1.ins/gnuarm~1.ins/win/bin/../lib/gcc/arm-none-eabi/7.2.1/../../../../arm-none-eabi/lib/thumb/v7e-m/fpv4-sp/hard/crt0.o
                0x00000480                _start
                0x00000480                _mainCRTStartup
 .text          0x000004f4       0x14 startup_MK64F12.o
                0x000004f4                Reset_Handler
                0x00000504                ENET_Receive_IRQHandler
                0x00000504                ENET_1588_Timer_IRQHandler
                0x00000504                DefaultISR
                0x00000504                PIT2_IRQHandler
                0x00000504                PIT0_IRQHandler
                0x00000504                ENET_Error_IRQHandler
                0x00000504                PIT3_IRQHandler
                0x00000504                SDHC_IRQHandler
                0x00000504                ENET_Transmit_IRQHandler
                0x00000504                PIT1_IRQHandler
 .text          0x00000508      0x198 C:/ProgramData/MATLAB/SupportPackages/R2020a/3P.instrset/cmsis.instrset/CMSIS/RTOS/RTX/LIB/GCC/libRTX_CM4.a(hal_cm4.o)
                0x00000508                rt_set_PSP
                0x0000050e                rt_get_PSP
                0x00000514                os_set_env
                0x0000052c                _alloc_box
                0x00000548                _free_box
                0x00000564                SVC_Handler
                0x0000060a                PendSV_Handler
                0x00000610                Sys_Switch
                0x0000066a                SysTick_Handler
                0x00000674                OS_Tick_Handler
 .text          0x000006a0     0x6adc c:/progra~3/matlab/suppor~1/r2020a/3p778c~1.ins/gnuarm~1.ins/win/bin/../lib/gcc/arm-none-eabi/7.2.1/../../../../arm-none-eabi/lib/thumb/v7e-m/fpv4-sp/hard\libstdc++.a(cp-demangle.o)
                0x00007090                __cxa_demangle
                0x00007158                __gcclibcxx_demangle_callback
 .text          0x0000717c      0x378 c:/progra~3/matlab/suppor~1/r2020a/3p778c~1.ins/gnuarm~1.ins/win/bin/../lib/gcc/arm-none-eabi/7.2.1/thumb/v7e-m/fpv4-sp/hard\libgcc.a(_arm_addsubdf3.o)
                0x0000717c                __aeabi_drsub
                0x00007184                __aeabi_dsub
                0x00007184                __subdf3
                0x00007188                __aeabi_dadd
                0x00007188                __adddf3
                0x00007400                __floatunsidf
                0x00007400                __aeabi_ui2d
                0x00007420                __floatsidf
                0x00007420                __aeabi_i2d
                0x00007444                __aeabi_f2d
                0x00007444                __extendsfdf2
                0x00007488                __floatundidf
                0x00007488                __aeabi_ul2d
                0x00007498                __floatdidf
                0x00007498                __aeabi_l2d
 .text          0x000074f4      0x424 c:/progra~3/matlab/suppor~1/r2020a/3p778c~1.ins/gnuarm~1.ins/win/bin/../lib/gcc/arm-none-eabi/7.2.1/thumb/v7e-m/fpv4-sp/hard\libgcc.a(_arm_muldivdf3.o)
                0x000074f4                __aeabi_dmul
                0x000074f4                __muldf3
                0x00007748                __divdf3
                0x00007748                __aeabi_ddiv
 .text          0x00007918      0x110 c:/progra~3/matlab/suppor~1/r2020a/3p778c~1.ins/gnuarm~1.ins/win/bin/../lib/gcc/arm-none-eabi/7.2.1/thumb/v7e-m/fpv4-sp/hard\libgcc.a(_arm_cmpdf2.o)
                0x00007918                __gtdf2
                0x00007918                __gedf2
                0x00007920                __ltdf2
                0x00007920                __ledf2
                0x00007928                __nedf2
                0x00007928                __eqdf2
                0x00007928                __cmpdf2
                0x000079a4                __aeabi_cdrcmple
                0x000079b4                __aeabi_cdcmpeq
                0x000079b4                __aeabi_cdcmple
                0x000079c4                __aeabi_dcmpeq
                0x000079d8                __aeabi_dcmplt
                0x000079ec                __aeabi_dcmple
                0x00007a00                __aeabi_dcmpge
                0x00007a14                __aeabi_dcmpgt
 .text          0x00007a28       0x2c c:/progra~3/matlab/suppor~1/r2020a/3p778c~1.ins/gnuarm~1.ins/win/bin/../lib/gcc/arm-none-eabi/7.2.1/thumb/v7e-m/fpv4-sp/hard\libgcc.a(_arm_unorddf2.o)
                0x00007a28                __unorddf2
                0x00007a28                __aeabi_dcmpun
 .text          0x00007a54       0x40 c:/progra~3/matlab/suppor~1/r2020a/3p778c~1.ins/gnuarm~1.ins/win/bin/../lib/gcc/arm-none-eabi/7.2.1/thumb/v7e-m/fpv4-sp/hard\libgcc.a(_arm_fixunsdfsi.o)
                0x00007a54                __aeabi_d2uiz
                0x00007a54                __fixunsdfsi
 .text          0x00007a94       0xa0 c:/progra~3/matlab/suppor~1/r2020a/3p778c~1.ins/gnuarm~1.ins/win/bin/../lib/gcc/arm-none-eabi/7.2.1/thumb/v7e-m/fpv4-sp/hard\libgcc.a(_arm_truncdfsf2.o)
                0x00007a94                __truncdfsf2
                0x00007a94                __aeabi_d2f
 .text          0x00007b34       0x30 c:/progra~3/matlab/suppor~1/r2020a/3p778c~1.ins/gnuarm~1.ins/win/bin/../lib/gcc/arm-none-eabi/7.2.1/thumb/v7e-m/fpv4-sp/hard\libgcc.a(_aeabi_uldivmod.o)
                0x00007b34                __aeabi_uldivmod
 .text          0x00007b64      0x2cc c:/progra~3/matlab/suppor~1/r2020a/3p778c~1.ins/gnuarm~1.ins/win/bin/../lib/gcc/arm-none-eabi/7.2.1/thumb/v7e-m/fpv4-sp/hard\libgcc.a(_udivmoddi4.o)
                0x00007b64                __udivmoddi4
 .text          0x00007e30      0x9ec c:/progra~3/matlab/suppor~1/r2020a/3p778c~1.ins/gnuarm~1.ins/win/bin/../lib/gcc/arm-none-eabi/7.2.1/thumb/v7e-m/fpv4-sp/hard\libgcc.a(unwind-arm.o)
                0x000080e4                _Unwind_GetCFA
                0x000080e8                __gnu_Unwind_RaiseException
                0x00008148                __gnu_Unwind_ForcedUnwind
                0x0000815c                __gnu_Unwind_Resume
                0x000081a0                __gnu_Unwind_Resume_or_Rethrow
                0x000081b0                _Unwind_Complete
                0x000081b4                _Unwind_DeleteException
                0x000081c0                _Unwind_VRS_Get
                0x00008204                _Unwind_VRS_Set
                0x0000824c                __gnu_Unwind_Backtrace
                0x00008590                __aeabi_unwind_cpp_pr0
                0x00008594                __aeabi_unwind_cpp_pr1
                0x00008598                __aeabi_unwind_cpp_pr2
                0x0000859c                _Unwind_VRS_Pop
 .text          0x0000881c      0x1ac c:/progra~3/matlab/suppor~1/r2020a/3p778c~1.ins/gnuarm~1.ins/win/bin/../lib/gcc/arm-none-eabi/7.2.1/thumb/v7e-m/fpv4-sp/hard\libgcc.a(libunwind.o)
                0x0000881c                __restore_core_regs
                0x0000881c                restore_core_regs
                0x00008834                __gnu_Unwind_Restore_VFP
                0x0000883c                __gnu_Unwind_Save_VFP
                0x00008844                __gnu_Unwind_Restore_VFP_D
                0x0000884c                __gnu_Unwind_Save_VFP_D
                0x00008854                __gnu_Unwind_Restore_VFP_D_16_to_31
                0x0000885c                __gnu_Unwind_Save_VFP_D_16_to_31
                0x00008864                __gnu_Unwind_Restore_WMMXD
                0x000088a8                __gnu_Unwind_Save_WMMXD
                0x000088ec                __gnu_Unwind_Restore_WMMXC
                0x00008900                __gnu_Unwind_Save_WMMXC
                0x00008914                ___Unwind_RaiseException
                0x00008914                _Unwind_RaiseException
                0x00008938                _Unwind_Resume
                0x00008938                ___Unwind_Resume
                0x0000895c                _Unwind_Resume_or_Rethrow
                0x0000895c                ___Unwind_Resume_or_Rethrow
                0x00008980                _Unwind_ForcedUnwind
                0x00008980                ___Unwind_ForcedUnwind
                0x000089a4                ___Unwind_Backtrace
                0x000089a4                _Unwind_Backtrace
 .text          0x000089c8      0x374 c:/progra~3/matlab/suppor~1/r2020a/3p778c~1.ins/gnuarm~1.ins/win/bin/../lib/gcc/arm-none-eabi/7.2.1/thumb/v7e-m/fpv4-sp/hard\libgcc.a(pr-support.o)
                0x00008a20                __gnu_unwind_execute
                0x00008ce4                __gnu_unwind_frame
                0x00008d0c                _Unwind_GetRegionStart
                0x00008d18                _Unwind_GetLanguageSpecificData
                0x00008d2c                _Unwind_GetDataRelBase
                0x00008d34                _Unwind_GetTextRelBase
 .text          0x00008d3c        0x4 c:/progra~3/matlab/suppor~1/r2020a/3p778c~1.ins/gnuarm~1.ins/win/bin/../lib/gcc/arm-none-eabi/7.2.1/thumb/v7e-m/fpv4-sp/hard\libgcc.a(_dvmd_tls.o)
                0x00008d3c                __aeabi_idiv0
                0x00008d3c                __aeabi_ldiv0
 .text          0x00008d40       0xa0 c:/progra~3/matlab/suppor~1/r2020a/3p778c~1.ins/gnuarm~1.ins/win/bin/../lib/gcc/arm-none-eabi/7.2.1/../../../../arm-none-eabi/lib/thumb/v7e-m/fpv4-sp/hard\libg.a(lib_a-memchr.o)
                0x00008d40                memchr
 .text          0x00008de0      0x134 c:/progra~3/matlab/suppor~1/r2020a/3p778c~1.ins/gnuarm~1.ins/win/bin/../lib/gcc/arm-none-eabi/7.2.1/../../../../arm-none-eabi/lib/thumb/v7e-m/fpv4-sp/hard\libg.a(lib_a-memcpy.o)
                0x00008de0                memcpy
 *fill*         0x00008f14        0xc 
 .text          0x00008f20      0x2dc c:/progra~3/matlab/suppor~1/r2020a/3p778c~1.ins/gnuarm~1.ins/win/bin/../lib/gcc/arm-none-eabi/7.2.1/../../../../arm-none-eabi/lib/thumb/v7e-m/fpv4-sp/hard\libg.a(lib_a-strcmp.o)
                0x00008f28                strcmp
 *fill*         0x000091fc        0x4 
 .text          0x00009200       0xdc c:/progra~3/matlab/suppor~1/r2020a/3p778c~1.ins/gnuarm~1.ins/win/bin/../lib/gcc/arm-none-eabi/7.2.1/../../../../arm-none-eabi/lib/thumb/v7e-m/fpv4-sp/hard\libg.a(lib_a-strlen.o)
                0x00009200                strlen
 .text          0x000092dc       0x50 c:/progra~3/matlab/suppor~1/r2020a/3p778c~1.ins/gnuarm~1.ins/win/bin/../lib/gcc/arm-none-eabi/7.2.1/thumb/v7e-m/fpv4-sp/hard\libgcc.a(_arm_fixdfsi.o)
                0x000092dc                __aeabi_d2iz
                0x000092dc                __fixdfsi
 *(.text*)
 .text.AdaptivePaci_SystemCore_release
                0x0000932c       0x2a AdaptivePacing_3.o
 .text.AdaptivePacin_SystemCore_delete
                0x00009356       0x16 AdaptivePacing_3.o
 .text.matlabCodegenHandle_matlabCodeg
                0x0000936c       0x24 AdaptivePacing_3.o
 .text.AdaptivePa_SystemCore_release_d
                0x00009390       0x22 AdaptivePacing_3.o
 .text.AdaptivePac_SystemCore_delete_d
                0x000093b2       0x16 AdaptivePacing_3.o
 .text.matlabCodegenHandle_matlabCod_d
                0x000093c8       0x24 AdaptivePacing_3.o
 .text.AdaptivePacing_SystemCore_setup
                0x000093ec      0x158 AdaptivePacing_3.o
 *fill*         0x00009544        0x4 
 .text.AdaptivePacing_3_step
                0x00009548      0x968 AdaptivePacing_3.o
                0x00009548                AdaptivePacing_3_step
 .text.AdaptivePacing_3_initialize
                0x00009eb0      0x140 AdaptivePacing_3.o
                0x00009eb0                AdaptivePacing_3_initialize
 .text.AdaptivePacing_3_terminate
                0x00009ff0       0x1c AdaptivePacing_3.o
                0x00009ff0                AdaptivePacing_3_terminate
 .text.TgtConnInit
                0x0000a00c       0x1c AdaptivePacing_3_tgtconn.o
                0x0000a00c                TgtConnInit
 .text.TgtConnTerm
                0x0000a028        0xc AdaptivePacing_3_tgtconn.o
                0x0000a028                TgtConnTerm
 .text.MW_I2C_Open
                0x0000a034       0x48 MW_I2C.o
                0x0000a034                MW_I2C_Open
 .text.MW_I2C_SetBusSpeed
                0x0000a07c       0x2e MW_I2C.o
                0x0000a07c                MW_I2C_SetBusSpeed
 .text.MW_I2C_MasterRead
                0x0000a0aa       0x68 MW_I2C.o
                0x0000a0aa                MW_I2C_MasterRead
 .text.MW_I2C_MasterWrite
                0x0000a112       0x68 MW_I2C.o
                0x0000a112                MW_I2C_MasterWrite
 .text.MW_I2C_Close
                0x0000a17a       0x14 MW_I2C.o
                0x0000a17a                MW_I2C_Close
 .text.os_idle_demon
                0x0000a18e        0x6 RTX_Conf_CM.o
                0x0000a18e                os_idle_demon
 .text.os_error
                0x0000a194       0x2c RTX_Conf_CM.o
                0x0000a194                os_error
 .text.rt_init_robin
                0x0000a1c0        0x2 RTX_Conf_CM.o
                0x0000a1c0                rt_init_robin
 .text.rt_chk_robin
                0x0000a1c2        0x2 RTX_Conf_CM.o
                0x0000a1c2                rt_chk_robin
 .text.software_init_hook
                0x0000a1c4       0x34 RTX_Conf_CM.o
                0x0000a1c4                software_init_hook
 .text.PORT_HAL_SetMuxMode
                0x0000a1f8       0x58 board.o
 .text.SMC_HAL_SetProtection
                0x0000a250       0x1e board.o
 *fill*         0x0000a26e        0x2 
 .text.BOARD_InitOsc0
                0x0000a270       0x30 board.o
                0x0000a270                BOARD_InitOsc0
 .text.BOARD_InitRtcOsc
                0x0000a2a0       0x28 board.o
                0x0000a2a0                BOARD_InitRtcOsc
 .text.BOARD_ClockInit
                0x0000a2c8       0x34 board.o
                0x0000a2c8                BOARD_ClockInit
 .text.schedulerTask
                0x0000a2fc       0x1c cmsis_rtos_init.o
                0x0000a2fc                schedulerTask
 .text.mw_initSignalEvents
                0x0000a318       0x40 cmsis_rtos_init.o
                0x0000a318                mw_initSignalEvents
 .text.mw_RTOSInit
                0x0000a358       0xa8 cmsis_rtos_init.o
                0x0000a358                mw_RTOSInit
 .text.baseRateTask
                0x0000a400       0xec ert_main.o
                0x0000a400                baseRateTask
 .text.terminateTask
                0x0000a4ec       0x58 ert_main.o
                0x0000a4ec                terminateTask
 .text.backgroundTask
                0x0000a544       0x50 ert_main.o
                0x0000a544                backgroundTask
 .text.main     0x0000a594       0xac ert_main.o
                0x0000a594                main
 .text.rtExtModePauseIfNeeded
                0x0000a640       0x5c ext_work.o
                0x0000a640                rtExtModePauseIfNeeded
 .text.rtExtModeWaitForStartPkt
                0x0000a69c       0x64 ext_work.o
                0x0000a69c                rtExtModeWaitForStartPkt
 .text.rtExtModeOneStep
                0x0000a700       0x34 ext_work.o
                0x0000a700                rtExtModeOneStep
 .text.rtExtModeUpload
                0x0000a734       0x1e ext_work.o
                0x0000a734                rtExtModeUpload
 .text.rtExtModeCheckEndTrigger
                0x0000a752        0xc ext_work.o
                0x0000a752                rtExtModeCheckEndTrigger
 .text.rtExtModeUploadCheckTrigger
                0x0000a75e       0x16 ext_work.o
                0x0000a75e                rtExtModeUploadCheckTrigger
 .text.rtExtModeCheckInit
                0x0000a774       0x14 ext_work.o
                0x0000a774                rtExtModeCheckInit
 .text.rtExtModeShutdown
                0x0000a788       0x16 ext_work.o
                0x0000a788                rtExtModeShutdown
 .text.rtExtModeParseArgs
                0x0000a79e       0x1c ext_work.o
                0x0000a79e                rtExtModeParseArgs
 *fill*         0x0000a7ba        0x2 
 .text.rtERTExtModeSetTFinal
                0x0000a7bc       0x58 ext_work.o
                0x0000a7bc                rtERTExtModeSetTFinal
 .text.rtSetTFinalForExtMode
                0x0000a814       0x16 ext_work.o
                0x0000a814                rtSetTFinalForExtMode
 .text.rtERTExtModeStartMsg
                0x0000a82a        0xe ext_work.o
                0x0000a82a                rtERTExtModeStartMsg
 .text.DMA0_IRQHandler
                0x0000a838        0xe fsl_edma_irq.o
                0x0000a838                DMA0_IRQHandler
 .text.DMA1_IRQHandler
                0x0000a846        0xe fsl_edma_irq.o
                0x0000a846                DMA1_IRQHandler
 .text.DMA2_IRQHandler
                0x0000a854        0xe fsl_edma_irq.o
                0x0000a854                DMA2_IRQHandler
 .text.DMA3_IRQHandler
                0x0000a862        0xe fsl_edma_irq.o
                0x0000a862                DMA3_IRQHandler
 .text.DMA4_IRQHandler
                0x0000a870        0xe fsl_edma_irq.o
                0x0000a870                DMA4_IRQHandler
 .text.DMA5_IRQHandler
                0x0000a87e        0xe fsl_edma_irq.o
                0x0000a87e                DMA5_IRQHandler
 .text.DMA6_IRQHandler
                0x0000a88c        0xe fsl_edma_irq.o
                0x0000a88c                DMA6_IRQHandler
 .text.DMA7_IRQHandler
                0x0000a89a        0xe fsl_edma_irq.o
                0x0000a89a                DMA7_IRQHandler
 .text.DMA8_IRQHandler
                0x0000a8a8        0xe fsl_edma_irq.o
                0x0000a8a8                DMA8_IRQHandler
 .text.DMA9_IRQHandler
                0x0000a8b6        0xe fsl_edma_irq.o
                0x0000a8b6                DMA9_IRQHandler
 .text.DMA10_IRQHandler
                0x0000a8c4        0xe fsl_edma_irq.o
                0x0000a8c4                DMA10_IRQHandler
 .text.DMA11_IRQHandler
                0x0000a8d2        0xe fsl_edma_irq.o
                0x0000a8d2                DMA11_IRQHandler
 .text.DMA12_IRQHandler
                0x0000a8e0        0xe fsl_edma_irq.o
                0x0000a8e0                DMA12_IRQHandler
 .text.DMA13_IRQHandler
                0x0000a8ee        0xe fsl_edma_irq.o
                0x0000a8ee                DMA13_IRQHandler
 .text.DMA14_IRQHandler
                0x0000a8fc        0xe fsl_edma_irq.o
                0x0000a8fc                DMA14_IRQHandler
 .text.DMA15_IRQHandler
                0x0000a90a        0xe fsl_edma_irq.o
                0x0000a90a                DMA15_IRQHandler
 .text.DMA_Error_IRQHandler
                0x0000a918        0xe fsl_edma_irq.o
                0x0000a918                DMA_Error_IRQHandler
 .text.UART0_RX_TX_IRQHandler
                0x0000a926        0xe fsl_uart_irq.o
                0x0000a926                UART0_RX_TX_IRQHandler
 .text.UART1_RX_TX_IRQHandler
                0x0000a934        0xe fsl_uart_irq.o
                0x0000a934                UART1_RX_TX_IRQHandler
 .text.UART2_RX_TX_IRQHandler
                0x0000a942        0xe fsl_uart_irq.o
                0x0000a942                UART2_RX_TX_IRQHandler
 .text.UART3_RX_TX_IRQHandler
                0x0000a950        0xe fsl_uart_irq.o
                0x0000a950                UART3_RX_TX_IRQHandler
 .text.UART4_RX_TX_IRQHandler
                0x0000a95e        0xe fsl_uart_irq.o
                0x0000a95e                UART4_RX_TX_IRQHandler
 .text.UART5_RX_TX_IRQHandler
                0x0000a96c        0xe fsl_uart_irq.o
                0x0000a96c                UART5_RX_TX_IRQHandler
 .text.hardware_init
                0x0000a97a       0x3c hardware_init.o
                0x0000a97a                hardware_init
 .text.CLOCK_SYS_GetI2cFreq
                0x0000a9b6       0x16 i2c_api.o
 .text.I2C_HAL_Enable
                0x0000a9cc       0x24 i2c_api.o
 .text.I2C_HAL_SendAck
                0x0000a9f0       0x24 i2c_api.o
 .text.I2C_HAL_SendNak
                0x0000aa14       0x24 i2c_api.o
 .text.I2C_HAL_SetDirMode
                0x0000aa38       0x2a i2c_api.o
 .text.I2C_HAL_ReadByte
                0x0000aa62       0x1a i2c_api.o
 .text.I2C_HAL_WriteByte
                0x0000aa7c       0x1e i2c_api.o
 .text.I2C_HAL_GetStatusFlag
                0x0000aa9a       0x34 i2c_api.o
 .text.I2C_HAL_IsMaster
                0x0000aace       0x2e i2c_api.o
 .text.I2C_HAL_SetIntCmd
                0x0000aafc       0x28 i2c_api.o
 .text.I2C_HAL_ClearInt
                0x0000ab24       0x1a i2c_api.o
 *fill*         0x0000ab3e        0x2 
 .text.PORT_HAL_SetOpenDrainCmd
                0x0000ab40       0x4c i2c_api.o
 .text.PORT_HAL_SetMuxMode
                0x0000ab8c       0x58 i2c_api.o
 .text.i2c_init
                0x0000abe4       0x54 i2c_api.o
                0x0000abe4                i2c_init
 .text.i2c_start
                0x0000ac38       0x28 i2c_api.o
                0x0000ac38                i2c_start
 .text.i2c_stop
                0x0000ac60       0x4c i2c_api.o
                0x0000ac60                i2c_stop
 .text.timeout_status_poll
                0x0000acac       0x58 i2c_api.o
 .text.i2c_wait_end_tx_transfer
                0x0000ad04       0x54 i2c_api.o
 .text.i2c_wait_end_rx_transfer
                0x0000ad58       0x3c i2c_api.o
 .text.i2c_do_write
                0x0000ad94       0x38 i2c_api.o
 .text.i2c_do_read
                0x0000adcc       0x50 i2c_api.o
 .text.i2c_frequency
                0x0000ae1c       0x50 i2c_api.o
                0x0000ae1c                i2c_frequency
 .text.i2c_read
                0x0000ae6c       0xe0 i2c_api.o
                0x0000ae6c                i2c_read
 .text.i2c_write
                0x0000af4c       0x90 i2c_api.o
                0x0000af4c                i2c_write
 .text.configure_i2c_pins
                0x0000afdc       0x78 i2c_api.o
                0x0000afdc                configure_i2c_pins
 .text.NMI_Handler
                0x0000b054        0x6 irq_stub.o
                0x0000b054                NMI_Handler
 .text.HardFault_Handler
                0x0000b05a        0x6 irq_stub.o
                0x0000b05a                HardFault_Handler
 .text.MemManage_Handler
                0x0000b060        0x6 irq_stub.o
                0x0000b060                MemManage_Handler
 .text.BusFault_Handler
                0x0000b066        0x6 irq_stub.o
                0x0000b066                BusFault_Handler
 .text.UsageFault_Handler
                0x0000b06c        0x6 irq_stub.o
                0x0000b06c                UsageFault_Handler
 .text.DebugMon_Handler
                0x0000b072        0x6 irq_stub.o
                0x0000b072                DebugMon_Handler
 .text.MCM_IRQHandler
                0x0000b078        0x6 irq_stub.o
                0x0000b078                MCM_IRQHandler
 .text.FTFE_IRQHandler
                0x0000b07e        0x6 irq_stub.o
                0x0000b07e                FTFE_IRQHandler
 .text.Read_Collision_IRQHandler
                0x0000b084        0x6 irq_stub.o
                0x0000b084                Read_Collision_IRQHandler
 .text.LVD_LVW_IRQHandler
                0x0000b08a        0x6 irq_stub.o
                0x0000b08a                LVD_LVW_IRQHandler
 .text.LLWU_IRQHandler
                0x0000b090        0x6 irq_stub.o
                0x0000b090                LLWU_IRQHandler
 .text.WDOG_EWM_IRQHandler
                0x0000b096        0x6 irq_stub.o
                0x0000b096                WDOG_EWM_IRQHandler
 .text.RNG_IRQHandler
                0x0000b09c        0x6 irq_stub.o
                0x0000b09c                RNG_IRQHandler
 .text.I2C0_IRQHandler
                0x0000b0a2        0x6 irq_stub.o
                0x0000b0a2                I2C0_IRQHandler
 .text.I2C1_IRQHandler
                0x0000b0a8        0x6 irq_stub.o
                0x0000b0a8                I2C1_IRQHandler
 .text.SPI0_IRQHandler
                0x0000b0ae        0x6 irq_stub.o
                0x0000b0ae                SPI0_IRQHandler
 .text.SPI1_IRQHandler
                0x0000b0b4        0x6 irq_stub.o
                0x0000b0b4                SPI1_IRQHandler
 .text.I2S0_Tx_IRQHandler
                0x0000b0ba        0x6 irq_stub.o
                0x0000b0ba                I2S0_Tx_IRQHandler
 .text.I2S0_Rx_IRQHandler
                0x0000b0c0        0x6 irq_stub.o
                0x0000b0c0                I2S0_Rx_IRQHandler
 .text.UART0_LON_IRQHandler
                0x0000b0c6        0x6 irq_stub.o
                0x0000b0c6                UART0_LON_IRQHandler
 .text.UART0_ERR_IRQHandler
                0x0000b0cc        0x6 irq_stub.o
                0x0000b0cc                UART0_ERR_IRQHandler
 .text.UART1_ERR_IRQHandler
                0x0000b0d2        0x6 irq_stub.o
                0x0000b0d2                UART1_ERR_IRQHandler
 .text.UART2_ERR_IRQHandler
                0x0000b0d8        0x6 irq_stub.o
                0x0000b0d8                UART2_ERR_IRQHandler
 .text.UART3_ERR_IRQHandler
                0x0000b0de        0x6 irq_stub.o
                0x0000b0de                UART3_ERR_IRQHandler
 .text.ADC0_IRQHandler
                0x0000b0e4        0x6 irq_stub.o
                0x0000b0e4                ADC0_IRQHandler
 .text.CMP0_IRQHandler
                0x0000b0ea        0x6 irq_stub.o
                0x0000b0ea                CMP0_IRQHandler
 .text.CMP1_IRQHandler
                0x0000b0f0        0x6 irq_stub.o
                0x0000b0f0                CMP1_IRQHandler
 .text.FTM0_IRQHandler
                0x0000b0f6        0x6 irq_stub.o
                0x0000b0f6                FTM0_IRQHandler
 .text.FTM1_IRQHandler
                0x0000b0fc        0x6 irq_stub.o
                0x0000b0fc                FTM1_IRQHandler
 .text.FTM2_IRQHandler
                0x0000b102        0x6 irq_stub.o
                0x0000b102                FTM2_IRQHandler
 .text.CMT_IRQHandler
                0x0000b108        0x6 irq_stub.o
                0x0000b108                CMT_IRQHandler
 .text.RTC_IRQHandler
                0x0000b10e        0x6 irq_stub.o
                0x0000b10e                RTC_IRQHandler
 .text.RTC_Seconds_IRQHandler
                0x0000b114        0x6 irq_stub.o
                0x0000b114                RTC_Seconds_IRQHandler
 .text.PDB0_IRQHandler
                0x0000b11a        0x6 irq_stub.o
                0x0000b11a                PDB0_IRQHandler
 .text.USB0_IRQHandler
                0x0000b120        0x6 irq_stub.o
                0x0000b120                USB0_IRQHandler
 .text.USBDCD_IRQHandler
                0x0000b126        0x6 irq_stub.o
                0x0000b126                USBDCD_IRQHandler
 .text.Reserved71_IRQHandler
                0x0000b12c        0x6 irq_stub.o
                0x0000b12c                Reserved71_IRQHandler
 .text.DAC0_IRQHandler
                0x0000b132        0x6 irq_stub.o
                0x0000b132                DAC0_IRQHandler
 .text.MCG_IRQHandler
                0x0000b138        0x6 irq_stub.o
                0x0000b138                MCG_IRQHandler
 .text.LPTMR0_IRQHandler
                0x0000b13e        0x6 irq_stub.o
                0x0000b13e                LPTMR0_IRQHandler
 .text.PORTA_IRQHandler
                0x0000b144        0x6 irq_stub.o
                0x0000b144                PORTA_IRQHandler
 .text.PORTB_IRQHandler
                0x0000b14a        0x6 irq_stub.o
                0x0000b14a                PORTB_IRQHandler
 .text.PORTC_IRQHandler
                0x0000b150        0x6 irq_stub.o
                0x0000b150                PORTC_IRQHandler
 .text.PORTD_IRQHandler
                0x0000b156        0x6 irq_stub.o
                0x0000b156                PORTD_IRQHandler
 .text.PORTE_IRQHandler
                0x0000b15c        0x6 irq_stub.o
                0x0000b15c                PORTE_IRQHandler
 .text.SWI_IRQHandler
                0x0000b162        0x6 irq_stub.o
                0x0000b162                SWI_IRQHandler
 .text.SPI2_IRQHandler
                0x0000b168        0x6 irq_stub.o
                0x0000b168                SPI2_IRQHandler
 .text.UART4_ERR_IRQHandler
                0x0000b16e        0x6 irq_stub.o
                0x0000b16e                UART4_ERR_IRQHandler
 .text.UART5_ERR_IRQHandler
                0x0000b174        0x6 irq_stub.o
                0x0000b174                UART5_ERR_IRQHandler
 .text.CMP2_IRQHandler
                0x0000b17a        0x6 irq_stub.o
                0x0000b17a                CMP2_IRQHandler
 .text.FTM3_IRQHandler
                0x0000b180        0x6 irq_stub.o
                0x0000b180                FTM3_IRQHandler
 .text.DAC1_IRQHandler
                0x0000b186        0x6 irq_stub.o
                0x0000b186                DAC1_IRQHandler
 .text.ADC1_IRQHandler
                0x0000b18c        0x6 irq_stub.o
                0x0000b18c                ADC1_IRQHandler
 .text.I2C2_IRQHandler
                0x0000b192        0x6 irq_stub.o
                0x0000b192                I2C2_IRQHandler
 .text.CAN0_ORed_Message_buffer_IRQHandler
                0x0000b198        0x6 irq_stub.o
                0x0000b198                CAN0_ORed_Message_buffer_IRQHandler
 .text.CAN0_Bus_Off_IRQHandler
                0x0000b19e        0x6 irq_stub.o
                0x0000b19e                CAN0_Bus_Off_IRQHandler
 .text.CAN0_Error_IRQHandler
                0x0000b1a4        0x6 irq_stub.o
                0x0000b1a4                CAN0_Error_IRQHandler
 .text.CAN0_Tx_Warning_IRQHandler
                0x0000b1aa        0x6 irq_stub.o
                0x0000b1aa                CAN0_Tx_Warning_IRQHandler
 .text.CAN0_Rx_Warning_IRQHandler
                0x0000b1b0        0x6 irq_stub.o
                0x0000b1b0                CAN0_Rx_Warning_IRQHandler
 .text.CAN0_Wake_Up_IRQHandler
                0x0000b1b6        0x6 irq_stub.o
                0x0000b1b6                CAN0_Wake_Up_IRQHandler
 .text.GrowRecvBufIfNeeded
                0x0000b1bc       0x5c k64f_ext_svr.o
 .text.GetPktHdr
                0x0000b218       0x80 k64f_ext_svr.o
 .text.ClearPkt
                0x0000b298       0x60 k64f_ext_svr.o
 .text.GetPkt   0x0000b2f8       0x8c k64f_ext_svr.o
 .text.DisconnectFromHost
                0x0000b384       0x68 k64f_ext_svr.o
 .text.ForceDisconnectFromHost
                0x0000b3ec       0x4c k64f_ext_svr.o
 .text.ProcessConnectPkt
                0x0000b438      0x178 k64f_ext_svr.o
 .text.SendPktHdrToHost
                0x0000b5b0       0x50 k64f_ext_svr.o
 .text.SendPktDataToHost
                0x0000b600       0x48 k64f_ext_svr.o
 .text.SendPktToHost
                0x0000b648       0x4e k64f_ext_svr.o
                0x0000b648                SendPktToHost
 .text.SendResponseStatus
                0x0000b696       0x38 k64f_ext_svr.o
 .text.ProcessSetParamPkt
                0x0000b6ce       0x64 k64f_ext_svr.o
 .text.ProcessGetParamsPkt
                0x0000b732      0x12a k64f_ext_svr.o
 .text.ProcessSelectTriggerSignalPkt
                0x0000b85c       0xa8 k64f_ext_svr.o
 .text.ProcessCancelLoggingArmTriggerPkt
                0x0000b904       0x7e k64f_ext_svr.o
 *fill*         0x0000b982        0x2 
 .text.ExtParseArgsAndInitUD
                0x0000b984       0x68 k64f_ext_svr.o
                0x0000b984                ExtParseArgsAndInitUD
 .text.ExtWaitForStartPkt
                0x0000b9ec       0x18 k64f_ext_svr.o
                0x0000b9ec                ExtWaitForStartPkt
 .text.UploadServerWork
                0x0000ba04       0xcc k64f_ext_svr.o
                0x0000ba04                UploadServerWork
 .text.rt_UploadServerWork
                0x0000bad0       0x2a k64f_ext_svr.o
                0x0000bad0                rt_UploadServerWork
 *fill*         0x0000bafa        0x2 
 .text.rt_ExtModeInit
                0x0000bafc       0x54 k64f_ext_svr.o
                0x0000bafc                rt_ExtModeInit
 .text.rt_ExtModeSleep
                0x0000bb50       0x24 k64f_ext_svr.o
                0x0000bb50                rt_ExtModeSleep
 .text.rt_PktServerWork
                0x0000bb74      0x264 k64f_ext_svr.o
                0x0000bb74                rt_PktServerWork
 .text.ExtModeShutdown
                0x0000bdd8       0x44 k64f_ext_svr.o
 .text.rt_ExtModeShutdown
                0x0000be1c       0x84 k64f_ext_svr.o
                0x0000be1c                rt_ExtModeShutdown
 .text.rt_UploadCheckTrigger
                0x0000bea0       0x2a k64f_ext_svr.o
                0x0000bea0                rt_UploadCheckTrigger
 .text.rt_UploadCheckEndTrigger
                0x0000beca       0x26 k64f_ext_svr.o
                0x0000beca                rt_UploadCheckEndTrigger
 .text.rt_UploadBufAddTimePoint
                0x0000bef0       0x32 k64f_ext_svr.o
                0x0000bef0                rt_UploadBufAddTimePoint
 .text.initializeCommService
                0x0000bf22        0xe k64f_rtiostream_commservice.o
                0x0000bf22                initializeCommService
 .text.terminateCommService
                0x0000bf30        0xc k64f_rtiostream_commservice.o
                0x0000bf30                terminateCommService
 .text.rtIOStreamOpen
                0x0000bf3c       0x18 k64f_rtiostream_commservice.o
                0x0000bf3c                rtIOStreamOpen
 .text.rtIOStreamSend
                0x0000bf54       0x32 k64f_rtiostream_commservice.o
                0x0000bf54                rtIOStreamSend
 .text.rtIOStreamRecv
                0x0000bf86       0x32 k64f_rtiostream_commservice.o
                0x0000bf86                rtIOStreamRecv
 .text.rtIOStreamClose
                0x0000bfb8       0x16 k64f_rtiostream_commservice.o
                0x0000bfb8                rtIOStreamClose
 *fill*         0x0000bfce        0x2 
 .text.ExtProcessArgs
                0x0000bfd0       0xc8 k64f_rtiostream_interface.o
                0x0000bfd0                ExtProcessArgs
 .text.ExtUserDataCreate
                0x0000c098       0x14 k64f_rtiostream_interface.o
                0x0000c098                ExtUserDataCreate
 .text.ExtInit  0x0000c0ac       0x1a k64f_rtiostream_interface.o
                0x0000c0ac                ExtInit
 .text.ExtSetHostPkt
                0x0000c0c6       0x48 k64f_rtiostream_interface.o
                0x0000c0c6                ExtSetHostPkt
 .text.ExtGetHostPkt
                0x0000c10e       0x46 k64f_rtiostream_interface.o
                0x0000c10e                ExtGetHostPkt
 .text.ExtWaitForStartPktFromHost
                0x0000c154       0x18 k64f_rtiostream_interface.o
                0x0000c154                ExtWaitForStartPktFromHost
 .text.ExtUserDataDestroy
                0x0000c16c       0x14 k64f_rtiostream_interface.o
                0x0000c16c                ExtUserDataDestroy
 .text.ExtModeSleep
                0x0000c180       0x18 k64f_rtiostream_interface.o
                0x0000c180                ExtModeSleep
 .text.ExtOpenConnection
                0x0000c198       0x22 k64f_rtiostream_interface.o
                0x0000c198                ExtOpenConnection
 .text.ExtForceDisconnect
                0x0000c1ba       0x14 k64f_rtiostream_interface.o
                0x0000c1ba                ExtForceDisconnect
 .text.ExtCloseConnection
                0x0000c1ce       0x14 k64f_rtiostream_interface.o
                0x0000c1ce                ExtCloseConnection
 .text.ExtShutDown
                0x0000c1e2       0x1a k64f_rtiostream_interface.o
                0x0000c1e2                ExtShutDown
 .text.rtIOStreamBlockingSend
                0x0000c1fc       0x70 k64f_rtiostream_utils.o
                0x0000c1fc                rtIOStreamBlockingSend
 .text.mw_osSignalSet
                0x0000c26c       0x2e mw_signal.o
                0x0000c26c                mw_osSignalSet
 .text.mw_osSignalClear
                0x0000c29a       0x26 mw_signal.o
                0x0000c29a                mw_osSignalClear
 .text.mw_osSignalWaitEver
                0x0000c2c0       0x20 mw_signal.o
                0x0000c2c0                mw_osSignalWaitEver
 .text.mw_osSignalEventCreate
                0x0000c2e0       0x20 mw_signal.o
                0x0000c2e0                mw_osSignalEventCreate
 .text.mw_osSignalEventRelease
                0x0000c300       0x26 mw_signal.o
                0x0000c300                mw_osSignalEventRelease
 .text.mw_osSignalEventWaitEver
                0x0000c326       0x34 mw_signal.o
                0x0000c326                mw_osSignalEventWaitEver
 .text.mw_osThreadCreate
                0x0000c35a       0x52 mw_thread.o
                0x0000c35a                mw_osThreadCreate
 .text.mw_osThreadGetId
                0x0000c3ac        0xe mw_thread.o
                0x0000c3ac                mw_osThreadGetId
 .text.mw_osThreadExit
                0x0000c3ba       0x22 mw_thread.o
                0x0000c3ba                mw_osThreadExit
 .text.mw_osThreadJoin
                0x0000c3dc       0x1a mw_thread.o
                0x0000c3dc                mw_osThreadJoin
 .text.mw_osTimerCreate
                0x0000c3f6       0x4e mw_timer.o
                0x0000c3f6                mw_osTimerCreate
 .text.mw_osTimerStart
                0x0000c444       0x24 mw_timer.o
                0x0000c444                mw_osTimerStart
 .text.PORT_HAL_SetMuxMode
                0x0000c468       0x58 pin_mux.o
 .text.SIM_HAL_EnableClock
                0x0000c4c0       0x40 pin_mux.o
 .text.configure_uart_pins
                0x0000c500      0x194 pin_mux.o
                0x0000c500                configure_uart_pins
 .text.rtGetInf
                0x0000c694       0x60 rtGetInf.o
                0x0000c694                rtGetInf
 .text.rtGetInfF
                0x0000c6f4       0x20 rtGetInf.o
                0x0000c6f4                rtGetInfF
 .text.rtGetMinusInf
                0x0000c714       0x60 rtGetInf.o
                0x0000c714                rtGetMinusInf
 .text.rtGetMinusInfF
                0x0000c774       0x24 rtGetInf.o
                0x0000c774                rtGetMinusInfF
 .text.rtGetNaN
                0x0000c798       0x60 rtGetNaN.o
                0x0000c798                rtGetNaN
 .text.rtGetNaNF
                0x0000c7f8       0x28 rtGetNaN.o
                0x0000c7f8                rtGetNaNF
 .text.rt_InitInfAndNaN
                0x0000c820       0x88 rt_nonfinite.o
                0x0000c820                rt_InitInfAndNaN
 .text.rtIsInf  0x0000c8a8       0x50 rt_nonfinite.o
                0x0000c8a8                rtIsInf
 .text.rtIsNaN  0x0000c8f8       0x6c rt_nonfinite.o
                0x0000c8f8                rtIsNaN
 .text.rtIsNaNF
                0x0000c964       0x38 rt_nonfinite.o
                0x0000c964                rtIsNaNF
 .text._sbrk    0x0000c99c       0x5c sbrk.o
                0x0000c99c                _sbrk
 .text.init_data_bss
                0x0000c9f8       0xcc startup.o
                0x0000c9f8                init_data_bss
 .text.SystemInit
                0x0000cac4      0x1dc system_MK64F12.o
                0x0000cac4                SystemInit
 .text.SystemCoreClockUpdate
                0x0000cca0      0x278 system_MK64F12.o
                0x0000cca0                SystemCoreClockUpdate
 .text.getUARTBaudrate
                0x0000cf18       0x12 tgtSvc_UARTInfo.o
                0x0000cf18                getUARTBaudrate
 .text.getUARTInstance
                0x0000cf2a       0x10 tgtSvc_UARTInfo.o
                0x0000cf2a                getUARTInstance
 .text.SetParam
                0x0000cf3a      0x11e updown.o
                0x0000cf3a                SetParam
 .text.InitUploadSection
                0x0000d058       0xc0 updown.o
 .text.InitSysUploadTable
                0x0000d118      0x17a updown.o
 .text.UploadBufInit
                0x0000d292       0x6e updown.o
 .text.UploadDestroyTrigger
                0x0000d300       0xd0 updown.o
 .text.UploadLogInfoReset
                0x0000d3d0       0x6c updown.o
                0x0000d3d0                UploadLogInfoReset
 .text.UploadLogInfoTerm
                0x0000d43c      0x108 updown.o
                0x0000d43c                UploadLogInfoTerm
 .text.UploadPrepareForFinalFlush
                0x0000d544       0x64 updown.o
                0x0000d544                UploadPrepareForFinalFlush
 .text.UploadLogInfoInit
                0x0000d5a8      0x17c updown.o
                0x0000d5a8                UploadLogInfoInit
 .text.UploadInitTrigger
                0x0000d724      0x1c8 updown.o
                0x0000d724                UploadInitTrigger
 .text.UploadArmTrigger
                0x0000d8ec       0xa0 updown.o
                0x0000d8ec                UploadArmTrigger
 .text.UploadEndLoggingSession
                0x0000d98c       0x38 updown.o
                0x0000d98c                UploadEndLoggingSession
 .text.UploadCancelLogging
                0x0000d9c4       0x70 updown.o
                0x0000d9c4                UploadCancelLogging
 .text.UploadBufDataSent
                0x0000da34       0x68 updown.o
                0x0000da34                UploadBufDataSent
 .text.UploadBufAssignMem
                0x0000da9c      0x122 updown.o
 *fill*         0x0000dbbe        0x2 
 .text.UploadCheckTriggerSignals
                0x0000dbc0      0x1bc updown.o
 .text.UploadBufAddTimePoint
                0x0000dd7c      0x4d8 updown.o
                0x0000dd7c                UploadBufAddTimePoint
 .text.UploadCheckTrigger
                0x0000e254       0x94 updown.o
                0x0000e254                UploadCheckTrigger
 .text.UploadCheckEndTrigger
                0x0000e2e8       0x5c updown.o
                0x0000e2e8                UploadCheckEndTrigger
 .text.SetExtBufListFields
                0x0000e344      0x10c updown.o
 .text.SetExtBufListFieldsForEmptyList
                0x0000e450       0x44 updown.o
 .text.UploadBufGetData
                0x0000e494       0xbc updown.o
                0x0000e494                UploadBufGetData
 .text.sendToCommSvc
                0x0000e550       0x1c C:/ProgramData/MATLAB/SupportPackages/R2020a/toolbox/target/supportpackages/freedomk64f/bin/libcodertarget_RTIOStreamAppSvc.lib(RTIOStreamTgtAppSvcCIntrf.o)
                0x0000e550                sendToCommSvc
 .text.receiveFromCommSvc
                0x0000e56c       0x1c C:/ProgramData/MATLAB/SupportPackages/R2020a/toolbox/target/supportpackages/freedomk64f/bin/libcodertarget_RTIOStreamAppSvc.lib(RTIOStreamTgtAppSvcCIntrf.o)
                0x0000e56c                receiveFromCommSvc
 .text._ZN19RTIOStreamTgtAppSvc2idEv
                0x0000e588        0x4 C:/ProgramData/MATLAB/SupportPackages/R2020a/toolbox/target/supportpackages/freedomk64f/bin/libcodertarget_RTIOStreamAppSvc.lib(RTIOStreamTgtAppSvc.o)
                0x0000e588                RTIOStreamTgtAppSvc::id()
 .text._ZN19RTIOStreamTgtAppSvc13handleConnectEb
                0x0000e58c        0x4 C:/ProgramData/MATLAB/SupportPackages/R2020a/toolbox/target/supportpackages/freedomk64f/bin/libcodertarget_RTIOStreamAppSvc.lib(RTIOStreamTgtAppSvc.o)
                0x0000e58c                RTIOStreamTgtAppSvc::handleConnect(bool)
 .text._ZNK5coder6tgtsvc7Message7payloadEv.part.1
                0x0000e590       0x1c C:/ProgramData/MATLAB/SupportPackages/R2020a/toolbox/target/supportpackages/freedomk64f/bin/libcodertarget_RTIOStreamAppSvc.lib(RTIOStreamTgtAppSvc.o)
 .text.unlikely._ZNK5coder6tgtsvc7Message6headerEv.part.2
                0x0000e5ac       0x1c C:/ProgramData/MATLAB/SupportPackages/R2020a/toolbox/target/supportpackages/freedomk64f/bin/libcodertarget_RTIOStreamAppSvc.lib(RTIOStreamTgtAppSvc.o)
 .text._ZN19RTIOStreamTgtAppSvcD2Ev
                0x0000e5c8       0x64 C:/ProgramData/MATLAB/SupportPackages/R2020a/toolbox/target/supportpackages/freedomk64f/bin/libcodertarget_RTIOStreamAppSvc.lib(RTIOStreamTgtAppSvc.o)
                0x0000e5c8                RTIOStreamTgtAppSvc::~RTIOStreamTgtAppSvc()
                0x0000e5c8                RTIOStreamTgtAppSvc::~RTIOStreamTgtAppSvc()
 .text._ZN19RTIOStreamTgtAppSvcD0Ev
                0x0000e62c       0x14 C:/ProgramData/MATLAB/SupportPackages/R2020a/toolbox/target/supportpackages/freedomk64f/bin/libcodertarget_RTIOStreamAppSvc.lib(RTIOStreamTgtAppSvc.o)
                0x0000e62c                RTIOStreamTgtAppSvc::~RTIOStreamTgtAppSvc()
 .text._ZN19RTIOStreamTgtAppSvc13handleMessageEPN5coder6tgtsvc7MessageE
                0x0000e640       0xac C:/ProgramData/MATLAB/SupportPackages/R2020a/toolbox/target/supportpackages/freedomk64f/bin/libcodertarget_RTIOStreamAppSvc.lib(RTIOStreamTgtAppSvc.o)
                0x0000e640                RTIOStreamTgtAppSvc::handleMessage(coder::tgtsvc::Message*)
 .text._ZN19RTIOStreamTgtAppSvc12get_instanceEv
                0x0000e6ec       0x80 C:/ProgramData/MATLAB/SupportPackages/R2020a/toolbox/target/supportpackages/freedomk64f/bin/libcodertarget_RTIOStreamAppSvc.lib(RTIOStreamTgtAppSvc.o)
                0x0000e6ec                RTIOStreamTgtAppSvc::get_instance()
 .text._ZN19RTIOStreamTgtAppSvc21sendDataToCommServiceEPKvjPj
                0x0000e76c      0x1b8 C:/ProgramData/MATLAB/SupportPackages/R2020a/toolbox/target/supportpackages/freedomk64f/bin/libcodertarget_RTIOStreamAppSvc.lib(RTIOStreamTgtAppSvc.o)
                0x0000e76c                RTIOStreamTgtAppSvc::sendDataToCommService(void const*, unsigned int, unsigned int*)
 .text._ZN19RTIOStreamTgtAppSvc26receiveDataFromCommServiceEPvjPj
                0x0000e924       0xe0 C:/ProgramData/MATLAB/SupportPackages/R2020a/toolbox/target/supportpackages/freedomk64f/bin/libcodertarget_RTIOStreamAppSvc.lib(RTIOStreamTgtAppSvc.o)
                0x0000e924                RTIOStreamTgtAppSvc::receiveDataFromCommService(void*, unsigned int, unsigned int*)
 .text._ZN5coder6tgtsvc11CommServiceD2Ev
                0x0000ea04       0x18 C:/ProgramData/MATLAB/SupportPackages/R2020a/toolbox/target/supportpackages/freedomk64f/bin/bm/libcodertarget_TargetServices.lib(CommService.o)
                0x0000ea04                coder::tgtsvc::CommService::~CommService()
                0x0000ea04                coder::tgtsvc::CommService::~CommService()
 .text.unlikely._ZNK5coder6tgtsvc7Message7payloadEv.part.5
                0x0000ea1c       0x1c C:/ProgramData/MATLAB/SupportPackages/R2020a/toolbox/target/supportpackages/freedomk64f/bin/bm/libcodertarget_TargetServices.lib(CommService.o)
 .text.unlikely._ZNK5coder6tgtsvc7Message6headerEv.part.6
                0x0000ea38       0x1c C:/ProgramData/MATLAB/SupportPackages/R2020a/toolbox/target/supportpackages/freedomk64f/bin/bm/libcodertarget_TargetServices.lib(CommService.o)
 .text._ZN5coder6tgtsvc11CommService13initializeDMAEv.part.7
                0x0000ea54       0x64 C:/ProgramData/MATLAB/SupportPackages/R2020a/toolbox/target/supportpackages/freedomk64f/bin/bm/libcodertarget_TargetServices.lib(CommService.o)
 .text._ZN5coder6tgtsvc11CommService15deinitializeDMAEv.part.8
                0x0000eab8       0x48 C:/ProgramData/MATLAB/SupportPackages/R2020a/toolbox/target/supportpackages/freedomk64f/bin/bm/libcodertarget_TargetServices.lib(CommService.o)
 .text._ZN5coder6tgtsvc11StatusFlags8instanceEv
                0x0000eb00        0x8 C:/ProgramData/MATLAB/SupportPackages/R2020a/toolbox/target/supportpackages/freedomk64f/bin/bm/libcodertarget_TargetServices.lib(CommService.o)
                0x0000eb00                coder::tgtsvc::StatusFlags::instance()
 .text._ZN5coder6tgtsvc11CommService11sendMessageEPNS0_7MessageENS2_8PriorityE
                0x0000eb08       0xa8 C:/ProgramData/MATLAB/SupportPackages/R2020a/toolbox/target/supportpackages/freedomk64f/bin/bm/libcodertarget_TargetServices.lib(CommService.o)
                0x0000eb08                coder::tgtsvc::CommService::sendMessage(coder::tgtsvc::Message*, coder::tgtsvc::Message::Priority)
 .text._ZN5coder6tgtsvc11CommService16updateSendStatusEv
                0x0000ebb0       0x64 C:/ProgramData/MATLAB/SupportPackages/R2020a/toolbox/target/supportpackages/freedomk64f/bin/bm/libcodertarget_TargetServices.lib(CommService.o)
                0x0000ebb0                coder::tgtsvc::CommService::updateSendStatus()
 .text._ZN5coder6tgtsvc11CommService5resetEv
                0x0000ec14      0x140 C:/ProgramData/MATLAB/SupportPackages/R2020a/toolbox/target/supportpackages/freedomk64f/bin/bm/libcodertarget_TargetServices.lib(CommService.o)
                0x0000ec14                coder::tgtsvc::CommService::reset()
 .text._ZN5coder6tgtsvc11CommServiceC2Ev
                0x0000ed54       0x90 C:/ProgramData/MATLAB/SupportPackages/R2020a/toolbox/target/supportpackages/freedomk64f/bin/bm/libcodertarget_TargetServices.lib(CommService.o)
                0x0000ed54                coder::tgtsvc::CommService::CommService()
                0x0000ed54                coder::tgtsvc::CommService::CommService()
 .text._ZN5coder6tgtsvc11CommService8instanceEv
                0x0000ede4       0x4c C:/ProgramData/MATLAB/SupportPackages/R2020a/toolbox/target/supportpackages/freedomk64f/bin/bm/libcodertarget_TargetServices.lib(CommService.o)
                0x0000ede4                coder::tgtsvc::CommService::instance()
 .text.receiveComplete
                0x0000ee30       0x5c C:/ProgramData/MATLAB/SupportPackages/R2020a/toolbox/target/supportpackages/freedomk64f/bin/bm/libcodertarget_TargetServices.lib(CommService.o)
                0x0000ee30                receiveComplete
 .text.sendComplete
                0x0000ee8c       0x70 C:/ProgramData/MATLAB/SupportPackages/R2020a/toolbox/target/supportpackages/freedomk64f/bin/bm/libcodertarget_TargetServices.lib(CommService.o)
                0x0000ee8c                sendComplete
 .text._ZN5coder6tgtsvc11CommService12sendQueuePopEv
                0x0000eefc       0x60 C:/ProgramData/MATLAB/SupportPackages/R2020a/toolbox/target/supportpackages/freedomk64f/bin/bm/libcodertarget_TargetServices.lib(CommService.o)
                0x0000eefc                coder::tgtsvc::CommService::sendQueuePop()
 .text._ZN5coder6tgtsvc11CommService17connectedSendTaskEv
                0x0000ef5c      0x278 C:/ProgramData/MATLAB/SupportPackages/R2020a/toolbox/target/supportpackages/freedomk64f/bin/bm/libcodertarget_TargetServices.lib(CommService.o)
                0x0000ef5c                coder::tgtsvc::CommService::connectedSendTask()
 .text._ZN5coder6tgtsvc11CommService22verifyNextSerialPacketEv
                0x0000f1d4      0x170 C:/ProgramData/MATLAB/SupportPackages/R2020a/toolbox/target/supportpackages/freedomk64f/bin/bm/libcodertarget_TargetServices.lib(CommService.o)
                0x0000f1d4                coder::tgtsvc::CommService::verifyNextSerialPacket()
 .text._ZN5coder6tgtsvc11CommService13handleMessageEPNS0_7MessageE
                0x0000f344      0x164 C:/ProgramData/MATLAB/SupportPackages/R2020a/toolbox/target/supportpackages/freedomk64f/bin/bm/libcodertarget_TargetServices.lib(CommService.o)
                0x0000f344                coder::tgtsvc::CommService::handleMessage(coder::tgtsvc::Message*)
 .text._ZN5coder6tgtsvc11CommService13handleAppDataEv
                0x0000f4a8      0x240 C:/ProgramData/MATLAB/SupportPackages/R2020a/toolbox/target/supportpackages/freedomk64f/bin/bm/libcodertarget_TargetServices.lib(CommService.o)
                0x0000f4a8                coder::tgtsvc::CommService::handleAppData()
 .text._ZN5coder6tgtsvc11CommService17connectedRecvTaskEv
                0x0000f6e8       0xc0 C:/ProgramData/MATLAB/SupportPackages/R2020a/toolbox/target/supportpackages/freedomk64f/bin/bm/libcodertarget_TargetServices.lib(CommService.o)
                0x0000f6e8                coder::tgtsvc::CommService::connectedRecvTask()
 .text._ZN5coder6tgtsvc11CommService3runEv
                0x0000f7a8      0x1cc C:/ProgramData/MATLAB/SupportPackages/R2020a/toolbox/target/supportpackages/freedomk64f/bin/bm/libcodertarget_TargetServices.lib(CommService.o)
                0x0000f7a8                coder::tgtsvc::CommService::run()
 .text.runCommService
                0x0000f974       0xac C:/ProgramData/MATLAB/SupportPackages/R2020a/toolbox/target/supportpackages/freedomk64f/bin/bm/libcodertarget_TargetServices.lib(CommService.o)
                0x0000f974                runCommService
 .text.terminateCommServiceTask
                0x0000fa20       0x40 C:/ProgramData/MATLAB/SupportPackages/R2020a/toolbox/target/supportpackages/freedomk64f/bin/bm/libcodertarget_TargetServices.lib(CommService.o)
                0x0000fa20                terminateCommServiceTask
 .text.setCommServiceErrorState
                0x0000fa60       0x10 C:/ProgramData/MATLAB/SupportPackages/R2020a/toolbox/target/supportpackages/freedomk64f/bin/bm/libcodertarget_TargetServices.lib(CommService.o)
                0x0000fa60                setCommServiceErrorState
 .text.startup._GLOBAL__sub_I_receiveComplete
                0x0000fa70       0x1c C:/ProgramData/MATLAB/SupportPackages/R2020a/toolbox/target/supportpackages/freedomk64f/bin/bm/libcodertarget_TargetServices.lib(CommService.o)
 .text._ZN5coder6tgtsvc11Application8dispatchEPNS0_7MessageE
                0x0000fa8c       0x80 C:/ProgramData/MATLAB/SupportPackages/R2020a/toolbox/target/supportpackages/freedomk64f/bin/bm/libcodertarget_TargetServices.lib(Application.o)
                0x0000fa8c                coder::tgtsvc::Application::dispatch(coder::tgtsvc::Message*)
 .text._ZN5coder6tgtsvc11Application17connectionChangedEb
                0x0000fb0c       0x24 C:/ProgramData/MATLAB/SupportPackages/R2020a/toolbox/target/supportpackages/freedomk64f/bin/bm/libcodertarget_TargetServices.lib(Application.o)
                0x0000fb0c                coder::tgtsvc::Application::connectionChanged(bool)
 .text._ZN5coder6tgtsvc7MessagenwEj
                0x0000fb30       0x14 C:/ProgramData/MATLAB/SupportPackages/R2020a/toolbox/target/supportpackages/freedomk64f/bin/bm/libcodertarget_TargetServices.lib(Message.o)
                0x0000fb30                coder::tgtsvc::Message::operator new(unsigned int)
 .text._ZN5coder6tgtsvc7MessagedlEPv
                0x0000fb44       0x1c C:/ProgramData/MATLAB/SupportPackages/R2020a/toolbox/target/supportpackages/freedomk64f/bin/bm/libcodertarget_TargetServices.lib(Message.o)
                0x0000fb44                coder::tgtsvc::Message::operator delete(void*)
 .text._ZN5coder6tgtsvc7Message5allocEt
                0x0000fb60       0x14 C:/ProgramData/MATLAB/SupportPackages/R2020a/toolbox/target/supportpackages/freedomk64f/bin/bm/libcodertarget_TargetServices.lib(Message.o)
                0x0000fb60                coder::tgtsvc::Message::alloc(unsigned short)
 .text._ZNK5coder6tgtsvc7Message15payloadCapacityEv
                0x0000fb74        0xc C:/ProgramData/MATLAB/SupportPackages/R2020a/toolbox/target/supportpackages/freedomk64f/bin/bm/libcodertarget_TargetServices.lib(Message.o)
                0x0000fb74                coder::tgtsvc::Message::payloadCapacity() const
 .text._ZN5coder6tgtsvc7Message18maxPayloadCapacityEv
                0x0000fb80        0xc C:/ProgramData/MATLAB/SupportPackages/R2020a/toolbox/target/supportpackages/freedomk64f/bin/bm/libcodertarget_TargetServices.lib(Message.o)
                0x0000fb80                coder::tgtsvc::Message::maxPayloadCapacity()
 .text.enter_critical_section
                0x0000fb8c       0x10 C:/ProgramData/MATLAB/SupportPackages/R2020a/toolbox/target/supportpackages/freedomk64f/bin/bm/libcodertarget_TargetServices.lib(critical_section.o)
                0x0000fb8c                enter_critical_section
 .text.leave_critical_section
                0x0000fb9c       0x30 C:/ProgramData/MATLAB/SupportPackages/R2020a/toolbox/target/supportpackages/freedomk64f/bin/bm/libcodertarget_TargetServices.lib(critical_section.o)
                0x0000fb9c                leave_critical_section
 .text._ZN5coder6tgtsvc13MemoryServiceD2Ev
                0x0000fbcc        0x4 C:/ProgramData/MATLAB/SupportPackages/R2020a/toolbox/target/supportpackages/freedomk64f/bin/bm/libcodertarget_TargetServices.lib(MemoryService.o)
                0x0000fbcc                coder::tgtsvc::MemoryService::~MemoryService()
                0x0000fbcc                coder::tgtsvc::MemoryService::~MemoryService()
 .text._ZN5coder6tgtsvc13MemoryService8instanceEv
                0x0000fbd0       0x64 C:/ProgramData/MATLAB/SupportPackages/R2020a/toolbox/target/supportpackages/freedomk64f/bin/bm/libcodertarget_TargetServices.lib(MemoryService.o)
                0x0000fbd0                coder::tgtsvc::MemoryService::instance()
 .text._ZN5coder6tgtsvc13MemoryService5allocEj
                0x0000fc34       0x2c C:/ProgramData/MATLAB/SupportPackages/R2020a/toolbox/target/supportpackages/freedomk64f/bin/bm/libcodertarget_TargetServices.lib(MemoryService.o)
                0x0000fc34                coder::tgtsvc::MemoryService::alloc(unsigned int)
 .text._ZN5coder6tgtsvc13MemoryService4freeEPv
                0x0000fc60       0x1c C:/ProgramData/MATLAB/SupportPackages/R2020a/toolbox/target/supportpackages/freedomk64f/bin/bm/libcodertarget_TargetServices.lib(MemoryService.o)
                0x0000fc60                coder::tgtsvc::MemoryService::free(void*)
 .text.osThreadExit
                0x0000fc7c       0x18 C:/ProgramData/MATLAB/SupportPackages/R2020a/3P.instrset/cmsis.instrset/CMSIS/RTOS/RTX/LIB/GCC/libRTX_CM4.a(rt_cmsis.o)
                0x0000fc7c                osThreadExit
 .text.svcKernelInitialize
                0x0000fc94      0x100 C:/ProgramData/MATLAB/SupportPackages/R2020a/3P.instrset/cmsis.instrset/CMSIS/RTOS/RTX/LIB/GCC/libRTX_CM4.a(rt_cmsis.o)
                0x0000fc94                svcKernelInitialize
 .text.svcKernelStart
                0x0000fd94       0x4c C:/ProgramData/MATLAB/SupportPackages/R2020a/3P.instrset/cmsis.instrset/CMSIS/RTOS/RTX/LIB/GCC/libRTX_CM4.a(rt_cmsis.o)
                0x0000fd94                svcKernelStart
 .text.osKernelInitialize
                0x0000fde0      0x120 C:/ProgramData/MATLAB/SupportPackages/R2020a/3P.instrset/cmsis.instrset/CMSIS/RTOS/RTX/LIB/GCC/libRTX_CM4.a(rt_cmsis.o)
                0x0000fde0                osKernelInitialize
 .text.osKernelStart
                0x0000ff00       0x70 C:/ProgramData/MATLAB/SupportPackages/R2020a/3P.instrset/cmsis.instrset/CMSIS/RTOS/RTX/LIB/GCC/libRTX_CM4.a(rt_cmsis.o)
                0x0000ff00                osKernelStart
 .text.svcThreadCreate
                0x0000ff70       0x7c C:/ProgramData/MATLAB/SupportPackages/R2020a/3P.instrset/cmsis.instrset/CMSIS/RTOS/RTX/LIB/GCC/libRTX_CM4.a(rt_cmsis.o)
                0x0000ff70                svcThreadCreate
 .text.svcThreadGetId
                0x0000ffec       0x18 C:/ProgramData/MATLAB/SupportPackages/R2020a/3P.instrset/cmsis.instrset/CMSIS/RTOS/RTX/LIB/GCC/libRTX_CM4.a(rt_cmsis.o)
                0x0000ffec                svcThreadGetId
 .text.svcThreadTerminate
                0x00010004       0x44 C:/ProgramData/MATLAB/SupportPackages/R2020a/3P.instrset/cmsis.instrset/CMSIS/RTOS/RTX/LIB/GCC/libRTX_CM4.a(rt_cmsis.o)
                0x00010004                svcThreadTerminate
 .text.osThreadCreate
                0x00010048       0x9c C:/ProgramData/MATLAB/SupportPackages/R2020a/3P.instrset/cmsis.instrset/CMSIS/RTOS/RTX/LIB/GCC/libRTX_CM4.a(rt_cmsis.o)
                0x00010048                osThreadCreate
 .text.osThreadGetId
                0x000100e4       0x18 C:/ProgramData/MATLAB/SupportPackages/R2020a/3P.instrset/cmsis.instrset/CMSIS/RTOS/RTX/LIB/GCC/libRTX_CM4.a(rt_cmsis.o)
                0x000100e4                osThreadGetId
 .text.osThreadTerminate
                0x000100fc       0x18 C:/ProgramData/MATLAB/SupportPackages/R2020a/3P.instrset/cmsis.instrset/CMSIS/RTOS/RTX/LIB/GCC/libRTX_CM4.a(rt_cmsis.o)
                0x000100fc                osThreadTerminate
 .text.svcTimerCreate
                0x00010114       0x3c C:/ProgramData/MATLAB/SupportPackages/R2020a/3P.instrset/cmsis.instrset/CMSIS/RTOS/RTX/LIB/GCC/libRTX_CM4.a(rt_cmsis.o)
                0x00010114                svcTimerCreate
 .text.svcTimerStart
                0x00010150       0xc8 C:/ProgramData/MATLAB/SupportPackages/R2020a/3P.instrset/cmsis.instrset/CMSIS/RTOS/RTX/LIB/GCC/libRTX_CM4.a(rt_cmsis.o)
                0x00010150                svcTimerStart
 .text.svcTimerCall
                0x00010218       0x18 C:/ProgramData/MATLAB/SupportPackages/R2020a/3P.instrset/cmsis.instrset/CMSIS/RTOS/RTX/LIB/GCC/libRTX_CM4.a(rt_cmsis.o)
                0x00010218                svcTimerCall
 .text.sysTimerTick
                0x00010230       0xb4 C:/ProgramData/MATLAB/SupportPackages/R2020a/3P.instrset/cmsis.instrset/CMSIS/RTOS/RTX/LIB/GCC/libRTX_CM4.a(rt_cmsis.o)
                0x00010230                sysTimerTick
 .text.osTimerCreate
                0x000102e4       0x64 C:/ProgramData/MATLAB/SupportPackages/R2020a/3P.instrset/cmsis.instrset/CMSIS/RTOS/RTX/LIB/GCC/libRTX_CM4.a(rt_cmsis.o)
                0x000102e4                osTimerCreate
 .text.osTimerStart
                0x00010348       0x18 C:/ProgramData/MATLAB/SupportPackages/R2020a/3P.instrset/cmsis.instrset/CMSIS/RTOS/RTX/LIB/GCC/libRTX_CM4.a(rt_cmsis.o)
                0x00010348                osTimerStart
 .text.osTimerThread
                0x00010360       0x40 C:/ProgramData/MATLAB/SupportPackages/R2020a/3P.instrset/cmsis.instrset/CMSIS/RTOS/RTX/LIB/GCC/libRTX_CM4.a(rt_cmsis.o)
                0x00010360                osTimerThread
 .text.svcSignalSet
                0x000103a0       0x28 C:/ProgramData/MATLAB/SupportPackages/R2020a/3P.instrset/cmsis.instrset/CMSIS/RTOS/RTX/LIB/GCC/libRTX_CM4.a(rt_cmsis.o)
                0x000103a0                svcSignalSet
 .text.svcSignalClear
                0x000103c8       0x28 C:/ProgramData/MATLAB/SupportPackages/R2020a/3P.instrset/cmsis.instrset/CMSIS/RTOS/RTX/LIB/GCC/libRTX_CM4.a(rt_cmsis.o)
                0x000103c8                svcSignalClear
 .text.svcSignalWait
                0x000103f0       0xfc C:/ProgramData/MATLAB/SupportPackages/R2020a/3P.instrset/cmsis.instrset/CMSIS/RTOS/RTX/LIB/GCC/libRTX_CM4.a(rt_cmsis.o)
                0x000103f0                svcSignalWait
 .text.osSignalSet
                0x000104ec       0x40 C:/ProgramData/MATLAB/SupportPackages/R2020a/3P.instrset/cmsis.instrset/CMSIS/RTOS/RTX/LIB/GCC/libRTX_CM4.a(rt_cmsis.o)
                0x000104ec                osSignalSet
 .text.osSignalClear
                0x0001052c       0x1c C:/ProgramData/MATLAB/SupportPackages/R2020a/3P.instrset/cmsis.instrset/CMSIS/RTOS/RTX/LIB/GCC/libRTX_CM4.a(rt_cmsis.o)
                0x0001052c                osSignalClear
 .text.osSignalWait
                0x00010548       0x28 C:/ProgramData/MATLAB/SupportPackages/R2020a/3P.instrset/cmsis.instrset/CMSIS/RTOS/RTX/LIB/GCC/libRTX_CM4.a(rt_cmsis.o)
                0x00010548                osSignalWait
 .text.svcMessageGet
                0x00010570       0xa8 C:/ProgramData/MATLAB/SupportPackages/R2020a/3P.instrset/cmsis.instrset/CMSIS/RTOS/RTX/LIB/GCC/libRTX_CM4.a(rt_cmsis.o)
                0x00010570                svcMessageGet
 .text.rt_init_stack
                0x00010618       0xa4 C:/ProgramData/MATLAB/SupportPackages/R2020a/3P.instrset/cmsis.instrset/CMSIS/RTOS/RTX/LIB/GCC/libRTX_CM4.a(hal_cm.o)
                0x00010618                rt_init_stack
 .text.rt_ret_val
                0x000106bc       0x14 C:/ProgramData/MATLAB/SupportPackages/R2020a/3P.instrset/cmsis.instrset/CMSIS/RTOS/RTX/LIB/GCC/libRTX_CM4.a(hal_cm.o)
                0x000106bc                rt_ret_val
 .text.rt_ret_val2
                0x000106d0       0x24 C:/ProgramData/MATLAB/SupportPackages/R2020a/3P.instrset/cmsis.instrset/CMSIS/RTOS/RTX/LIB/GCC/libRTX_CM4.a(hal_cm.o)
                0x000106d0                rt_ret_val2
 .text.dbg_init
                0x000106f4       0x34 C:/ProgramData/MATLAB/SupportPackages/R2020a/3P.instrset/cmsis.instrset/CMSIS/RTOS/RTX/LIB/GCC/libRTX_CM4.a(hal_cm.o)
                0x000106f4                dbg_init
 .text.dbg_task_notify
                0x00010728       0x2c C:/ProgramData/MATLAB/SupportPackages/R2020a/3P.instrset/cmsis.instrset/CMSIS/RTOS/RTX/LIB/GCC/libRTX_CM4.a(hal_cm.o)
                0x00010728                dbg_task_notify
 .text.dbg_task_switch
                0x00010754       0x14 C:/ProgramData/MATLAB/SupportPackages/R2020a/3P.instrset/cmsis.instrset/CMSIS/RTOS/RTX/LIB/GCC/libRTX_CM4.a(hal_cm.o)
                0x00010754                dbg_task_switch
 .text.rt_init_mem
                0x00010768       0x1c C:/ProgramData/MATLAB/SupportPackages/R2020a/3P.instrset/cmsis.instrset/CMSIS/RTOS/RTX/LIB/GCC/libRTX_CM4.a(rt_memory.o)
                0x00010768                rt_init_mem
 .text.rt_alloc_mem
                0x00010784       0x50 C:/ProgramData/MATLAB/SupportPackages/R2020a/3P.instrset/cmsis.instrset/CMSIS/RTOS/RTX/LIB/GCC/libRTX_CM4.a(rt_memory.o)
                0x00010784                rt_alloc_mem
 .text.rt_free_mem
                0x000107d4       0x44 C:/ProgramData/MATLAB/SupportPackages/R2020a/3P.instrset/cmsis.instrset/CMSIS/RTOS/RTX/LIB/GCC/libRTX_CM4.a(rt_memory.o)
                0x000107d4                rt_free_mem
 .text._init_box
                0x00010818       0x58 C:/ProgramData/MATLAB/SupportPackages/R2020a/3P.instrset/cmsis.instrset/CMSIS/RTOS/RTX/LIB/GCC/libRTX_CM4.a(rt_membox.o)
                0x00010818                _init_box
 .text.rt_alloc_box
                0x00010870       0x1c C:/ProgramData/MATLAB/SupportPackages/R2020a/3P.instrset/cmsis.instrset/CMSIS/RTOS/RTX/LIB/GCC/libRTX_CM4.a(rt_membox.o)
                0x00010870                rt_alloc_box
 .text.rt_free_box
                0x0001088c       0x28 C:/ProgramData/MATLAB/SupportPackages/R2020a/3P.instrset/cmsis.instrset/CMSIS/RTOS/RTX/LIB/GCC/libRTX_CM4.a(rt_membox.o)
                0x0001088c                rt_free_box
 .text.rt_sem_psh
                0x000108b4       0x34 C:/ProgramData/MATLAB/SupportPackages/R2020a/3P.instrset/cmsis.instrset/CMSIS/RTOS/RTX/LIB/GCC/libRTX_CM4.a(rt_semaphore.o)
                0x000108b4                rt_sem_psh
 .text.rt_mbx_init
                0x000108e8       0x1c C:/ProgramData/MATLAB/SupportPackages/R2020a/3P.instrset/cmsis.instrset/CMSIS/RTOS/RTX/LIB/GCC/libRTX_CM4.a(rt_mailbox.o)
                0x000108e8                rt_mbx_init
 .text.rt_mbx_wait
                0x00010904       0xa8 C:/ProgramData/MATLAB/SupportPackages/R2020a/3P.instrset/cmsis.instrset/CMSIS/RTOS/RTX/LIB/GCC/libRTX_CM4.a(rt_mailbox.o)
                0x00010904                rt_mbx_wait
 .text.rt_mbx_check
                0x000109ac        0x8 C:/ProgramData/MATLAB/SupportPackages/R2020a/3P.instrset/cmsis.instrset/CMSIS/RTOS/RTX/LIB/GCC/libRTX_CM4.a(rt_mailbox.o)
                0x000109ac                rt_mbx_check
 .text.isr_mbx_send
                0x000109b4       0x10 C:/ProgramData/MATLAB/SupportPackages/R2020a/3P.instrset/cmsis.instrset/CMSIS/RTOS/RTX/LIB/GCC/libRTX_CM4.a(rt_mailbox.o)
                0x000109b4                isr_mbx_send
 .text.rt_mbx_psh
                0x000109c4       0xe4 C:/ProgramData/MATLAB/SupportPackages/R2020a/3P.instrset/cmsis.instrset/CMSIS/RTOS/RTX/LIB/GCC/libRTX_CM4.a(rt_mailbox.o)
                0x000109c4                rt_mbx_psh
 .text.rt_put_prio
                0x00010aa8       0x50 C:/ProgramData/MATLAB/SupportPackages/R2020a/3P.instrset/cmsis.instrset/CMSIS/RTOS/RTX/LIB/GCC/libRTX_CM4.a(rt_list.o)
                0x00010aa8                rt_put_prio
 .text.rt_get_first
                0x00010af8       0x28 C:/ProgramData/MATLAB/SupportPackages/R2020a/3P.instrset/cmsis.instrset/CMSIS/RTOS/RTX/LIB/GCC/libRTX_CM4.a(rt_list.o)
                0x00010af8                rt_get_first
 .text.rt_put_rdy_first
                0x00010b20       0x14 C:/ProgramData/MATLAB/SupportPackages/R2020a/3P.instrset/cmsis.instrset/CMSIS/RTOS/RTX/LIB/GCC/libRTX_CM4.a(rt_list.o)
                0x00010b20                rt_put_rdy_first
 .text.rt_resort_prio
                0x00010b34       0x94 C:/ProgramData/MATLAB/SupportPackages/R2020a/3P.instrset/cmsis.instrset/CMSIS/RTOS/RTX/LIB/GCC/libRTX_CM4.a(rt_list.o)
                0x00010b34                rt_resort_prio
 .text.rt_put_dly
                0x00010bc8       0x60 C:/ProgramData/MATLAB/SupportPackages/R2020a/3P.instrset/cmsis.instrset/CMSIS/RTOS/RTX/LIB/GCC/libRTX_CM4.a(rt_list.o)
                0x00010bc8                rt_put_dly
 .text.rt_dec_dly
                0x00010c28       0xd8 C:/ProgramData/MATLAB/SupportPackages/R2020a/3P.instrset/cmsis.instrset/CMSIS/RTOS/RTX/LIB/GCC/libRTX_CM4.a(rt_list.o)
                0x00010c28                rt_dec_dly
 .text.rt_rmv_list
                0x00010d00       0x2c C:/ProgramData/MATLAB/SupportPackages/R2020a/3P.instrset/cmsis.instrset/CMSIS/RTOS/RTX/LIB/GCC/libRTX_CM4.a(rt_list.o)
                0x00010d00                rt_rmv_list
 .text.rt_rmv_dly
                0x00010d2c       0x2c C:/ProgramData/MATLAB/SupportPackages/R2020a/3P.instrset/cmsis.instrset/CMSIS/RTOS/RTX/LIB/GCC/libRTX_CM4.a(rt_list.o)
                0x00010d2c                rt_rmv_dly
 .text.rt_psq_enq
                0x00010d58       0x44 C:/ProgramData/MATLAB/SupportPackages/R2020a/3P.instrset/cmsis.instrset/CMSIS/RTOS/RTX/LIB/GCC/libRTX_CM4.a(rt_list.o)
                0x00010d58                rt_psq_enq
 .text.rt_evt_wait
                0x00010d9c       0x4c C:/ProgramData/MATLAB/SupportPackages/R2020a/3P.instrset/cmsis.instrset/CMSIS/RTOS/RTX/LIB/GCC/libRTX_CM4.a(rt_event.o)
                0x00010d9c                rt_evt_wait
 .text.rt_evt_set
                0x00010de8       0x58 C:/ProgramData/MATLAB/SupportPackages/R2020a/3P.instrset/cmsis.instrset/CMSIS/RTOS/RTX/LIB/GCC/libRTX_CM4.a(rt_event.o)
                0x00010de8                rt_evt_set
 .text.rt_evt_clr
                0x00010e40       0x18 C:/ProgramData/MATLAB/SupportPackages/R2020a/3P.instrset/cmsis.instrset/CMSIS/RTOS/RTX/LIB/GCC/libRTX_CM4.a(rt_event.o)
                0x00010e40                rt_evt_clr
 .text.isr_evt_set
                0x00010e58       0x24 C:/ProgramData/MATLAB/SupportPackages/R2020a/3P.instrset/cmsis.instrset/CMSIS/RTOS/RTX/LIB/GCC/libRTX_CM4.a(rt_event.o)
                0x00010e58                isr_evt_set
 .text.rt_evt_psh
                0x00010e7c       0x50 C:/ProgramData/MATLAB/SupportPackages/R2020a/3P.instrset/cmsis.instrset/CMSIS/RTOS/RTX/LIB/GCC/libRTX_CM4.a(rt_event.o)
                0x00010e7c                rt_evt_psh
 .text.rt_psh_req
                0x00010ecc       0x20 C:/ProgramData/MATLAB/SupportPackages/R2020a/3P.instrset/cmsis.instrset/CMSIS/RTOS/RTX/LIB/GCC/libRTX_CM4.a(rt_system.o)
                0x00010ecc                rt_psh_req
 .text.rt_pop_req
                0x00010eec       0x78 C:/ProgramData/MATLAB/SupportPackages/R2020a/3P.instrset/cmsis.instrset/CMSIS/RTOS/RTX/LIB/GCC/libRTX_CM4.a(rt_system.o)
                0x00010eec                rt_pop_req
 .text.os_tick_init
                0x00010f64       0x40 C:/ProgramData/MATLAB/SupportPackages/R2020a/3P.instrset/cmsis.instrset/CMSIS/RTOS/RTX/LIB/GCC/libRTX_CM4.a(rt_system.o)
                0x00010f64                os_tick_init
 .text.os_tick_irqack
                0x00010fa4        0x4 C:/ProgramData/MATLAB/SupportPackages/R2020a/3P.instrset/cmsis.instrset/CMSIS/RTOS/RTX/LIB/GCC/libRTX_CM4.a(rt_system.o)
                0x00010fa4                os_tick_irqack
 .text.rt_systick
                0x00010fa8       0x3c C:/ProgramData/MATLAB/SupportPackages/R2020a/3P.instrset/cmsis.instrset/CMSIS/RTOS/RTX/LIB/GCC/libRTX_CM4.a(rt_system.o)
                0x00010fa8                rt_systick
 .text.rt_stk_check
                0x00010fe4       0x24 C:/ProgramData/MATLAB/SupportPackages/R2020a/3P.instrset/cmsis.instrset/CMSIS/RTOS/RTX/LIB/GCC/libRTX_CM4.a(rt_system.o)
                0x00010fe4                rt_stk_check
 .text.rt_switch_req
                0x00011008       0x24 C:/ProgramData/MATLAB/SupportPackages/R2020a/3P.instrset/cmsis.instrset/CMSIS/RTOS/RTX/LIB/GCC/libRTX_CM4.a(rt_task.o)
                0x00011008                rt_switch_req
 .text.rt_dispatch
                0x0001102c       0x7c C:/ProgramData/MATLAB/SupportPackages/R2020a/3P.instrset/cmsis.instrset/CMSIS/RTOS/RTX/LIB/GCC/libRTX_CM4.a(rt_task.o)
                0x0001102c                rt_dispatch
 .text.rt_block
                0x000110a8       0x50 C:/ProgramData/MATLAB/SupportPackages/R2020a/3P.instrset/cmsis.instrset/CMSIS/RTOS/RTX/LIB/GCC/libRTX_CM4.a(rt_task.o)
                0x000110a8                rt_block
 .text.rt_tsk_self
                0x000110f8       0x10 C:/ProgramData/MATLAB/SupportPackages/R2020a/3P.instrset/cmsis.instrset/CMSIS/RTOS/RTX/LIB/GCC/libRTX_CM4.a(rt_task.o)
                0x000110f8                rt_tsk_self
 .text.rt_tsk_prio
                0x00011108       0xf8 C:/ProgramData/MATLAB/SupportPackages/R2020a/3P.instrset/cmsis.instrset/CMSIS/RTOS/RTX/LIB/GCC/libRTX_CM4.a(rt_task.o)
                0x00011108                rt_tsk_prio
 .text.rt_tsk_create
                0x00011200      0x110 C:/ProgramData/MATLAB/SupportPackages/R2020a/3P.instrset/cmsis.instrset/CMSIS/RTOS/RTX/LIB/GCC/libRTX_CM4.a(rt_task.o)
                0x00011200                rt_tsk_create
 .text.rt_tsk_delete
                0x00011310      0x1c4 C:/ProgramData/MATLAB/SupportPackages/R2020a/3P.instrset/cmsis.instrset/CMSIS/RTOS/RTX/LIB/GCC/libRTX_CM4.a(rt_task.o)
                0x00011310                rt_tsk_delete
 .text.rt_sys_init
                0x000114d4       0xec C:/ProgramData/MATLAB/SupportPackages/R2020a/3P.instrset/cmsis.instrset/CMSIS/RTOS/RTX/LIB/GCC/libRTX_CM4.a(rt_task.o)
                0x000114d4                rt_sys_init
 .text.rt_sys_start
                0x000115c0       0x8c C:/ProgramData/MATLAB/SupportPackages/R2020a/3P.instrset/cmsis.instrset/CMSIS/RTOS/RTX/LIB/GCC/libRTX_CM4.a(rt_task.o)
                0x000115c0                rt_sys_start
 .text.OSA_TimeInit
                0x0001164c       0x44 C:/ProgramData/MATLAB/SupportPackages/R2020a/toolbox/target/supportpackages/freedomk64f/src/ksdk_armgcc_lib/bm/libksdk_platform.a(fsl_os_abstraction_bm.o)
                0x0001164c                OSA_TimeInit
 .text.OSA_TimeDiff
                0x00011690        0xe C:/ProgramData/MATLAB/SupportPackages/R2020a/toolbox/target/supportpackages/freedomk64f/src/ksdk_armgcc_lib/bm/libksdk_platform.a(fsl_os_abstraction_bm.o)
                0x00011690                OSA_TimeDiff
 *fill*         0x0001169e        0x2 
 .text.OSA_SemaCreate
                0x000116a0       0x2c C:/ProgramData/MATLAB/SupportPackages/R2020a/toolbox/target/supportpackages/freedomk64f/src/ksdk_armgcc_lib/bm/libksdk_platform.a(fsl_os_abstraction_bm.o)
                0x000116a0                OSA_SemaCreate
 .text.OSA_SemaPost
                0x000116cc       0x3c C:/ProgramData/MATLAB/SupportPackages/R2020a/toolbox/target/supportpackages/freedomk64f/src/ksdk_armgcc_lib/bm/libksdk_platform.a(fsl_os_abstraction_bm.o)
                0x000116cc                OSA_SemaPost
 .text.OSA_SemaDestroy
                0x00011708       0x20 C:/ProgramData/MATLAB/SupportPackages/R2020a/toolbox/target/supportpackages/freedomk64f/src/ksdk_armgcc_lib/bm/libksdk_platform.a(fsl_os_abstraction_bm.o)
                0x00011708                OSA_SemaDestroy
 .text.task_init
                0x00011728       0x38 C:/ProgramData/MATLAB/SupportPackages/R2020a/toolbox/target/supportpackages/freedomk64f/src/ksdk_armgcc_lib/bm/libksdk_platform.a(fsl_os_abstraction_bm.o)
                0x00011728                task_init
 .text.OSA_TimeGetMsec
                0x00011760        0xc C:/ProgramData/MATLAB/SupportPackages/R2020a/toolbox/target/supportpackages/freedomk64f/src/ksdk_armgcc_lib/bm/libksdk_platform.a(fsl_os_abstraction_bm.o)
                0x00011760                OSA_TimeGetMsec
 .text.OSA_TimeDelay
                0x0001176c       0x1c C:/ProgramData/MATLAB/SupportPackages/R2020a/toolbox/target/supportpackages/freedomk64f/src/ksdk_armgcc_lib/bm/libksdk_platform.a(fsl_os_abstraction_bm.o)
                0x0001176c                OSA_TimeDelay
 .text.OSA_Init
                0x00011788        0xe C:/ProgramData/MATLAB/SupportPackages/R2020a/toolbox/target/supportpackages/freedomk64f/src/ksdk_armgcc_lib/bm/libksdk_platform.a(fsl_os_abstraction_bm.o)
                0x00011788                OSA_Init
 *fill*         0x00011796        0x2 
 .text.CLOCK_SYS_SetMcgPeeToFbe
                0x00011798       0x34 C:/ProgramData/MATLAB/SupportPackages/R2020a/toolbox/target/supportpackages/freedomk64f/src/ksdk_armgcc_lib/bm/libksdk_platform.a(fsl_clock_manager.o)
 .text.CLOCK_SYS_SetMcgMode
                0x000117cc      0x124 C:/ProgramData/MATLAB/SupportPackages/R2020a/toolbox/target/supportpackages/freedomk64f/src/ksdk_armgcc_lib/bm/libksdk_platform.a(fsl_clock_manager.o)
                0x000117cc                CLOCK_SYS_SetMcgMode
 .text.CLOCK_SYS_SetOscerConfigration
                0x000118f0       0x1c C:/ProgramData/MATLAB/SupportPackages/R2020a/toolbox/target/supportpackages/freedomk64f/src/ksdk_armgcc_lib/bm/libksdk_platform.a(fsl_clock_manager.o)
                0x000118f0                CLOCK_SYS_SetOscerConfigration
 .text.CLOCK_SYS_OscInit
                0x0001190c       0x9c C:/ProgramData/MATLAB/SupportPackages/R2020a/toolbox/target/supportpackages/freedomk64f/src/ksdk_armgcc_lib/bm/libksdk_platform.a(fsl_clock_manager.o)
                0x0001190c                CLOCK_SYS_OscInit
 .text.CLOCK_SYS_RtcOscInit
                0x000119a8       0x68 C:/ProgramData/MATLAB/SupportPackages/R2020a/toolbox/target/supportpackages/freedomk64f/src/ksdk_armgcc_lib/bm/libksdk_platform.a(fsl_clock_manager.o)
                0x000119a8                CLOCK_SYS_RtcOscInit
 .text.SIM_HAL_GetGateCmd.constprop.8
                0x00011a10       0x20 C:/ProgramData/MATLAB/SupportPackages/R2020a/toolbox/target/supportpackages/freedomk64f/src/ksdk_armgcc_lib/bm/libksdk_platform.a(fsl_clock_MK64F12.o)
 .text.SIM_HAL_DisableClock.constprop.9
                0x00011a30       0x1c C:/ProgramData/MATLAB/SupportPackages/R2020a/toolbox/target/supportpackages/freedomk64f/src/ksdk_armgcc_lib/bm/libksdk_platform.a(fsl_clock_MK64F12.o)
 .text.SIM_HAL_EnableClock.constprop.10
                0x00011a4c       0x1c C:/ProgramData/MATLAB/SupportPackages/R2020a/toolbox/target/supportpackages/freedomk64f/src/ksdk_armgcc_lib/bm/libksdk_platform.a(fsl_clock_MK64F12.o)
 .text.CLOCK_SYS_GetCoreClockFreq
                0x00011a68       0x24 C:/ProgramData/MATLAB/SupportPackages/R2020a/toolbox/target/supportpackages/freedomk64f/src/ksdk_armgcc_lib/bm/libksdk_platform.a(fsl_clock_MK64F12.o)
                0x00011a68                CLOCK_SYS_GetCoreClockFreq
 .text.CLOCK_SYS_SetConfiguration
                0x00011a8c       0x94 C:/ProgramData/MATLAB/SupportPackages/R2020a/toolbox/target/supportpackages/freedomk64f/src/ksdk_armgcc_lib/bm/libksdk_platform.a(fsl_clock_MK64F12.o)
                0x00011a8c                CLOCK_SYS_SetConfiguration
 .text.CLOCK_SYS_FllStableDelay
                0x00011b20       0x1a C:/ProgramData/MATLAB/SupportPackages/R2020a/toolbox/target/supportpackages/freedomk64f/src/ksdk_armgcc_lib/bm/libksdk_platform.a(fsl_clock_MK64F12.o)
 *fill*         0x00011b3a        0x2 
 .text.CLOCK_SYS_GetBusClockFreq
                0x00011b3c       0x24 C:/ProgramData/MATLAB/SupportPackages/R2020a/toolbox/target/supportpackages/freedomk64f/src/ksdk_armgcc_lib/bm/libksdk_platform.a(fsl_clock_MK64F12.o)
                0x00011b3c                CLOCK_SYS_GetBusClockFreq
 .text.CLOCK_SYS_GetUartFreq
                0x00011b60       0x1a C:/ProgramData/MATLAB/SupportPackages/R2020a/toolbox/target/supportpackages/freedomk64f/src/ksdk_armgcc_lib/bm/libksdk_platform.a(fsl_clock_MK64F12.o)
                0x00011b60                CLOCK_SYS_GetUartFreq
 *fill*         0x00011b7a        0x2 
 .text.CLOCK_SYS_EnablePortClock
                0x00011b7c       0x30 C:/ProgramData/MATLAB/SupportPackages/R2020a/toolbox/target/supportpackages/freedomk64f/src/ksdk_armgcc_lib/bm/libksdk_platform.a(fsl_clock_MK64F12.o)
                0x00011b7c                CLOCK_SYS_EnablePortClock
 .text.CLOCK_SYS_EnableI2cClock
                0x00011bac       0x30 C:/ProgramData/MATLAB/SupportPackages/R2020a/toolbox/target/supportpackages/freedomk64f/src/ksdk_armgcc_lib/bm/libksdk_platform.a(fsl_clock_MK64F12.o)
                0x00011bac                CLOCK_SYS_EnableI2cClock
 .text.CLOCK_SYS_EnableUartClock
                0x00011bdc       0x30 C:/ProgramData/MATLAB/SupportPackages/R2020a/toolbox/target/supportpackages/freedomk64f/src/ksdk_armgcc_lib/bm/libksdk_platform.a(fsl_clock_MK64F12.o)
                0x00011bdc                CLOCK_SYS_EnableUartClock
 .text.CLOCK_SYS_DisableUartClock
                0x00011c0c       0x30 C:/ProgramData/MATLAB/SupportPackages/R2020a/toolbox/target/supportpackages/freedomk64f/src/ksdk_armgcc_lib/bm/libksdk_platform.a(fsl_clock_MK64F12.o)
                0x00011c0c                CLOCK_SYS_DisableUartClock
 .text.CLOCK_SYS_GetUartGateCmd
                0x00011c3c       0x30 C:/ProgramData/MATLAB/SupportPackages/R2020a/toolbox/target/supportpackages/freedomk64f/src/ksdk_armgcc_lib/bm/libksdk_platform.a(fsl_clock_MK64F12.o)
                0x00011c3c                CLOCK_SYS_GetUartGateCmd
 .text.INT_SYS_EnableIRQGlobal
                0x00011c6c       0x14 C:/ProgramData/MATLAB/SupportPackages/R2020a/toolbox/target/supportpackages/freedomk64f/src/ksdk_armgcc_lib/bm/libksdk_platform.a(fsl_interrupt_manager.o)
                0x00011c6c                INT_SYS_EnableIRQGlobal
 .text.INT_SYS_DisableIRQGlobal
                0x00011c80       0x10 C:/ProgramData/MATLAB/SupportPackages/R2020a/toolbox/target/supportpackages/freedomk64f/src/ksdk_armgcc_lib/bm/libksdk_platform.a(fsl_interrupt_manager.o)
                0x00011c80                INT_SYS_DisableIRQGlobal
 .text.INT_SYS_EnableIRQ
                0x00011c90       0x48 C:/ProgramData/MATLAB/SupportPackages/R2020a/toolbox/target/supportpackages/freedomk64f/src/ksdk_armgcc_lib/bm/libksdk_platform.a(fsl_edma_driver.o)
 .text.EDMA_DRV_ClaimChannel
                0x00011cd8       0x6c C:/ProgramData/MATLAB/SupportPackages/R2020a/toolbox/target/supportpackages/freedomk64f/src/ksdk_armgcc_lib/bm/libksdk_platform.a(fsl_edma_driver.o)
 .text.EDMA_DRV_Init
                0x00011d44       0x7c C:/ProgramData/MATLAB/SupportPackages/R2020a/toolbox/target/supportpackages/freedomk64f/src/ksdk_armgcc_lib/bm/libksdk_platform.a(fsl_edma_driver.o)
                0x00011d44                EDMA_DRV_Init
 .text.EDMA_DRV_InstallCallback
                0x00011dc0        0x8 C:/ProgramData/MATLAB/SupportPackages/R2020a/toolbox/target/supportpackages/freedomk64f/src/ksdk_armgcc_lib/bm/libksdk_platform.a(fsl_edma_driver.o)
                0x00011dc0                EDMA_DRV_InstallCallback
 .text.EDMA_DRV_RequestChannel
                0x00011dc8       0x70 C:/ProgramData/MATLAB/SupportPackages/R2020a/toolbox/target/supportpackages/freedomk64f/src/ksdk_armgcc_lib/bm/libksdk_platform.a(fsl_edma_driver.o)
                0x00011dc8                EDMA_DRV_RequestChannel
 .text.EDMA_DRV_ReleaseChannel
                0x00011e38       0x44 C:/ProgramData/MATLAB/SupportPackages/R2020a/toolbox/target/supportpackages/freedomk64f/src/ksdk_armgcc_lib/bm/libksdk_platform.a(fsl_edma_driver.o)
                0x00011e38                EDMA_DRV_ReleaseChannel
 .text.EDMA_DRV_IRQHandler
                0x00011e7c       0x30 C:/ProgramData/MATLAB/SupportPackages/R2020a/toolbox/target/supportpackages/freedomk64f/src/ksdk_armgcc_lib/bm/libksdk_platform.a(fsl_edma_driver.o)
                0x00011e7c                EDMA_DRV_IRQHandler
 .text.EDMA_DRV_ErrorIRQHandler
                0x00011eac       0x88 C:/ProgramData/MATLAB/SupportPackages/R2020a/toolbox/target/supportpackages/freedomk64f/src/ksdk_armgcc_lib/bm/libksdk_platform.a(fsl_edma_driver.o)
                0x00011eac                EDMA_DRV_ErrorIRQHandler
 .text.I2C_HAL_Init
                0x00011f34       0x1c C:/ProgramData/MATLAB/SupportPackages/R2020a/toolbox/target/supportpackages/freedomk64f/src/ksdk_armgcc_lib/bm/libksdk_platform.a(fsl_i2c_hal.o)
                0x00011f34                I2C_HAL_Init
 .text.I2C_HAL_SetBaudRate
                0x00011f50       0x70 C:/ProgramData/MATLAB/SupportPackages/R2020a/toolbox/target/supportpackages/freedomk64f/src/ksdk_armgcc_lib/bm/libksdk_platform.a(fsl_i2c_hal.o)
                0x00011f50                I2C_HAL_SetBaudRate
 .text.I2C_HAL_SendStart
                0x00011fc0       0x1c C:/ProgramData/MATLAB/SupportPackages/R2020a/toolbox/target/supportpackages/freedomk64f/src/ksdk_armgcc_lib/bm/libksdk_platform.a(fsl_i2c_hal.o)
                0x00011fc0                I2C_HAL_SendStart
 .text.I2C_HAL_SendStop
                0x00011fdc       0x4c C:/ProgramData/MATLAB/SupportPackages/R2020a/toolbox/target/supportpackages/freedomk64f/src/ksdk_armgcc_lib/bm/libksdk_platform.a(fsl_i2c_hal.o)
                0x00011fdc                I2C_HAL_SendStop
 .text.LPTMR_HAL_SetTimerWorkingMode
                0x00012028       0x3c C:/ProgramData/MATLAB/SupportPackages/R2020a/toolbox/target/supportpackages/freedomk64f/src/ksdk_armgcc_lib/bm/libksdk_platform.a(fsl_lptmr_hal.o)
                0x00012028                LPTMR_HAL_SetTimerWorkingMode
 .text.LPTMR_HAL_SetPrescalerMode
                0x00012064       0x1a C:/ProgramData/MATLAB/SupportPackages/R2020a/toolbox/target/supportpackages/freedomk64f/src/ksdk_armgcc_lib/bm/libksdk_platform.a(fsl_lptmr_hal.o)
                0x00012064                LPTMR_HAL_SetPrescalerMode
 .text.LPTMR_HAL_GetCounterValue
                0x0001207e        0xe C:/ProgramData/MATLAB/SupportPackages/R2020a/toolbox/target/supportpackages/freedomk64f/src/ksdk_armgcc_lib/bm/libksdk_platform.a(fsl_lptmr_hal.o)
                0x0001207e                LPTMR_HAL_GetCounterValue
 .text.CLOCK_HAL_TestOscFreq
                0x0001208c       0x28 C:/ProgramData/MATLAB/SupportPackages/R2020a/toolbox/target/supportpackages/freedomk64f/src/ksdk_armgcc_lib/bm/libksdk_platform.a(fsl_mcg_hal.o)
                0x0001208c                CLOCK_HAL_TestOscFreq
 .text.CLOCK_HAL_GetMcgExternalClkFreq
                0x000120b4        0xa C:/ProgramData/MATLAB/SupportPackages/R2020a/toolbox/target/supportpackages/freedomk64f/src/ksdk_armgcc_lib/bm/libksdk_platform.a(fsl_mcg_hal.o)
 .text.CLOCK_HAL_TestFllExternalRefFreq
                0x000120be       0x32 C:/ProgramData/MATLAB/SupportPackages/R2020a/toolbox/target/supportpackages/freedomk64f/src/ksdk_armgcc_lib/bm/libksdk_platform.a(fsl_mcg_hal.o)
                0x000120be                CLOCK_HAL_TestFllExternalRefFreq
 .text.CLOCK_HAL_GetFllRefClk
                0x000120f0       0x3c C:/ProgramData/MATLAB/SupportPackages/R2020a/toolbox/target/supportpackages/freedomk64f/src/ksdk_armgcc_lib/bm/libksdk_platform.a(fsl_mcg_hal.o)
                0x000120f0                CLOCK_HAL_GetFllRefClk
 .text.CLOCK_HAL_TestFllFreq
                0x0001212c       0x34 C:/ProgramData/MATLAB/SupportPackages/R2020a/toolbox/target/supportpackages/freedomk64f/src/ksdk_armgcc_lib/bm/libksdk_platform.a(fsl_mcg_hal.o)
                0x0001212c                CLOCK_HAL_TestFllFreq
 .text.CLOCK_HAL_GetFllClk
                0x00012160       0x36 C:/ProgramData/MATLAB/SupportPackages/R2020a/toolbox/target/supportpackages/freedomk64f/src/ksdk_armgcc_lib/bm/libksdk_platform.a(fsl_mcg_hal.o)
                0x00012160                CLOCK_HAL_GetFllClk
 .text.CLOCK_HAL_UpdateFastClkInternalRefDiv
                0x00012196       0x52 C:/ProgramData/MATLAB/SupportPackages/R2020a/toolbox/target/supportpackages/freedomk64f/src/ksdk_armgcc_lib/bm/libksdk_platform.a(fsl_mcg_hal.o)
                0x00012196                CLOCK_HAL_UpdateFastClkInternalRefDiv
 .text.CLOCK_HAL_GetPll0Clk
                0x000121e8       0x3e C:/ProgramData/MATLAB/SupportPackages/R2020a/toolbox/target/supportpackages/freedomk64f/src/ksdk_armgcc_lib/bm/libksdk_platform.a(fsl_mcg_hal.o)
                0x000121e8                CLOCK_HAL_GetPll0Clk
 .text.CLOCK_HAL_EnablePll0InFllMode
                0x00012226       0x38 C:/ProgramData/MATLAB/SupportPackages/R2020a/toolbox/target/supportpackages/freedomk64f/src/ksdk_armgcc_lib/bm/libksdk_platform.a(fsl_mcg_hal.o)
                0x00012226                CLOCK_HAL_EnablePll0InFllMode
 *fill*         0x0001225e        0x2 
 .text.CLOCK_HAL_GetInternalRefClk
                0x00012260       0x3c C:/ProgramData/MATLAB/SupportPackages/R2020a/toolbox/target/supportpackages/freedomk64f/src/ksdk_armgcc_lib/bm/libksdk_platform.a(fsl_mcg_hal.o)
                0x00012260                CLOCK_HAL_GetInternalRefClk
 .text.CLOCK_HAL_GetOutClk
                0x0001229c       0x22 C:/ProgramData/MATLAB/SupportPackages/R2020a/toolbox/target/supportpackages/freedomk64f/src/ksdk_armgcc_lib/bm/libksdk_platform.a(fsl_mcg_hal.o)
                0x0001229c                CLOCK_HAL_GetOutClk
 .text.CLOCK_HAL_SetOsc0Mode